../Drivers/CMSIS/Include/core_cm4.h:1688:22:__NVIC_EnableIRQ	16	static
../Drivers/CMSIS/Include/core_cm4.h:1724:22:__NVIC_DisableIRQ	16	static,ignoring_inline_asm
../Drivers/CMSIS/Include/core_cm4.h:1777:22:__NVIC_ClearPendingIRQ	16	static
../Drivers/CMSIS/Include/core_cm4.h:1816:22:__NVIC_SetPriority	16	static
../Core/Src/measuring.c:98:6:MEAS_GPIO_analog_init	16	static
../Core/Src/measuring.c:112:6:MEAS_ADC_reset	4	static
../Core/Src/measuring.c:123:13:MEAS_Buffer_reset	24	static
../Core/Src/measuring.c:135:6:MEAS_timer_init	16	static
../Core/Src/measuring.c:154:6:MEAS_ADC3_scan_init	16	static
../Core/Src/measuring.c:187:6:MEAS_ADC3_scan_start	8	static
../Core/Src/measuring.c:201:6:DMA2_Stream1_IRQHandler	8	static
../Core/Src/measuring.c:231:11:MEAS_start_measure	8	static
../Core/Src/measuring.c:246:9:MEAS_get_num_of_chan	4	static
../Core/Src/measuring.c:256:9:MEAS_get_num_of_samples	4	static
../Core/Src/measuring.c:266:10:MEAS_get_samp_freq	4	static
../Core/Src/measuring.c:279:6:OUTPUT_MEAS_timer_init	8	static
../Core/Src/measuring.c:329:6:MEAS_show_data	128	static
../Core/Src/measuring.c:473:6:TIM3_IRQHandler	8	static
