../Drivers/CMSIS/Include/core_cm4.h:1688:22:__NVIC_EnableIRQ	16	static
../Drivers/CMSIS/Include/core_cm4.h:1724:22:__NVIC_DisableIRQ	16	static,ignoring_inline_asm
../Drivers/CMSIS/Include/core_cm4.h:1777:22:__NVIC_ClearPendingIRQ	16	static
../Drivers/CMSIS/Include/core_cm4.h:1816:22:__NVIC_SetPriority	16	static
../Core/Src/measuring.c:97:6:MEAS_GPIO_analog_init	16	static
../Core/Src/measuring.c:111:6:MEAS_ADC_reset	4	static
../Core/Src/measuring.c:122:13:MEAS_Buffer_reset	24	static
../Core/Src/measuring.c:134:6:MEAS_timer_init	16	static
../Core/Src/measuring.c:153:6:MEAS_ADC3_scan_init	16	static
../Core/Src/measuring.c:186:6:MEAS_ADC3_scan_start	8	static
../Core/Src/measuring.c:200:6:DMA2_Stream1_IRQHandler	8	static
../Core/Src/measuring.c:230:11:MEAS_start_measure	8	static
../Core/Src/measuring.c:249:6:OUTPUT_MEAS_timer_init	8	static
../Core/Src/measuring.c:271:10:frequency_calculation	40	static
../Core/Src/measuring.c:295:6:MEAS_show_data	128	static
../Core/Src/measuring.c:431:6:TIM3_IRQHandler	8	static
