../Core/Src/menu.c:136:6:MENU_main	8	static
../Core/Src/menu.c:274:6:DISP_info_screen	16	static
../Core/Src/menu.c:339:6:MENU_draw	56	static
../Core/Src/menu.c:371:6:MENU_set_entry	24	static
../Core/Src/menu.c:382:6:MENU_hint	8	static
../Core/Src/menu.c:407:6:MENU_Measurements	8	static
../Core/Src/menu.c:423:6:MENU_Calibrations	8	static
../Core/Src/menu.c:439:6:MENU_Info	8	static
../Core/Src/menu.c:460:14:MENU_get_entry	64	static
../Core/Src/menu.c:479:13:MENU_get_transition	16	static
../Core/Src/menu.c:496:13:MENU_check_transition	32	static
../Core/Src/menu.c:544:6:EXTI15_10_IRQHandler	8	static
