Component: Arm Compiler for Embedded 6.19 Tool: armlink [5e73cb00]

==============================================================================

Section Cross References

    main.o(.text.main) refers to stm32f4xx_hal.o(.text.HAL_Init) for HAL_Init
    main.o(.text.main) refers to main.o(.text.SystemClock_Config) for SystemClock_Config
    main.o(.text.main) refers to system_stm32f4xx.o(.text.SystemCoreClockUpdate) for SystemCoreClockUpdate
    main.o(.text.main) refers to led_f429discovery.o(.text.LED_On) for LED_On
    main.o(.ARM.exidx.text.main) refers to main.o(.text.main) for [Anonymous Symbol]
    main.o(.text.SystemClock_Config) refers to stm32f4xx_hal_rcc.o(.text.HAL_RCC_OscConfig) for HAL_RCC_OscConfig
    main.o(.text.SystemClock_Config) refers to main.o(.text.Error_Handler) for Error_Handler
    main.o(.text.SystemClock_Config) refers to stm32f4xx_hal_rcc.o(.text.HAL_RCC_ClockConfig) for HAL_RCC_ClockConfig
    main.o(.text.SystemClock_Config) refers to stm32f4xx_hal.o(.text.HAL_GetREVID) for HAL_GetREVID
    main.o(.ARM.exidx.text.SystemClock_Config) refers to main.o(.text.SystemClock_Config) for [Anonymous Symbol]
    main.o(.ARM.exidx.text.Error_Handler) refers to main.o(.text.Error_Handler) for [Anonymous Symbol]
    thread.o(.text.blink_LED) refers to led_f429discovery.o(.text.LED_On) for LED_On
    thread.o(.text.blink_LED) refers to rt_cmsis.o(i.osDelay) for osDelay
    thread.o(.text.blink_LED) refers to led_f429discovery.o(.text.LED_Off) for LED_Off
    thread.o(.text.blink_LED) refers to rt_cmsis.o(i.osThreadYield) for osThreadYield
    thread.o(.ARM.exidx.text.blink_LED) refers to thread.o(.text.blink_LED) for [Anonymous Symbol]
    thread.o(.text.Init_blink_LED) refers to thread.o(.rodata.os_thread_def_blink_LED) for os_thread_def_blink_LED
    thread.o(.text.Init_blink_LED) refers to rt_cmsis.o(i.osThreadCreate) for osThreadCreate
    thread.o(.text.Init_blink_LED) refers to thread.o(.bss.tid_blink_LED) for tid_blink_LED
    thread.o(.ARM.exidx.text.Init_blink_LED) refers to thread.o(.text.Init_blink_LED) for [Anonymous Symbol]
    thread.o(.rodata.os_thread_def_blink_LED) refers to thread.o(.text.blink_LED) for blink_LED
    led_f429discovery.o(.text.LED_Initialize) refers to stm32f4xx_hal_gpio.o(.text.HAL_GPIO_Init) for HAL_GPIO_Init
    led_f429discovery.o(.ARM.exidx.text.LED_Initialize) refers to led_f429discovery.o(.text.LED_Initialize) for [Anonymous Symbol]
    led_f429discovery.o(.text.LED_Uninitialize) refers to stm32f4xx_hal_gpio.o(.text.HAL_GPIO_DeInit) for HAL_GPIO_DeInit
    led_f429discovery.o(.ARM.exidx.text.LED_Uninitialize) refers to led_f429discovery.o(.text.LED_Uninitialize) for [Anonymous Symbol]
    led_f429discovery.o(.text.LED_On) refers to led_f429discovery.o(.rodata.LED_PIN) for LED_PIN
    led_f429discovery.o(.text.LED_On) refers to stm32f4xx_hal_gpio.o(.text.HAL_GPIO_WritePin) for HAL_GPIO_WritePin
    led_f429discovery.o(.ARM.exidx.text.LED_On) refers to led_f429discovery.o(.text.LED_On) for [Anonymous Symbol]
    led_f429discovery.o(.text.LED_Off) refers to led_f429discovery.o(.rodata.LED_PIN) for LED_PIN
    led_f429discovery.o(.text.LED_Off) refers to stm32f4xx_hal_gpio.o(.text.HAL_GPIO_WritePin) for HAL_GPIO_WritePin
    led_f429discovery.o(.ARM.exidx.text.LED_Off) refers to led_f429discovery.o(.text.LED_Off) for [Anonymous Symbol]
    led_f429discovery.o(.text.LED_SetOut) refers to led_f429discovery.o(.text.LED_On) for LED_On
    led_f429discovery.o(.text.LED_SetOut) refers to led_f429discovery.o(.text.LED_Off) for LED_Off
    led_f429discovery.o(.ARM.exidx.text.LED_SetOut) refers to led_f429discovery.o(.text.LED_SetOut) for [Anonymous Symbol]
    led_f429discovery.o(.ARM.exidx.text.LED_GetCount) refers to led_f429discovery.o(.text.LED_GetCount) for [Anonymous Symbol]
    rtx_conf_cm.o(.text) refers (Special) to main.o(.ARM.use_no_argv) for __ARM_use_no_argv
    rtx_conf_cm.o(.text.os_idle_demon) refers (Special) to main.o(.ARM.use_no_argv) for __ARM_use_no_argv
    rtx_conf_cm.o(.ARM.exidx.text.os_idle_demon) refers (Special) to main.o(.ARM.use_no_argv) for __ARM_use_no_argv
    rtx_conf_cm.o(.ARM.exidx.text.os_idle_demon) refers to rtx_conf_cm.o(.text.os_idle_demon) for [Anonymous Symbol]
    rtx_conf_cm.o(.text.os_error) refers (Special) to main.o(.ARM.use_no_argv) for __ARM_use_no_argv
    rtx_conf_cm.o(.ARM.exidx.text.os_error) refers (Special) to main.o(.ARM.use_no_argv) for __ARM_use_no_argv
    rtx_conf_cm.o(.ARM.exidx.text.os_error) refers to rtx_conf_cm.o(.text.os_error) for [Anonymous Symbol]
    rtx_conf_cm.o(.text.__user_perthread_libspace) refers (Special) to main.o(.ARM.use_no_argv) for __ARM_use_no_argv
    rtx_conf_cm.o(.text.__user_perthread_libspace) refers to rt_cmsis.o(.data) for os_running
    rtx_conf_cm.o(.text.__user_perthread_libspace) refers to rt_task.o(i.rt_tsk_self) for rt_tsk_self
    rtx_conf_cm.o(.text.__user_perthread_libspace) refers to libspace.o(.bss) for __libspace_start
[...]
    ../clib/heapaux.c                        0x00000000   Number         0  heapauxi.o ABSOLUTE
    ../clib/libinit.s                        0x00000000   Number         0  libinit.o ABSOLUTE
    ../clib/libinit.s                        0x00000000   Number         0  libinit2.o ABSOLUTE
    ../clib/libinit.s                        0x00000000   Number         0  libshutdown.o ABSOLUTE
    ../clib/libinit.s                        0x00000000   Number         0  libshutdown2.o ABSOLUTE
    ../clib/longlong.s                       0x00000000   Number         0  lludivv7m.o ABSOLUTE
    ../clib/signal.c                         0x00000000   Number         0  defsig_fpe_outer.o ABSOLUTE
    ../clib/signal.c                         0x00000000   Number         0  defsig_fpe_formal.o ABSOLUTE
    ../clib/signal.c                         0x00000000   Number         0  defsig_exit.o ABSOLUTE
    ../clib/signal.c                         0x00000000   Number         0  defsig_fpe_inner.o ABSOLUTE
    ../clib/signal.c                         0x00000000   Number         0  __raise.o ABSOLUTE
    ../clib/signal.c                         0x00000000   Number         0  defsig_general.o ABSOLUTE
    ../clib/signal.c                         0x00000000   Number         0  defsig_abrt_inner.o ABSOLUTE
    ../clib/signal.c                         0x00000000   Number         0  defsig_rtred_inner.o ABSOLUTE
    ../clib/signal.c                         0x00000000   Number         0  defsig_rtmem_inner.o ABSOLUTE
    ../clib/signal.c                         0x00000000   Number         0  defsig_rtmem_outer.o ABSOLUTE
    ../clib/signal.c                         0x00000000   Number         0  defsig_rtmem_formal.o ABSOLUTE
    ../clib/signal.c                         0x00000000   Number         0  defsig_stak_inner.o ABSOLUTE
    ../clib/signal.c                         0x00000000   Number         0  defsig_pvfn_inner.o ABSOLUTE
    ../clib/signal.c                         0x00000000   Number         0  defsig_cppl_inner.o ABSOLUTE
    ../clib/signal.c                         0x00000000   Number         0  defsig_segv_inner.o ABSOLUTE
    ../clib/signal.c                         0x00000000   Number         0  defsig_other.o ABSOLUTE
    ../clib/signal.s                         0x00000000   Number         0  defsig.o ABSOLUTE
    ../clib/stdlib.c                         0x00000000   Number         0  exit.o ABSOLUTE
    ../fplib/fpinit.s                        0x00000000   Number         0  fpinit.o ABSOLUTE
    ..\HAL_CM.c                              0x00000000   Number         0  hal_cm.o ABSOLUTE
    ..\\rt_CMSIS.c                           0x00000000   Number         0  rt_cmsis.o ABSOLUTE
    ..\\rt_System.c                          0x00000000   Number         0  rt_system.o ABSOLUTE
    ..\rt_CMSIS.c                            0x00000000   Number         0  rt_cmsis.o ABSOLUTE
    ..\rt_Event.c                            0x00000000   Number         0  rt_event.o ABSOLUTE
    ..\rt_List.c                             0x00000000   Number         0  rt_list.o ABSOLUTE
    ..\rt_Mailbox.c                          0x00000000   Number         0  rt_mailbox.o ABSOLUTE
    ..\rt_MemBox.c                           0x00000000   Number         0  rt_membox.o ABSOLUTE
    ..\rt_Memory.c                           0x00000000   Number         0  rt_memory.o ABSOLUTE
    ..\rt_Mutex.c                            0x00000000   Number         0  rt_mutex.o ABSOLUTE
    ..\rt_Robin.c                            0x00000000   Number         0  rt_robin.o ABSOLUTE
    ..\rt_Semaphore.c                        0x00000000   Number         0  rt_semaphore.o ABSOLUTE
    ..\rt_System.c                           0x00000000   Number         0  rt_system.o ABSOLUTE
    ..\rt_Task.c                             0x00000000   Number         0  rt_task.o ABSOLUTE
    ..\rt_Time.c                             0x00000000   Number         0  rt_time.o ABSOLUTE
    HAL_CM4.c                                0x00000000   Number         0  hal_cm4.o ABSOLUTE
    HAL_CM4.c                                0x00000000   Number         0  hal_cm4.o ABSOLUTE
    LED_F429Discovery.c                      0x00000000   Number         0  led_f429discovery.o ABSOLUTE
    RTE/Device/STM32F429ZITx/startup_stm32f429xx.s 0x00000000   Number         0  startup_stm32f429xx.o ABSOLUTE
    RTX_Conf_CM.c                            0x00000000   Number         0  rtx_conf_cm.o ABSOLUTE
    SVC_Table.s                              0x00000000   Number         0  svc_table.o ABSOLUTE
    Thread.c                                 0x00000000   Number         0  thread.o ABSOLUTE
    dc.s                                     0x00000000   Number         0  dc.o ABSOLUTE
    main.c                                   0x00000000   Number         0  main.o ABSOLUTE
    stm32f4xx_hal.c                          0x00000000   Number         0  stm32f4xx_hal.o ABSOLUTE
    stm32f4xx_hal_cortex.c                   0x00000000   Number         0  stm32f4xx_hal_cortex.o ABSOLUTE
    stm32f4xx_hal_gpio.c                     0x00000000   Number         0  stm32f4xx_hal_gpio.o ABSOLUTE
    stm32f4xx_hal_pwr.c                      0x00000000   Number         0  stm32f4xx_hal_pwr.o ABSOLUTE
    stm32f4xx_hal_pwr_ex.c                   0x00000000   Number         0  stm32f4xx_hal_pwr_ex.o ABSOLUTE
    stm32f4xx_hal_rcc.c                      0x00000000   Number         0  stm32f4xx_hal_rcc.o ABSOLUTE
    stm32f4xx_hal_rcc_ex.c                   0x00000000   Number         0  stm32f4xx_hal_rcc_ex.o ABSOLUTE
    system_stm32f4xx.c                       0x00000000   Number         0  system_stm32f4xx.o ABSOLUTE
    RESET                                    0x08000000   Section      428  startup_stm32f429xx.o(RESET)
    !!!main                                  0x080001ac   Section        8  __main.o(!!!main)
    !!!scatter                               0x080001b4   Section       52  __scatter.o(!!!scatter)
    !!handler_copy                           0x080001e8   Section       26  __scatter_copy.o(!!handler_copy)
    !!handler_zi                             0x08000204   Section       28  __scatter_zi.o(!!handler_zi)
    .ARM.Collect$$libinit$$00000000          0x08000220   Section        2  libinit.o(.ARM.Collect$$libinit$$00000000)
    .ARM.Collect$$libinit$$00000001          0x08000222   Section        4  libinit2.o(.ARM.Collect$$libinit$$00000001)
    .ARM.Collect$$libinit$$00000004          0x08000226   Section        0  libinit2.o(.ARM.Collect$$libinit$$00000004)
    .ARM.Collect$$libinit$$00000006          0x08000226   Section        0  libinit2.o(.ARM.Collect$$libinit$$00000006)
    .ARM.Collect$$libinit$$0000000C          0x08000226   Section        0  libinit2.o(.ARM.Collect$$libinit$$0000000C)
    .ARM.Collect$$libinit$$0000000E          0x08000226   Section        0  libinit2.o(.ARM.Collect$$libinit$$0000000E)
    .ARM.Collect$$libinit$$00000010          0x08000226   Section        0  libinit2.o(.ARM.Collect$$libinit$$00000010)
    .ARM.Collect$$libinit$$00000013          0x08000226   Section        0  libinit2.o(.ARM.Collect$$libinit$$00000013)
    .ARM.Collect$$libinit$$00000015          0x08000226   Section        0  libinit2.o(.ARM.Collect$$libinit$$00000015)
    .ARM.Collect$$libinit$$00000017          0x08000226   Section        0  libinit2.o(.ARM.Collect$$libinit$$00000017)
    .ARM.Collect$$libinit$$00000019          0x08000226   Section        0  libinit2.o(.ARM.Collect$$libinit$$00000019)
    .ARM.Collect$$libinit$$0000001B          0x08000226   Section        0  libinit2.o(.ARM.Collect$$libinit$$0000001B)
    .ARM.Collect$$libinit$$0000001D          0x08000226   Section        0  libinit2.o(.ARM.Collect$$libinit$$0000001D)
    .ARM.Collect$$libinit$$0000001F          0x08000226   Section        0  libinit2.o(.ARM.Collect$$libinit$$0000001F)
    .ARM.Collect$$libinit$$00000021          0x08000226   Section        0  libinit2.o(.ARM.Collect$$libinit$$00000021)
    .ARM.Collect$$libinit$$00000023          0x08000226   Section        0  libinit2.o(.ARM.Collect$$libinit$$00000023)
    .ARM.Collect$$libinit$$00000025          0x08000226   Section        0  libinit2.o(.ARM.Collect$$libinit$$00000025)
    .ARM.Collect$$libinit$$00000027          0x08000226   Section        0  libinit2.o(.ARM.Collect$$libinit$$00000027)
    .ARM.Collect$$libinit$$0000002E          0x08000226   Section        0  libinit2.o(.ARM.Collect$$libinit$$0000002E)
    .ARM.Collect$$libinit$$00000030          0x08000226   Section        0  libinit2.o(.ARM.Collect$$libinit$$00000030)
    .ARM.Collect$$libinit$$00000032          0x08000226   Section        0  libinit2.o(.ARM.Collect$$libinit$$00000032)
    .ARM.Collect$$libinit$$00000034          0x08000226   Section        0  libinit2.o(.ARM.Collect$$libinit$$00000034)
    .ARM.Collect$$libinit$$00000035          0x08000226   Section        2  libinit2.o(.ARM.Collect$$libinit$$00000035)
    .ARM.Collect$$libshutdown$$00000000      0x08000228   Section        2  libshutdown.o(.ARM.Collect$$libshutdown$$00000000)
    .ARM.Collect$$libshutdown$$00000002      0x0800022a   Section        0  libshutdown2.o(.ARM.Collect$$libshutdown$$00000002)
    .ARM.Collect$$libshutdown$$00000004      0x0800022a   Section        0  libshutdown2.o(.ARM.Collect$$libshutdown$$00000004)
    .ARM.Collect$$libshutdown$$00000007      0x0800022a   Section        0  libshutdown2.o(.ARM.Collect$$libshutdown$$00000007)
    .ARM.Collect$$libshutdown$$0000000A      0x0800022a   Section        0  libshutdown2.o(.ARM.Collect$$libshutdown$$0000000A)
    .ARM.Collect$$libshutdown$$0000000C      0x0800022a   Section        0  libshutdown2.o(.ARM.Collect$$libshutdown$$0000000C)
    .ARM.Collect$$libshutdown$$0000000F      0x0800022a   Section        0  libshutdown2.o(.ARM.Collect$$libshutdown$$0000000F)
    .ARM.Collect$$libshutdown$$00000010      0x0800022a   Section        2  libshutdown2.o(.ARM.Collect$$libshutdown$$00000010)
    .ARM.Collect$$rtentry$$00000000          0x0800022c   Section        0  __rtentry.o(.ARM.Collect$$rtentry$$00000000)
    .ARM.Collect$$rtentry$$00000002          0x0800022c   Section        0  __rtentry2.o(.ARM.Collect$$rtentry$$00000002)
    .ARM.Collect$$rtentry$$00000004          0x0800022c   Section        6  __rtentry4.o(.ARM.Collect$$rtentry$$00000004)
    .ARM.Collect$$rtentry$$00000009          0x08000232   Section        0  __rtentry2.o(.ARM.Collect$$rtentry$$00000009)
    .ARM.Collect$$rtentry$$0000000A          0x08000232   Section        4  __rtentry2.o(.ARM.Collect$$rtentry$$0000000A)
    .ARM.Collect$$rtentry$$0000000B          0x08000236   Section        8  __rtentry2.o(.ARM.Collect$$rtentry$$0000000B)
    .ARM.Collect$$rtentry$$0000000D          0x0800023e   Section        8  __rtentry2.o(.ARM.Collect$$rtentry$$0000000D)
    .ARM.Collect$$rtexit$$00000000           0x08000246   Section        2  rtexit.o(.ARM.Collect$$rtexit$$00000000)
    .ARM.Collect$$rtexit$$00000002           0x08000248   Section        0  rtexit2.o(.ARM.Collect$$rtexit$$00000002)
    .ARM.Collect$$rtexit$$00000003           0x08000248   Section        4  rtexit2.o(.ARM.Collect$$rtexit$$00000003)
    .ARM.Collect$$rtexit$$00000004           0x0800024c   Section        6  rtexit2.o(.ARM.Collect$$rtexit$$00000004)
    $v0                                      0x08000254   Number         0  hal_cm4.o(.emb_text)
    .emb_text                                0x08000254   Section      408  hal_cm4.o(.emb_text)
    $v0                                      0x080003ec   Number         0  startup_stm32f429xx.o(.text)
    .text                                    0x080003ec   Section       64  startup_stm32f429xx.o(.text)
    .text                                    0x0800042c   Section        8  libspace.o(.text)
    .text                                    0x08000434   Section      240  lludivv7m.o(.text)
    .text                                    0x08000524   Section        0  heapauxi.o(.text)
    .text                                    0x0800052a   Section       74  sys_stackheap_outer.o(.text)
    .text                                    0x08000574   Section        0  exit.o(.text)
    .text                                    0x08000588   Section        0  sys_exit.o(.text)
    .text                                    0x08000594   Section        2  use_no_semi.o(.text)
    .text                                    0x08000596   Section        0  indicate_semi.o(.text)
    Error_Handler                            0x08000599   Thumb Code     4  main.o(.text.Error_Handler)
    [Anonymous Symbol]                       0x08000598   Section        0  main.o(.text.Error_Handler)
    [Anonymous Symbol]                       0x0800059c   Section        0  stm32f4xx_hal_gpio.o(.text.HAL_GPIO_WritePin)
    [Anonymous Symbol]                       0x080005cc   Section        0  stm32f4xx_hal.o(.text.HAL_GetREVID)
    [Anonymous Symbol]                       0x080005dc   Section        0  stm32f4xx_hal.o(.text.HAL_GetTick)
    [Anonymous Symbol]                       0x080005e8   Section        0  stm32f4xx_hal.o(.text.HAL_Init)
    [Anonymous Symbol]                       0x08000618   Section        0  stm32f4xx_hal.o(.text.HAL_InitTick)
    [Anonymous Symbol]                       0x08000688   Section        0  stm32f4xx_hal.o(.text.HAL_MspInit)
    [Anonymous Symbol]                       0x0800068c   Section        0  stm32f4xx_hal_cortex.o(.text.HAL_NVIC_SetPriority)
    [Anonymous Symbol]                       0x080006c0   Section        0  stm32f4xx_hal_cortex.o(.text.HAL_NVIC_SetPriorityGrouping)
    [Anonymous Symbol]                       0x080006d0   Section        0  stm32f4xx_hal_rcc.o(.text.HAL_RCC_ClockConfig)
    [Anonymous Symbol]                       0x08000934   Section        0  stm32f4xx_hal_rcc.o(.text.HAL_RCC_GetSysClockFreq)
    [Anonymous Symbol]                       0x08000a1c   Section        0  stm32f4xx_hal_rcc.o(.text.HAL_RCC_OscConfig)
    [Anonymous Symbol]                       0x080010dc   Section        0  stm32f4xx_hal_cortex.o(.text.HAL_SYSTICK_Config)
    [Anonymous Symbol]                       0x080010ec   Section        0  led_f429discovery.o(.text.LED_On)
    NVIC_EncodePriority                      0x08001129   Thumb Code   108  stm32f4xx_hal_cortex.o(.text.NVIC_EncodePriority)
    [Anonymous Symbol]                       0x08001128   Section        0  stm32f4xx_hal_cortex.o(.text.NVIC_EncodePriority)
    SysTick_Config                           0x08001195   Thumb Code    82  stm32f4xx_hal_cortex.o(.text.SysTick_Config)
    [Anonymous Symbol]                       0x08001194   Section        0  stm32f4xx_hal_cortex.o(.text.SysTick_Config)
    SystemClock_Config                       0x080011e9   Thumb Code   202  main.o(.text.SystemClock_Config)
    [Anonymous Symbol]                       0x080011e8   Section        0  main.o(.text.SystemClock_Config)
    [Anonymous Symbol]                       0x080012b4   Section        0  system_stm32f4xx.o(.text.SystemCoreClockUpdate)
    [Anonymous Symbol]                       0x080013e4   Section        0  system_stm32f4xx.o(.text.SystemInit)
    __NVIC_GetPriorityGrouping               0x080013f9   Thumb Code    16  stm32f4xx_hal_cortex.o(.text.__NVIC_GetPriorityGrouping)
    [Anonymous Symbol]                       0x080013f8   Section        0  stm32f4xx_hal_cortex.o(.text.__NVIC_GetPriorityGrouping)
    __NVIC_SetPriority                       0x08001409   Thumb Code    66  stm32f4xx_hal_cortex.o(.text.__NVIC_SetPriority)
    [Anonymous Symbol]                       0x08001408   Section        0  stm32f4xx_hal_cortex.o(.text.__NVIC_SetPriority)
    __NVIC_SetPriorityGrouping               0x0800144d   Thumb Code    60  stm32f4xx_hal_cortex.o(.text.__NVIC_SetPriorityGrouping)
    [Anonymous Symbol]                       0x0800144c   Section        0  stm32f4xx_hal_cortex.o(.text.__NVIC_SetPriorityGrouping)
    __tagsym$$used.0                         0x08001488   Number         0  rtx_conf_cm.o(.text._mutex_acquire)
    [Anonymous Symbol]                       0x08001488   Section        0  rtx_conf_cm.o(.text._mutex_acquire)
    __tagsym$$used.1                         0x080014d0   Number         0  rtx_conf_cm.o(.text._mutex_release)
    [Anonymous Symbol]                       0x080014d0   Section        0  rtx_conf_cm.o(.text._mutex_release)
    [Anonymous Symbol]                       0x08001508   Section        0  rtx_conf_cm.o(.text._platform_post_lib_init)
    [Anonymous Symbol]                       0x08001524   Section        0  main.o(.text.main)
    [Anonymous Symbol]                       0x08001544   Section        0  rtx_conf_cm.o(.text.os_error)
    [Anonymous Symbol]                       0x0800156c   Section        0  rtx_conf_cm.o(.text.os_idle_demon)
    SVC_TABLE                                0x08001570   Section        4  svc_table.o(SVC_TABLE)
    i._init_box                              0x08001574   Section        0  rt_membox.o(i._init_box)
    i.dbg_init                               0x080015bc   Section        0  hal_cm.o(i.dbg_init)
    i.dbg_task_notify                        0x080015ec   Section        0  hal_cm.o(i.dbg_task_notify)
    i.dbg_task_switch                        0x0800160c   Section        0  hal_cm.o(i.dbg_task_switch)
    i.isrMessageGet                          0x0800161c   Section        0  rt_cmsis.o(i.isrMessageGet)
    i.isrMessagePut                          0x08001646   Section        0  rt_cmsis.o(i.isrMessagePut)
    i.isr_mbx_receive                        0x08001674   Section        0  rt_mailbox.o(i.isr_mbx_receive)
    i.isr_mbx_send                           0x080016ca   Section        0  rt_mailbox.o(i.isr_mbx_send)
    i.osKernelInitialize                     0x080016d8   Section        0  rt_cmsis.o(i.osKernelInitialize)
    i.osKernelStart                          0x080016fc   Section        0  rt_cmsis.o(i.osKernelStart)
    i.osMessageGet                           0x08001768   Section        0  rt_cmsis.o(i.osMessageGet)
    i.osThreadCreate                         0x08001780   Section        0  rt_cmsis.o(i.osThreadCreate)
    i.osThreadExit                           0x080017ac   Section        0  rt_cmsis.o(i.osThreadExit)
    i.osTimerCall                            0x080017c4   Section        0  rt_cmsis.o(i.osTimerCall)
    i.osTimerThread                          0x080017d0   Section        0  rt_cmsis.o(i.osTimerThread)
    i.os_tick_init                           0x080017fc   Section        0  rt_system.o(i.os_tick_init)
    i.os_tick_irqack                         0x08001824   Section        0  rt_system.o(i.os_tick_irqack)
    i.rt_alloc_box                           0x08001826   Section        0  rt_membox.o(i.rt_alloc_box)
    i.rt_alloc_mem                           0x08001840   Section        0  rt_memory.o(i.rt_alloc_mem)
    i.rt_block                               0x08001880   Section        0  rt_task.o(i.rt_block)
    i.rt_chk_robin                           0x080018b8   Section        0  rt_robin.o(i.rt_chk_robin)
    i.rt_dec_dly                             0x08001900   Section        0  rt_list.o(i.rt_dec_dly)
    i.rt_dispatch                            0x08001970   Section        0  rt_task.o(i.rt_dispatch)
    i.rt_evt_psh                             0x080019b4   Section        0  rt_event.o(i.rt_evt_psh)
    i.rt_free_box                            0x08001a04   Section        0  rt_membox.o(i.rt_free_box)
    i.rt_free_mem                            0x08001a30   Section        0  rt_memory.o(i.rt_free_mem)
    i.rt_get_first                           0x08001a58   Section        0  rt_list.o(i.rt_get_first)
    rt_id2obj                                0x08001a81   Thumb Code     8  rt_cmsis.o(i.rt_id2obj)
    i.rt_id2obj                              0x08001a80   Section        0  rt_cmsis.o(i.rt_id2obj)
    rt_init_context                          0x08001a89   Thumb Code    66  rt_task.o(i.rt_init_context)
    i.rt_init_context                        0x08001a88   Section        0  rt_task.o(i.rt_init_context)
    i.rt_init_mem                            0x08001ad0   Section        0  rt_memory.o(i.rt_init_mem)
    i.rt_init_robin                          0x08001aec   Section        0  rt_robin.o(i.rt_init_robin)
    i.rt_init_stack                          0x08001b04   Section        0  hal_cm.o(i.rt_init_stack)
    i.rt_mbx_check                           0x08001b84   Section        0  rt_mailbox.o(i.rt_mbx_check)
    i.rt_mbx_init                            0x08001b8c   Section        0  rt_mailbox.o(i.rt_mbx_init)
    i.rt_mbx_psh                             0x08001ba8   Section        0  rt_mailbox.o(i.rt_mbx_psh)
    i.rt_mbx_wait                            0x08001c98   Section        0  rt_mailbox.o(i.rt_mbx_wait)
    rt_ms2tick                               0x08001d4d   Thumb Code    58  rt_cmsis.o(i.rt_ms2tick)
    i.rt_ms2tick                             0x08001d4c   Section        0  rt_cmsis.o(i.rt_ms2tick)
    i.rt_mut_release                         0x08001d90   Section        0  rt_mutex.o(i.rt_mut_release)
    i.rt_mut_wait                            0x08001e68   Section        0  rt_mutex.o(i.rt_mut_wait)
    i.rt_pop_req                             0x08001ee0   Section        0  rt_system.o(i.rt_pop_req)
    i.rt_psh_req                             0x08001f5c   Section        0  rt_system.o(i.rt_psh_req)
    i.rt_psq_enq                             0x08001f7c   Section        0  rt_list.o(i.rt_psq_enq)
    i.rt_put_dly                             0x08001fd8   Section        0  rt_list.o(i.rt_put_dly)
    i.rt_put_prio                            0x08002020   Section        0  rt_list.o(i.rt_put_prio)
    i.rt_put_rdy_first                       0x08002058   Section        0  rt_list.o(i.rt_put_rdy_first)
    i.rt_resort_prio                         0x0800206c   Section        0  rt_list.o(i.rt_resort_prio)
    rt_ret_regs                              0x080020a1   Thumb Code    16  hal_cm.o(i.rt_ret_regs)
    i.rt_ret_regs                            0x080020a0   Section        0  hal_cm.o(i.rt_ret_regs)
    i.rt_ret_val                             0x080020b0   Section        0  hal_cm.o(i.rt_ret_val)
    i.rt_ret_val2                            0x080020bc   Section        0  hal_cm.o(i.rt_ret_val2)
    i.rt_rmv_dly                             0x080020cc   Section        0  rt_list.o(i.rt_rmv_dly)
    i.rt_rmv_list                            0x080020f4   Section        0  rt_list.o(i.rt_rmv_list)
    i.rt_sem_psh                             0x08002124   Section        0  rt_semaphore.o(i.rt_sem_psh)
    i.rt_stk_check                           0x08002158   Section        0  rt_system.o(i.rt_stk_check)
    i.rt_switch_req                          0x0800217c   Section        0  rt_task.o(i.rt_switch_req)
    i.rt_sys_init                            0x080021a4   Section        0  rt_task.o(i.rt_sys_init)
    i.rt_sys_start                           0x08002270   Section        0  rt_task.o(i.rt_sys_start)
    i.rt_systick                             0x080022e8   Section        0  rt_system.o(i.rt_systick)
    rt_tid2ptcb                              0x08002329   Thumb Code    18  rt_cmsis.o(i.rt_tid2ptcb)
    i.rt_tid2ptcb                            0x08002328   Section        0  rt_cmsis.o(i.rt_tid2ptcb)
    rt_timer_insert                          0x0800233d   Thumb Code    48  rt_cmsis.o(i.rt_timer_insert)
    i.rt_timer_insert                        0x0800233c   Section        0  rt_cmsis.o(i.rt_timer_insert)
    i.rt_tsk_create                          0x08002370   Section        0  rt_task.o(i.rt_tsk_create)
    i.rt_tsk_delete                          0x080023f8   Section        0  rt_task.o(i.rt_tsk_delete)
    i.rt_tsk_prio                            0x08002574   Section        0  rt_task.o(i.rt_tsk_prio)
    i.rt_tsk_self                            0x080025f0   Section        0  rt_task.o(i.rt_tsk_self)
    i.svcKernelInitialize                    0x08002600   Section        0  rt_cmsis.o(i.svcKernelInitialize)
    i.svcKernelStart                         0x08002670   Section        0  rt_cmsis.o(i.svcKernelStart)
    i.svcMessageCreate                       0x080026b8   Section        0  rt_cmsis.o(i.svcMessageCreate)
    i.svcMessageGet                          0x080026dc   Section        0  rt_cmsis.o(i.svcMessageGet)
    i.svcThreadCreate                        0x08002718   Section        0  rt_cmsis.o(i.svcThreadCreate)
    i.svcThreadGetId                         0x08002784   Section        0  rt_cmsis.o(i.svcThreadGetId)
    i.svcThreadTerminate                     0x080027a0   Section        0  rt_cmsis.o(i.svcThreadTerminate)
    i.svcTimerCall                           0x080027d8   Section        0  rt_cmsis.o(i.svcTimerCall)
    i.sysTimerTick                           0x080027f0   Section        0  rt_cmsis.o(i.sysTimerTick)
    $v0                                      0x0800284c   Number         0  fpinit.o(x$fpl$fpinit)
    x$fpl$fpinit                             0x0800284c   Section       26  fpinit.o(x$fpl$fpinit)
    __tagsym$$used.2                         0x08002878   Number         0  rtx_conf_cm.o(.rodata.CMSIS_RTOS_API_Version)
    __tagsym$$used.3                         0x0800287c   Number         0  rtx_conf_cm.o(.rodata.CMSIS_RTOS_RTX_Version)
    LED_PIN                                  0x08002880   Data          16  led_f429discovery.o(.rodata.LED_PIN)
    [Anonymous Symbol]                       0x08002880   Section        0  led_f429discovery.o(.rodata.LED_PIN)
    __tagsym$$used.4                         0x08002898   Number         0  rtx_conf_cm.o(.rodata.os_clockrate)
    __tagsym$$used.5                         0x080028d4   Number         0  rtx_conf_cm.o(.rodata.os_timernum)
    .data                                    0x20000004   Section        8  rt_cmsis.o(.data)
    .data                                    0x2000000c   Section        8  rt_task.o(.data)
    os_lock                                  0x20000014   Data           1  rt_system.o(.data)
    .data                                    0x20000014   Section        8  rt_system.o(.data)
    os_psh_flag                              0x20000015   Data           1  rt_system.o(.data)
    pend_flags                               0x20000016   Data           1  rt_system.o(.data)
    .data                                    0x2000001c   Section        4  rt_time.o(.data)
    .data                                    0x20000020   Section        8  rt_robin.o(.data)
    .data                                    0x20000028   Section        1  hal_cm.o(.data)
    .bss                                     0x20000038   Section       52  rt_task.o(.bss)
    .bss                                     0x2000006c   Section       48  rt_list.o(.bss)
    .bss                                     0x2000009c   Section       96  libspace.o(.bss)
    Heap_Mem                                 0x200009b8   Data         512  startup_stm32f429xx.o(HEAP)
    HEAP                                     0x200009b8   Section      512  startup_stm32f429xx.o(HEAP)
    Stack_Mem                                0x20000bb8   Data        1024  startup_stm32f429xx.o(STACK)
    STACK                                    0x20000bb8   Section     1024  startup_stm32f429xx.o(STACK)
    __initial_sp                             0x20000fb8   Data           0  startup_stm32f429xx.o(STACK)

    Global Symbols

    Symbol Name                              Value     Ov Type        Size  Object(Section)

    BuildAttributes$$THM_ISAv4$E$P$D$K$B$S$7EM$VFPi3$EXTD16$VFPS$VFMA$PE$A:L22UL41UL21$X:L11$S22US41US21$IEEE1$IW$~IW$USESV6$~STKCKD$USESV7$~SHL$OSPACE$ROPI$EBA8$UX$STANDARDLIB$REQ8$PRES8$EABIv2 0x00000000   Number         0  anon$$obj.o ABSOLUTE
    __ARM_exceptions_init                     - Undefined Weak Reference
    __alloca_initialize                       - Undefined Weak Reference
    __arm_preinit_                            - Undefined Weak Reference
    __arm_relocate_pie_                       - Undefined Weak Reference
    __cpp_initialize__aeabi_                  - Undefined Weak Reference
    __cxa_finalize                            - Undefined Weak Reference
    __rt_locale                               - Undefined Weak Reference
    __sigvec_lookup                           - Undefined Weak Reference
    _atexit_init                              - Undefined Weak Reference
    _call_atexit_fns                          - Undefined Weak Reference
    _clock_init                               - Undefined Weak Reference
    _fp_trap_init                             - Undefined Weak Reference
    _fp_trap_shutdown                         - Undefined Weak Reference
    _get_lc_collate                           - Undefined Weak Reference
    _get_lc_ctype                             - Undefined Weak Reference
    _get_lc_monetary                          - Undefined Weak Reference
    _get_lc_numeric                           - Undefined Weak Reference
    _get_lc_time                              - Undefined Weak Reference
    _getenv_init                              - Undefined Weak Reference
    _handle_redirection                       - Undefined Weak Reference
    _init_alloc                               - Undefined Weak Reference
    _init_user_alloc                          - Undefined Weak Reference
    _initio                                   - Undefined Weak Reference
    _rand_init                                - Undefined Weak Reference
    _signal_finish                            - Undefined Weak Reference
    _signal_init                              - Undefined Weak Reference
    _terminate_alloc                          - Undefined Weak Reference
    _terminate_user_alloc                     - Undefined Weak Reference
    _terminateio                              - Undefined Weak Reference
    __Vectors_Size                           0x000001ac   Number         0  startup_stm32f429xx.o ABSOLUTE
    __RL_RTX_VER                             0x00000482   Number         0  rt_system.o ABSOLUTE
    __Vectors                                0x08000000   Data           4  startup_stm32f429xx.o(RESET)
    __Vectors_End                            0x080001ac   Data           0  startup_stm32f429xx.o(RESET)
    __main                                   0x080001ad   Thumb Code     8  __main.o(!!!main)
    __scatterload                            0x080001b5   Thumb Code     0  __scatter.o(!!!scatter)
    __scatterload_rt2                        0x080001b5   Thumb Code    44  __scatter.o(!!!scatter)
    __scatterload_rt2_thumb_only             0x080001b5   Thumb Code     0  __scatter.o(!!!scatter)
    __scatterload_null                       0x080001c3   Thumb Code     0  __scatter.o(!!!scatter)
    __scatterload_copy                       0x080001e9   Thumb Code    26  __scatter_copy.o(!!handler_copy)
    __scatterload_zeroinit                   0x08000205   Thumb Code    28  __scatter_zi.o(!!handler_zi)
    __rt_lib_init                            0x08000221   Thumb Code     0  libinit.o(.ARM.Collect$$libinit$$00000000)
    __rt_lib_init_fp_1                       0x08000223   Thumb Code     0  libinit2.o(.ARM.Collect$$libinit$$00000001)
    __rt_lib_init_alloca_1                   0x08000227   Thumb Code     0  libinit2.o(.ARM.Collect$$libinit$$00000030)
    __rt_lib_init_argv_1                     0x08000227   Thumb Code     0  libinit2.o(.ARM.Collect$$libinit$$0000002E)
    __rt_lib_init_atexit_1                   0x08000227   Thumb Code     0  libinit2.o(.ARM.Collect$$libinit$$0000001D)
    __rt_lib_init_clock_1                    0x08000227   Thumb Code     0  libinit2.o(.ARM.Collect$$libinit$$00000023)
    __rt_lib_init_cpp_1                      0x08000227   Thumb Code     0  libinit2.o(.ARM.Collect$$libinit$$00000034)
    __rt_lib_init_exceptions_1               0x08000227   Thumb Code     0  libinit2.o(.ARM.Collect$$libinit$$00000032)
    __rt_lib_init_fp_trap_1                  0x08000227   Thumb Code     0  libinit2.o(.ARM.Collect$$libinit$$00000021)
    __rt_lib_init_getenv_1                   0x08000227   Thumb Code     0  libinit2.o(.ARM.Collect$$libinit$$00000025)
    __rt_lib_init_heap_1                     0x08000227   Thumb Code     0  libinit2.o(.ARM.Collect$$libinit$$0000000C)
    __rt_lib_init_lc_collate_1               0x08000227   Thumb Code     0  libinit2.o(.ARM.Collect$$libinit$$00000013)
    __rt_lib_init_lc_ctype_1                 0x08000227   Thumb Code     0  libinit2.o(.ARM.Collect$$libinit$$00000015)
    __rt_lib_init_lc_monetary_1              0x08000227   Thumb Code     0  libinit2.o(.ARM.Collect$$libinit$$00000017)
    __rt_lib_init_lc_numeric_1               0x08000227   Thumb Code     0  libinit2.o(.ARM.Collect$$libinit$$00000019)
    __rt_lib_init_lc_time_1                  0x08000227   Thumb Code     0  libinit2.o(.ARM.Collect$$libinit$$0000001B)
    __rt_lib_init_preinit_1                  0x08000227   Thumb Code     0  libinit2.o(.ARM.Collect$$libinit$$00000006)
    __rt_lib_init_rand_1                     0x08000227   Thumb Code     0  libinit2.o(.ARM.Collect$$libinit$$00000010)
    __rt_lib_init_relocate_pie_1             0x08000227   Thumb Code     0  libinit2.o(.ARM.Collect$$libinit$$00000004)
    __rt_lib_init_return                     0x08000227   Thumb Code     0  libinit2.o(.ARM.Collect$$libinit$$00000035)
    __rt_lib_init_signal_1                   0x08000227   Thumb Code     0  libinit2.o(.ARM.Collect$$libinit$$0000001F)
    __rt_lib_init_stdio_1                    0x08000227   Thumb Code     0  libinit2.o(.ARM.Collect$$libinit$$00000027)
    __rt_lib_init_user_alloc_1               0x08000227   Thumb Code     0  libinit2.o(.ARM.Collect$$libinit$$0000000E)
    __rt_lib_shutdown                        0x08000229   Thumb Code     0  libshutdown.o(.ARM.Collect$$libshutdown$$00000000)
    __rt_lib_shutdown_cpp_1                  0x0800022b   Thumb Code     0  libshutdown2.o(.ARM.Collect$$libshutdown$$00000002)
    __rt_lib_shutdown_fp_trap_1              0x0800022b   Thumb Code     0  libshutdown2.o(.ARM.Collect$$libshutdown$$00000007)
    __rt_lib_shutdown_heap_1                 0x0800022b   Thumb Code     0  libshutdown2.o(.ARM.Collect$$libshutdown$$0000000F)
    __rt_lib_shutdown_return                 0x0800022b   Thumb Code     0  libshutdown2.o(.ARM.Collect$$libshutdown$$00000010)
    __rt_lib_shutdown_signal_1               0x0800022b   Thumb Code     0  libshutdown2.o(.ARM.Collect$$libshutdown$$0000000A)
    __rt_lib_shutdown_stdio_1                0x0800022b   Thumb Code     0  libshutdown2.o(.ARM.Collect$$libshutdown$$00000004)
    __rt_lib_shutdown_user_alloc_1           0x0800022b   Thumb Code     0  libshutdown2.o(.ARM.Collect$$libshutdown$$0000000C)
    __rt_entry                               0x0800022d   Thumb Code     0  __rtentry.o(.ARM.Collect$$rtentry$$00000000)
    __rt_entry_presh_1                       0x0800022d   Thumb Code     0  __rtentry2.o(.ARM.Collect$$rtentry$$00000002)
    __rt_entry_sh                            0x0800022d   Thumb Code     0  __rtentry4.o(.ARM.Collect$$rtentry$$00000004)
    __rt_entry_li                            0x08000233   Thumb Code     0  __rtentry2.o(.ARM.Collect$$rtentry$$0000000A)
    __rt_entry_postsh_1                      0x08000233   Thumb Code     0  __rtentry2.o(.ARM.Collect$$rtentry$$00000009)
    __rt_entry_postli_1                      0x08000237   Thumb Code     0  __rtentry2.o(.ARM.Collect$$rtentry$$0000000B)
    __rt_entry_main                          0x0800023f   Thumb Code     0  __rtentry2.o(.ARM.Collect$$rtentry$$0000000D)
    __rt_exit                                0x08000247   Thumb Code     0  rtexit.o(.ARM.Collect$$rtexit$$00000000)
    __rt_exit_ls                             0x08000249   Thumb Code     0  rtexit2.o(.ARM.Collect$$rtexit$$00000003)
    __rt_exit_prels_1                        0x08000249   Thumb Code     0  rtexit2.o(.ARM.Collect$$rtexit$$00000002)
    __rt_exit_exit                           0x0800024d   Thumb Code     0  rtexit2.o(.ARM.Collect$$rtexit$$00000004)
    rt_set_PSP                               0x08000255   Thumb Code     6  hal_cm4.o(.emb_text)
    rt_get_PSP                               0x0800025b   Thumb Code     6  hal_cm4.o(.emb_text)
    os_set_env                               0x08000261   Thumb Code    24  hal_cm4.o(.emb_text)
    _alloc_box                               0x0800027d   Thumb Code    28  hal_cm4.o(.emb_text)
    _free_box                                0x0800029d   Thumb Code    28  hal_cm4.o(.emb_text)
    SVC_Handler                              0x080002bd   Thumb Code   168  hal_cm4.o(.emb_text)
    PendSV_Handler                           0x08000375   Thumb Code    96  hal_cm4.o(.emb_text)
    SysTick_Handler                          0x080003d9   Thumb Code     8  hal_cm4.o(.emb_text)
    OS_Tick_Handler                          0x080003e1   Thumb Code    12  hal_cm4.o(.emb_text)
    Reset_Handler                            0x080003ed   Thumb Code     8  startup_stm32f429xx.o(.text)
    NMI_Handler                              0x080003f5   Thumb Code     2  startup_stm32f429xx.o(.text)
    HardFault_Handler                        0x080003f7   Thumb Code     2  startup_stm32f429xx.o(.text)
    MemManage_Handler                        0x080003f9   Thumb Code     2  startup_stm32f429xx.o(.text)
    BusFault_Handler                         0x080003fb   Thumb Code     2  startup_stm32f429xx.o(.text)
    UsageFault_Handler                       0x080003fd   Thumb Code     2  startup_stm32f429xx.o(.text)
    DebugMon_Handler                         0x08000401   Thumb Code     2  startup_stm32f429xx.o(.text)
    ADC_IRQHandler                           0x08000407   Thumb Code     0  startup_stm32f429xx.o(.text)
    CAN1_RX0_IRQHandler                      0x08000407   Thumb Code     0  startup_stm32f429xx.o(.text)
    CAN1_RX1_IRQHandler                      0x08000407   Thumb Code     0  startup_stm32f429xx.o(.text)
    CAN1_SCE_IRQHandler                      0x08000407   Thumb Code     0  startup_stm32f429xx.o(.text)
    CAN1_TX_IRQHandler                       0x08000407   Thumb Code     0  startup_stm32f429xx.o(.text)
    CAN2_RX0_IRQHandler                      0x08000407   Thumb Code     0  startup_stm32f429xx.o(.text)
    CAN2_RX1_IRQHandler                      0x08000407   Thumb Code     0  startup_stm32f429xx.o(.text)
    CAN2_SCE_IRQHandler                      0x08000407   Thumb Code     0  startup_stm32f429xx.o(.text)
    CAN2_TX_IRQHandler                       0x08000407   Thumb Code     0  startup_stm32f429xx.o(.text)
    DCMI_IRQHandler                          0x08000407   Thumb Code     0  startup_stm32f429xx.o(.text)
    DMA1_Stream0_IRQHandler                  0x08000407   Thumb Code     0  startup_stm32f429xx.o(.text)
    DMA1_Stream1_IRQHandler                  0x08000407   Thumb Code     0  startup_stm32f429xx.o(.text)
    DMA1_Stream2_IRQHandler                  0x08000407   Thumb Code     0  startup_stm32f429xx.o(.text)
    DMA1_Stream3_IRQHandler                  0x08000407   Thumb Code     0  startup_stm32f429xx.o(.text)
    DMA1_Stream4_IRQHandler                  0x08000407   Thumb Code     0  startup_stm32f429xx.o(.text)
    DMA1_Stream5_IRQHandler                  0x08000407   Thumb Code     0  startup_stm32f429xx.o(.text)
    DMA1_Stream6_IRQHandler                  0x08000407   Thumb Code     0  startup_stm32f429xx.o(.text)
    DMA1_Stream7_IRQHandler                  0x08000407   Thumb Code     0  startup_stm32f429xx.o(.text)
    DMA2D_IRQHandler                         0x08000407   Thumb Code     0  startup_stm32f429xx.o(.text)
    DMA2_Stream0_IRQHandler                  0x08000407   Thumb Code     0  startup_stm32f429xx.o(.text)
    DMA2_Stream1_IRQHandler                  0x08000407   Thumb Code     0  startup_stm32f429xx.o(.text)
    DMA2_Stream2_IRQHandler                  0x08000407   Thumb Code     0  startup_stm32f429xx.o(.text)
    DMA2_Stream3_IRQHandler                  0x08000407   Thumb Code     0  startup_stm32f429xx.o(.text)
    DMA2_Stream4_IRQHandler                  0x08000407   Thumb Code     0  startup_stm32f429xx.o(.text)
    DMA2_Stream5_IRQHandler                  0x08000407   Thumb Code     0  startup_stm32f429xx.o(.text)
    DMA2_Stream6_IRQHandler                  0x08000407   Thumb Code     0  startup_stm32f429xx.o(.text)
    DMA2_Stream7_IRQHandler                  0x08000407   Thumb Code     0  startup_stm32f429xx.o(.text)
    ETH_IRQHandler                           0x08000407   Thumb Code     0  startup_stm32f429xx.o(.text)
    ETH_WKUP_IRQHandler                      0x08000407   Thumb Code     0  startup_stm32f429xx.o(.text)
    EXTI0_IRQHandler                         0x08000407   Thumb Code     0  startup_stm32f429xx.o(.text)
    EXTI15_10_IRQHandler                     0x08000407   Thumb Code     0  startup_stm32f429xx.o(.text)
    EXTI1_IRQHandler                         0x08000407   Thumb Code     0  startup_stm32f429xx.o(.text)
    EXTI2_IRQHandler                         0x08000407   Thumb Code     0  startup_stm32f429xx.o(.text)
    EXTI3_IRQHandler                         0x08000407   Thumb Code     0  startup_stm32f429xx.o(.text)
    EXTI4_IRQHandler                         0x08000407   Thumb Code     0  startup_stm32f429xx.o(.text)
    EXTI9_5_IRQHandler                       0x08000407   Thumb Code     0  startup_stm32f429xx.o(.text)
    FLASH_IRQHandler                         0x08000407   Thumb Code     0  startup_stm32f429xx.o(.text)
    FMC_IRQHandler                           0x08000407   Thumb Code     0  startup_stm32f429xx.o(.text)
    FPU_IRQHandler                           0x08000407   Thumb Code     0  startup_stm32f429xx.o(.text)
    HASH_RNG_IRQHandler                      0x08000407   Thumb Code     0  startup_stm32f429xx.o(.text)
    I2C1_ER_IRQHandler                       0x08000407   Thumb Code     0  startup_stm32f429xx.o(.text)
    I2C1_EV_IRQHandler                       0x08000407   Thumb Code     0  startup_stm32f429xx.o(.text)
    I2C2_ER_IRQHandler                       0x08000407   Thumb Code     0  startup_stm32f429xx.o(.text)
    I2C2_EV_IRQHandler                       0x08000407   Thumb Code     0  startup_stm32f429xx.o(.text)
    I2C3_ER_IRQHandler                       0x08000407   Thumb Code     0  startup_stm32f429xx.o(.text)
    I2C3_EV_IRQHandler                       0x08000407   Thumb Code     0  startup_stm32f429xx.o(.text)
    LTDC_ER_IRQHandler                       0x08000407   Thumb Code     0  startup_stm32f429xx.o(.text)
    LTDC_IRQHandler                          0x08000407   Thumb Code     0  startup_stm32f429xx.o(.text)
    OTG_FS_IRQHandler                        0x08000407   Thumb Code     0  startup_stm32f429xx.o(.text)
    OTG_FS_WKUP_IRQHandler                   0x08000407   Thumb Code     0  startup_stm32f429xx.o(.text)
    OTG_HS_EP1_IN_IRQHandler                 0x08000407   Thumb Code     0  startup_stm32f429xx.o(.text)
    OTG_HS_EP1_OUT_IRQHandler                0x08000407   Thumb Code     0  startup_stm32f429xx.o(.text)
    OTG_HS_IRQHandler                        0x08000407   Thumb Code     0  startup_stm32f429xx.o(.text)
    OTG_HS_WKUP_IRQHandler                   0x08000407   Thumb Code     0  startup_stm32f429xx.o(.text)
    PVD_IRQHandler                           0x08000407   Thumb Code     0  startup_stm32f429xx.o(.text)
    RCC_IRQHandler                           0x08000407   Thumb Code     0  startup_stm32f429xx.o(.text)
    RTC_Alarm_IRQHandler                     0x08000407   Thumb Code     0  startup_stm32f429xx.o(.text)
    RTC_WKUP_IRQHandler                      0x08000407   Thumb Code     0  startup_stm32f429xx.o(.text)
    SAI1_IRQHandler                          0x08000407   Thumb Code     0  startup_stm32f429xx.o(.text)
    SDIO_IRQHandler                          0x08000407   Thumb Code     0  startup_stm32f429xx.o(.text)
    SPI1_IRQHandler                          0x08000407   Thumb Code     0  startup_stm32f429xx.o(.text)
    SPI2_IRQHandler                          0x08000407   Thumb Code     0  startup_stm32f429xx.o(.text)
    SPI3_IRQHandler                          0x08000407   Thumb Code     0  startup_stm32f429xx.o(.text)
    SPI4_IRQHandler                          0x08000407   Thumb Code     0  startup_stm32f429xx.o(.text)
    SPI5_IRQHandler                          0x08000407   Thumb Code     0  startup_stm32f429xx.o(.text)
    SPI6_IRQHandler                          0x08000407   Thumb Code     0  startup_stm32f429xx.o(.text)
    TAMP_STAMP_IRQHandler                    0x08000407   Thumb Code     0  startup_stm32f429xx.o(.text)
    TIM1_BRK_TIM9_IRQHandler                 0x08000407   Thumb Code     0  startup_stm32f429xx.o(.text)
    TIM1_CC_IRQHandler                       0x08000407   Thumb Code     0  startup_stm32f429xx.o(.text)
    TIM1_TRG_COM_TIM11_IRQHandler            0x08000407   Thumb Code     0  startup_stm32f429xx.o(.text)
    TIM1_UP_TIM10_IRQHandler                 0x08000407   Thumb Code     0  startup_stm32f429xx.o(.text)
    TIM2_IRQHandler                          0x08000407   Thumb Code     0  startup_stm32f429xx.o(.text)
    TIM3_IRQHandler                          0x08000407   Thumb Code     0  startup_stm32f429xx.o(.text)
    TIM4_IRQHandler                          0x08000407   Thumb Code     0  startup_stm32f429xx.o(.text)
    TIM5_IRQHandler                          0x08000407   Thumb Code     0  startup_stm32f429xx.o(.text)
    TIM6_DAC_IRQHandler                      0x08000407   Thumb Code     0  startup_stm32f429xx.o(.text)
    TIM7_IRQHandler                          0x08000407   Thumb Code     0  startup_stm32f429xx.o(.text)
    TIM8_BRK_TIM12_IRQHandler                0x08000407   Thumb Code     0  startup_stm32f429xx.o(.text)
    TIM8_CC_IRQHandler                       0x08000407   Thumb Code     0  startup_stm32f429xx.o(.text)
    TIM8_TRG_COM_TIM14_IRQHandler            0x08000407   Thumb Code     0  startup_stm32f429xx.o(.text)
    TIM8_UP_TIM13_IRQHandler                 0x08000407   Thumb Code     0  startup_stm32f429xx.o(.text)
    UART4_IRQHandler                         0x08000407   Thumb Code     0  startup_stm32f429xx.o(.text)
    UART5_IRQHandler                         0x08000407   Thumb Code     0  startup_stm32f429xx.o(.text)
    UART7_IRQHandler                         0x08000407   Thumb Code     0  startup_stm32f429xx.o(.text)
    UART8_IRQHandler                         0x08000407   Thumb Code     0  startup_stm32f429xx.o(.text)
    USART1_IRQHandler                        0x08000407   Thumb Code     0  startup_stm32f429xx.o(.text)
    USART2_IRQHandler                        0x08000407   Thumb Code     0  startup_stm32f429xx.o(.text)
    USART3_IRQHandler                        0x08000407   Thumb Code     0  startup_stm32f429xx.o(.text)
    USART6_IRQHandler                        0x08000407   Thumb Code     0  startup_stm32f429xx.o(.text)
    WWDG_IRQHandler                          0x08000407   Thumb Code     0  startup_stm32f429xx.o(.text)
    __user_initial_stackheap                 0x08000409   Thumb Code     0  startup_stm32f429xx.o(.text)
    __user_libspace                          0x0800042d   Thumb Code     8  libspace.o(.text)
    __user_perproc_libspace                  0x0800042d   Thumb Code     0  libspace.o(.text)
    __aeabi_uldivmod                         0x08000435   Thumb Code     0  lludivv7m.o(.text)
    _ll_udiv                                 0x08000435   Thumb Code   240  lludivv7m.o(.text)
    __use_two_region_memory                  0x08000525   Thumb Code     2  heapauxi.o(.text)
    __rt_heap_escrow$2region                 0x08000527   Thumb Code     2  heapauxi.o(.text)
    __rt_heap_expand$2region                 0x08000529   Thumb Code     2  heapauxi.o(.text)
    __user_setup_stackheap                   0x0800052b   Thumb Code    74  sys_stackheap_outer.o(.text)
    exit                                     0x08000575   Thumb Code    18  exit.o(.text)
    _sys_exit                                0x08000589   Thumb Code     8  sys_exit.o(.text)
    __I$use$semihosting                      0x08000595   Thumb Code     0  use_no_semi.o(.text)
    __use_no_semihosting_swi                 0x08000595   Thumb Code     2  use_no_semi.o(.text)
    __semihosting_library_function           0x08000597   Thumb Code     0  indicate_semi.o(.text)
    HAL_GPIO_WritePin                        0x0800059d   Thumb Code    46  stm32f4xx_hal_gpio.o(.text.HAL_GPIO_WritePin)
    HAL_GetREVID                             0x080005cd   Thumb Code    14  stm32f4xx_hal.o(.text.HAL_GetREVID)
    HAL_GetTick                              0x080005dd   Thumb Code    12  stm32f4xx_hal.o(.text.HAL_GetTick)
    HAL_Init                                 0x080005e9   Thumb Code    46  stm32f4xx_hal.o(.text.HAL_Init)
    HAL_InitTick                             0x08000619   Thumb Code   112  stm32f4xx_hal.o(.text.HAL_InitTick)
    HAL_MspInit                              0x08000689   Thumb Code     2  stm32f4xx_hal.o(.text.HAL_MspInit)
    HAL_NVIC_SetPriority                     0x0800068d   Thumb Code    50  stm32f4xx_hal_cortex.o(.text.HAL_NVIC_SetPriority)
    HAL_NVIC_SetPriorityGrouping             0x080006c1   Thumb Code    16  stm32f4xx_hal_cortex.o(.text.HAL_NVIC_SetPriorityGrouping)
    HAL_RCC_ClockConfig                      0x080006d1   Thumb Code   610  stm32f4xx_hal_rcc.o(.text.HAL_RCC_ClockConfig)
    HAL_RCC_GetSysClockFreq                  0x08000935   Thumb Code   230  stm32f4xx_hal_rcc.o(.text.HAL_RCC_GetSysClockFreq)
    HAL_RCC_OscConfig                        0x08000a1d   Thumb Code  1726  stm32f4xx_hal_rcc.o(.text.HAL_RCC_OscConfig)
    HAL_SYSTICK_Config                       0x080010dd   Thumb Code    16  stm32f4xx_hal_cortex.o(.text.HAL_SYSTICK_Config)
    LED_On                                   0x080010ed   Thumb Code    60  led_f429discovery.o(.text.LED_On)
    SystemCoreClockUpdate                    0x080012b5   Thumb Code   302  system_stm32f4xx.o(.text.SystemCoreClockUpdate)
    SystemInit                               0x080013e5   Thumb Code    18  system_stm32f4xx.o(.text.SystemInit)
    _mutex_acquire                           0x08001489   Thumb Code    70  rtx_conf_cm.o(.text._mutex_acquire)
    _mutex_release                           0x080014d1   Thumb Code    54  rtx_conf_cm.o(.text._mutex_release)
    _platform_post_lib_init                  0x08001509   Thumb Code    26  rtx_conf_cm.o(.text._platform_post_lib_init)
    main                                     0x08001525   Thumb Code    30  main.o(.text.main)
    os_error                                 0x08001545   Thumb Code    40  rtx_conf_cm.o(.text.os_error)
    os_idle_demon                            0x0800156d   Thumb Code     4  rtx_conf_cm.o(.text.os_idle_demon)
    SVC_Count                                0x08001570   Data           4  svc_table.o(SVC_TABLE)
    SVC_Table                                0x08001574   Data           0  svc_table.o(SVC_TABLE)
    _init_box                                0x08001575   Thumb Code    70  rt_membox.o(i._init_box)
    dbg_init                                 0x080015bd   Thumb Code    34  hal_cm.o(i.dbg_init)
    dbg_task_notify                          0x080015ed   Thumb Code    32  hal_cm.o(i.dbg_task_notify)
    dbg_task_switch                          0x0800160d   Thumb Code    16  hal_cm.o(i.dbg_task_switch)
    isrMessageGet                            0x0800161d   Thumb Code    42  rt_cmsis.o(i.isrMessageGet)
    isrMessagePut                            0x08001647   Thumb Code    44  rt_cmsis.o(i.isrMessagePut)
    isr_mbx_receive                          0x08001675   Thumb Code    86  rt_mailbox.o(i.isr_mbx_receive)
    isr_mbx_send                             0x080016cb   Thumb Code    14  rt_mailbox.o(i.isr_mbx_send)
    osKernelInitialize                       0x080016d9   Thumb Code    30  rt_cmsis.o(i.osKernelInitialize)
    osKernelStart                            0x080016fd   Thumb Code    98  rt_cmsis.o(i.osKernelStart)
    osMessageGet                             0x08001769   Thumb Code    18  rt_cmsis.o(i.osMessageGet)
    osThreadCreate                           0x08001781   Thumb Code    36  rt_cmsis.o(i.osThreadCreate)
    osThreadExit                             0x080017ad   Thumb Code    14  rt_cmsis.o(i.osThreadExit)
    osTimerCall                              0x080017c5   Thumb Code     8  rt_cmsis.o(i.osTimerCall)
    osTimerThread                            0x080017d1   Thumb Code    38  rt_cmsis.o(i.osTimerThread)
    os_tick_init                             0x080017fd   Thumb Code    32  rt_system.o(i.os_tick_init)
    os_tick_irqack                           0x08001825   Thumb Code     2  rt_system.o(i.os_tick_irqack)
    rt_alloc_box                             0x08001827   Thumb Code    26  rt_membox.o(i.rt_alloc_box)
    rt_alloc_mem                             0x08001841   Thumb Code    62  rt_memory.o(i.rt_alloc_mem)
    rt_block                                 0x08001881   Thumb Code    48  rt_task.o(i.rt_block)
    rt_chk_robin                             0x080018b9   Thumb Code    60  rt_robin.o(i.rt_chk_robin)
    rt_dec_dly                               0x08001901   Thumb Code   102  rt_list.o(i.rt_dec_dly)
    rt_dispatch                              0x08001971   Thumb Code    60  rt_task.o(i.rt_dispatch)
    rt_evt_psh                               0x080019b5   Thumb Code    76  rt_event.o(i.rt_evt_psh)
    rt_free_box                              0x08001a05   Thumb Code    44  rt_membox.o(i.rt_free_box)
    rt_free_mem                              0x08001a31   Thumb Code    40  rt_memory.o(i.rt_free_mem)
    rt_get_first                             0x08001a59   Thumb Code    40  rt_list.o(i.rt_get_first)
    rt_init_mem                              0x08001ad1   Thumb Code    26  rt_memory.o(i.rt_init_mem)
    rt_init_robin                            0x08001aed   Thumb Code    14  rt_robin.o(i.rt_init_robin)
    rt_init_stack                            0x08001b05   Thumb Code   118  hal_cm.o(i.rt_init_stack)
    rt_mbx_check                             0x08001b85   Thumb Code     8  rt_mailbox.o(i.rt_mbx_check)
    rt_mbx_init                              0x08001b8d   Thumb Code    26  rt_mailbox.o(i.rt_mbx_init)
    rt_mbx_psh                               0x08001ba9   Thumb Code   236  rt_mailbox.o(i.rt_mbx_psh)
    rt_mbx_wait                              0x08001c99   Thumb Code   174  rt_mailbox.o(i.rt_mbx_wait)
    rt_mut_release                           0x08001d91   Thumb Code   208  rt_mutex.o(i.rt_mut_release)
    rt_mut_wait                              0x08001e69   Thumb Code   114  rt_mutex.o(i.rt_mut_wait)
    rt_pop_req                               0x08001ee1   Thumb Code   112  rt_system.o(i.rt_pop_req)
    rt_psh_req                               0x08001f5d   Thumb Code    22  rt_system.o(i.rt_psh_req)
    rt_psq_enq                               0x08001f7d   Thumb Code    88  rt_list.o(i.rt_psq_enq)
    rt_put_dly                               0x08001fd9   Thumb Code    68  rt_list.o(i.rt_put_dly)
    rt_put_prio                              0x08002021   Thumb Code    54  rt_list.o(i.rt_put_prio)
    rt_put_rdy_first                         0x08002059   Thumb Code    14  rt_list.o(i.rt_put_rdy_first)
    rt_resort_prio                           0x0800206d   Thumb Code    46  rt_list.o(i.rt_resort_prio)
    rt_ret_val                               0x080020b1   Thumb Code    12  hal_cm.o(i.rt_ret_val)
    rt_ret_val2                              0x080020bd   Thumb Code    16  hal_cm.o(i.rt_ret_val2)
    rt_rmv_dly                               0x080020cd   Thumb Code    40  rt_list.o(i.rt_rmv_dly)
    rt_rmv_list                              0x080020f5   Thumb Code    44  rt_list.o(i.rt_rmv_list)
    rt_sem_psh                               0x08002125   Thumb Code    48  rt_semaphore.o(i.rt_sem_psh)
    rt_stk_check                             0x08002159   Thumb Code    28  rt_system.o(i.rt_stk_check)
    rt_switch_req                            0x0800217d   Thumb Code    30  rt_task.o(i.rt_switch_req)
    rt_sys_init                              0x080021a5   Thumb Code   138  rt_task.o(i.rt_sys_init)
    rt_sys_start                             0x08002271   Thumb Code   110  rt_task.o(i.rt_sys_start)
    rt_systick                               0x080022e9   Thumb Code    50  rt_system.o(i.rt_systick)
    rt_tsk_create                            0x08002371   Thumb Code   118  rt_task.o(i.rt_tsk_create)
    rt_tsk_delete                            0x080023f9   Thumb Code   352  rt_task.o(i.rt_tsk_delete)
    rt_tsk_prio                              0x08002575   Thumb Code   108  rt_task.o(i.rt_tsk_prio)
    rt_tsk_self                              0x080025f1   Thumb Code    12  rt_task.o(i.rt_tsk_self)
    svcKernelInitialize                      0x08002601   Thumb Code    80  rt_cmsis.o(i.svcKernelInitialize)
    svcKernelStart                           0x08002671   Thumb Code    62  rt_cmsis.o(i.svcKernelStart)
    svcMessageCreate                         0x080026b9   Thumb Code    36  rt_cmsis.o(i.svcMessageCreate)
    svcMessageGet                            0x080026dd   Thumb Code    58  rt_cmsis.o(i.svcMessageGet)
    svcThreadCreate                          0x08002719   Thumb Code    96  rt_cmsis.o(i.svcThreadCreate)
    svcThreadGetId                           0x08002785   Thumb Code    22  rt_cmsis.o(i.svcThreadGetId)
    svcThreadTerminate                       0x080027a1   Thumb Code    50  rt_cmsis.o(i.svcThreadTerminate)
    svcTimerCall                             0x080027d9   Thumb Code    24  rt_cmsis.o(i.svcTimerCall)
    sysTimerTick                             0x080027f1   Thumb Code    84  rt_cmsis.o(i.sysTimerTick)
    _fp_init                                 0x0800284d   Thumb Code    26  fpinit.o(x$fpl$fpinit)
    __fplib_config_fpu_vfp                   0x08002865   Thumb Code     0  fpinit.o(x$fpl$fpinit)
    __fplib_config_pureend_doubles           0x08002865   Thumb Code     0  fpinit.o(x$fpl$fpinit)
    AHBPrescTable                            0x08002866   Data          16  system_stm32f4xx.o(.rodata.AHBPrescTable)
    CMSIS_RTOS_API_Version                   0x08002878   Data           4  rtx_conf_cm.o(.rodata.CMSIS_RTOS_API_Version)
    CMSIS_RTOS_RTX_Version                   0x0800287c   Data           4  rtx_conf_cm.o(.rodata.CMSIS_RTOS_RTX_Version)
    mp_stk_size                              0x08002890   Data           4  rtx_conf_cm.o(.rodata.mp_stk_size)
    mp_tcb_size                              0x08002894   Data           2  rtx_conf_cm.o(.rodata.mp_tcb_size)
    mp_tmr_size                              0x08002896   Data           2  rtx_conf_cm.o(.rodata.mp_tmr_size)
    os_clockrate                             0x08002898   Data           4  rtx_conf_cm.o(.rodata.os_clockrate)
    os_fifo_size                             0x0800289c   Data           1  rtx_conf_cm.o(.rodata.os_fifo_size)
    os_flags                                 0x0800289d   Data           1  rtx_conf_cm.o(.rodata.os_flags)
    os_maxtaskrun                            0x0800289e   Data           2  rtx_conf_cm.o(.rodata.os_maxtaskrun)
    os_messageQ_def_osTimerMessageQ          0x080028a0   Data           8  rtx_conf_cm.o(.rodata.os_messageQ_def_osTimerMessageQ)
    os_rrobin                                0x080028a8   Data           4  rtx_conf_cm.o(.rodata.os_rrobin)
    os_stack_sz                              0x080028ac   Data           4  rtx_conf_cm.o(.rodata.os_stack_sz)
    os_stackinfo                             0x080028b0   Data           4  rtx_conf_cm.o(.rodata.os_stackinfo)
    os_thread_def_main                       0x080028b4   Data          16  rtx_conf_cm.o(.rodata.os_thread_def_main)
    os_thread_def_osTimerThread              0x080028c4   Data          16  rtx_conf_cm.o(.rodata.os_thread_def_osTimerThread)
    os_timernum                              0x080028d4   Data           4  rtx_conf_cm.o(.rodata.os_timernum)
    os_trv                                   0x080028d8   Data           4  rtx_conf_cm.o(.rodata.os_trv)
    Region$$Table$$Base                      0x080028dc   Number         0  anon$$obj.o(Region$$Table)
    Region$$Table$$Limit                     0x080028fc   Number         0  anon$$obj.o(Region$$Table)
    __ARM_use_no_argv                        0x20000000   Data           4  main.o(.ARM.use_no_argv)
    os_initialized                           0x20000004   Data           1  rt_cmsis.o(.data)
    os_running                               0x20000005   Data           1  rt_cmsis.o(.data)
    os_timer_head                            0x20000008   Data           4  rt_cmsis.o(.data)
    os_tsk                                   0x2000000c   Data           8  rt_task.o(.data)
    os_tick_irqn                             0x20000018   Data           4  rt_system.o(.data)
    os_time                                  0x2000001c   Data           4  rt_time.o(.data)
    os_robin                                 0x20000020   Data           8  rt_robin.o(.data)
    dbg_msg                                  0x20000028   Data           1  hal_cm.o(.data)
    SystemCoreClock                          0x2000002c   Data           4  system_stm32f4xx.o(.data.SystemCoreClock)
    uwTickFreq                               0x20000030   Data           1  stm32f4xx_hal.o(.data.uwTickFreq)
    uwTickPrio                               0x20000034   Data           4  stm32f4xx_hal.o(.data.uwTickPrio)
    os_idle_TCB                              0x20000038   Data          52  rt_task.o(.bss)
    os_rdy                                   0x2000006c   Data          24  rt_list.o(.bss)
    os_dly                                   0x20000084   Data          24  rt_list.o(.bss)
    __libspace_start                         0x2000009c   Data          96  libspace.o(.bss)
    __temporary_stack_top$libspace           0x200000fc   Data           0  libspace.o(.bss)
    m_tmr                                    0x200000fc   Data           4  rtx_conf_cm.o(.bss.m_tmr)
    mp_stk                                   0x20000100   Data        1216  rtx_conf_cm.o(.bss.mp_stk)
    mp_tcb                                   0x200005c0   Data         376  rtx_conf_cm.o(.bss.mp_tcb)
    osMessageQId_osTimerMessageQ             0x20000738   Data           4  rtx_conf_cm.o(.bss.osMessageQId_osTimerMessageQ)
    osThreadId_osTimerThread                 0x2000073c   Data           4  rtx_conf_cm.o(.bss.osThreadId_osTimerThread)
    os_active_TCB                            0x20000740   Data          28  rtx_conf_cm.o(.bss.os_active_TCB)
    os_fifo                                  0x2000075c   Data         132  rtx_conf_cm.o(.bss.os_fifo)
    os_messageQ_q_osTimerMessageQ            0x200007e0   Data          32  rtx_conf_cm.o(.bss.os_messageQ_q_osTimerMessageQ)
    os_stack_mem                             0x20000800   Data         432  rtx_conf_cm.o(.bss.os_stack_mem)
    uwTick                                   0x200009b0   Data           4  stm32f4xx_hal.o(.bss.uwTick)



==============================================================================

Memory Map of the image

  Image Entry point : 0x080003ed

  Load Region LR_1 (Base: 0x08000000, Size: 0x00002934, Max: 0xffffffff, ABSOLUTE)

    Execution Region ER_RO (Exec base: 0x08000000, Load base: 0x08000000, Size: 0x000028fc, Max: 0xffffffff, ABSOLUTE)

    Exec Addr    Load Addr    Size         Type   Attr      Idx    E Section Name        Object

    0x08000000   0x08000000   0x000001ac   Data   RO          397    RESET               startup_stm32f429xx.o
    0x080001ac   0x080001ac   0x00000008   Code   RO         1644  * !!!main             c_w.l(__main.o)
    0x080001b4   0x080001b4   0x00000034   Code   RO         1815    !!!scatter          c_w.l(__scatter.o)
    0x080001e8   0x080001e8   0x0000001a   Code   RO         1817    !!handler_copy      c_w.l(__scatter_copy.o)
    0x08000202   0x08000202   0x00000002   PAD
    0x08000204   0x08000204   0x0000001c   Code   RO         1819    !!handler_zi        c_w.l(__scatter_zi.o)
    0x08000220   0x08000220   0x00000002   Code   RO         1680    .ARM.Collect$$libinit$$00000000  c_w.l(libinit.o)
    0x08000222   0x08000222   0x00000004   Code   RO         1689    .ARM.Collect$$libinit$$00000001  c_w.l(libinit2.o)
    0x08000226   0x08000226   0x00000000   Code   RO         1692    .ARM.Collect$$libinit$$00000004  c_w.l(libinit2.o)
    0x08000226   0x08000226   0x00000000   Code   RO         1694    .ARM.Collect$$libinit$$00000006  c_w.l(libinit2.o)
    0x08000226   0x08000226   0x00000000   Code   RO         1697    .ARM.Collect$$libinit$$0000000C  c_w.l(libinit2.o)
    0x08000226   0x08000226   0x00000000   Code   RO         1699    .ARM.Collect$$libinit$$0000000E  c_w.l(libinit2.o)
    0x08000226   0x08000226   0x00000000   Code   RO         1701    .ARM.Collect$$libinit$$00000010  c_w.l(libinit2.o)
    0x08000226   0x08000226   0x00000000   Code   RO         1704    .ARM.Collect$$libinit$$00000013  c_w.l(libinit2.o)
    0x08000226   0x08000226   0x00000000   Code   RO         1706    .ARM.Collect$$libinit$$00000015  c_w.l(libinit2.o)
    0x08000226   0x08000226   0x00000000   Code   RO         1708    .ARM.Collect$$libinit$$00000017  c_w.l(libinit2.o)
    0x08000226   0x08000226   0x00000000   Code   RO         1710    .ARM.Collect$$libinit$$00000019  c_w.l(libinit2.o)
    0x08000226   0x08000226   0x00000000   Code   RO         1712    .ARM.Collect$$libinit$$0000001B  c_w.l(libinit2.o)
    0x08000226   0x08000226   0x00000000   Code   RO         1714    .ARM.Collect$$libinit$$0000001D  c_w.l(libinit2.o)
    0x08000226   0x08000226   0x00000000   Code   RO         1716    .ARM.Collect$$libinit$$0000001F  c_w.l(libinit2.o)
    0x08000226   0x08000226   0x00000000   Code   RO         1718    .ARM.Collect$$libinit$$00000021  c_w.l(libinit2.o)
    0x08000226   0x08000226   0x00000000   Code   RO         1720    .ARM.Collect$$libinit$$00000023  c_w.l(libinit2.o)
    0x08000226   0x08000226   0x00000000   Code   RO         1722    .ARM.Collect$$libinit$$00000025  c_w.l(libinit2.o)
    0x08000226   0x08000226   0x00000000   Code   RO         1724    .ARM.Collect$$libinit$$00000027  c_w.l(libinit2.o)
    0x08000226   0x08000226   0x00000000   Code   RO         1728    .ARM.Collect$$libinit$$0000002E  c_w.l(libinit2.o)
    0x08000226   0x08000226   0x00000000   Code   RO         1730    .ARM.Collect$$libinit$$00000030  c_w.l(libinit2.o)
    0x08000226   0x08000226   0x00000000   Code   RO         1732    .ARM.Collect$$libinit$$00000032  c_w.l(libinit2.o)
    0x08000226   0x08000226   0x00000000   Code   RO         1734    .ARM.Collect$$libinit$$00000034  c_w.l(libinit2.o)
    0x08000226   0x08000226   0x00000002   Code   RO         1735    .ARM.Collect$$libinit$$00000035  c_w.l(libinit2.o)
    0x08000228   0x08000228   0x00000002   Code   RO         1770    .ARM.Collect$$libshutdown$$00000000  c_w.l(libshutdown.o)
    0x0800022a   0x0800022a   0x00000000   Code   RO         1798    .ARM.Collect$$libshutdown$$00000002  c_w.l(libshutdown2.o)
    0x0800022a   0x0800022a   0x00000000   Code   RO         1800    .ARM.Collect$$libshutdown$$00000004  c_w.l(libshutdown2.o)
    0x0800022a   0x0800022a   0x00000000   Code   RO         1803    .ARM.Collect$$libshutdown$$00000007  c_w.l(libshutdown2.o)
    0x0800022a   0x0800022a   0x00000000   Code   RO         1806    .ARM.Collect$$libshutdown$$0000000A  c_w.l(libshutdown2.o)
    0x0800022a   0x0800022a   0x00000000   Code   RO         1808    .ARM.Collect$$libshutdown$$0000000C  c_w.l(libshutdown2.o)
    0x0800022a   0x0800022a   0x00000000   Code   RO         1811    .ARM.Collect$$libshutdown$$0000000F  c_w.l(libshutdown2.o)
    0x0800022a   0x0800022a   0x00000002   Code   RO         1812    .ARM.Collect$$libshutdown$$00000010  c_w.l(libshutdown2.o)
    0x0800022c   0x0800022c   0x00000000   Code   RO         1646    .ARM.Collect$$rtentry$$00000000  c_w.l(__rtentry.o)
    0x0800022c   0x0800022c   0x00000000   Code   RO         1652    .ARM.Collect$$rtentry$$00000002  c_w.l(__rtentry2.o)
    0x0800022c   0x0800022c   0x00000006   Code   RO         1664    .ARM.Collect$$rtentry$$00000004  c_w.l(__rtentry4.o)
    0x08000232   0x08000232   0x00000000   Code   RO         1654    .ARM.Collect$$rtentry$$00000009  c_w.l(__rtentry2.o)
    0x08000232   0x08000232   0x00000004   Code   RO         1655    .ARM.Collect$$rtentry$$0000000A  c_w.l(__rtentry2.o)
    0x08000236   0x08000236   0x00000008   Code   RO         1656    .ARM.Collect$$rtentry$$0000000B  c_w.l(__rtentry2.o)
    0x0800023e   0x0800023e   0x00000008   Code   RO         1658    .ARM.Collect$$rtentry$$0000000D  c_w.l(__rtentry2.o)
    0x08000246   0x08000246   0x00000002   Code   RO         1681    .ARM.Collect$$rtexit$$00000000  c_w.l(rtexit.o)
    0x08000248   0x08000248   0x00000000   Code   RO         1741    .ARM.Collect$$rtexit$$00000002  c_w.l(rtexit2.o)
    0x08000248   0x08000248   0x00000004   Code   RO         1742    .ARM.Collect$$rtexit$$00000003  c_w.l(rtexit2.o)
    0x0800024c   0x0800024c   0x00000006   Code   RO         1743    .ARM.Collect$$rtexit$$00000004  c_w.l(rtexit2.o)
    0x08000252   0x08000252   0x00000002   PAD
    0x08000254   0x08000254   0x00000198   Code   RO         1622    .emb_text           RTX_CM4.lib(hal_cm4.o)
    0x080003ec   0x080003ec   0x00000040   Code   RO          398  * .text               startup_stm32f429xx.o
    0x0800042c   0x0800042c   0x00000008   Code   RO         1637    .text               c_w.l(libspace.o)
    0x08000434   0x08000434   0x000000f0   Code   RO         1640    .text               c_w.l(lludivv7m.o)
    0x08000524   0x08000524   0x00000006   Code   RO         1642    .text               c_w.l(heapauxi.o)
    0x0800052a   0x0800052a   0x0000004a   Code   RO         1668    .text               c_w.l(sys_stackheap_outer.o)
    0x08000574   0x08000574   0x00000012   Code   RO         1670    .text               c_w.l(exit.o)
    0x08000586   0x08000586   0x00000002   PAD
    0x08000588   0x08000588   0x0000000c   Code   RO         1736    .text               c_w.l(sys_exit.o)
    0x08000594   0x08000594   0x00000002   Code   RO         1759    .text               c_w.l(use_no_semi.o)
    0x08000596   0x08000596   0x00000000   Code   RO         1761    .text               c_w.l(indicate_semi.o)
    0x08000596   0x08000596   0x00000002   PAD
    0x08000598   0x08000598   0x00000004   Code   RO            6    .text.Error_Handler  main.o
    0x0800059c   0x0800059c   0x0000002e   Code   RO          255    .text.HAL_GPIO_WritePin  stm32f4xx_hal_gpio.o
    0x080005ca   0x080005ca   0x00000002   PAD
    0x080005cc   0x080005cc   0x0000000e   Code   RO          138    .text.HAL_GetREVID  stm32f4xx_hal.o
    0x080005da   0x080005da   0x00000002   PAD
    0x080005dc   0x080005dc   0x0000000c   Code   RO          122    .text.HAL_GetTick   stm32f4xx_hal.o
    0x080005e8   0x080005e8   0x0000002e   Code   RO          110    .text.HAL_Init      stm32f4xx_hal.o
    0x08000616   0x08000616   0x00000002   PAD
    0x08000618   0x08000618   0x00000070   Code   RO          112    .text.HAL_InitTick  stm32f4xx_hal.o
    0x08000688   0x08000688   0x00000002   Code   RO          114    .text.HAL_MspInit   stm32f4xx_hal.o
    0x0800068a   0x0800068a   0x00000002   PAD
    0x0800068c   0x0800068c   0x00000032   Code   RO          182    .text.HAL_NVIC_SetPriority  stm32f4xx_hal_cortex.o
    0x080006be   0x080006be   0x00000002   PAD
    0x080006c0   0x080006c0   0x00000010   Code   RO          178    .text.HAL_NVIC_SetPriorityGrouping  stm32f4xx_hal_cortex.o
    0x080006d0   0x080006d0   0x00000262   Code   RO          342    .text.HAL_RCC_ClockConfig  stm32f4xx_hal_rcc.o
    0x08000932   0x08000932   0x00000002   PAD
    0x08000934   0x08000934   0x000000e6   Code   RO          344    .text.HAL_RCC_GetSysClockFreq  stm32f4xx_hal_rcc.o
    0x08000a1a   0x08000a1a   0x00000002   PAD
    0x08000a1c   0x08000a1c   0x000006be   Code   RO          340    .text.HAL_RCC_OscConfig  stm32f4xx_hal_rcc.o
    0x080010da   0x080010da   0x00000002   PAD
    0x080010dc   0x080010dc   0x00000010   Code   RO          202    .text.HAL_SYSTICK_Config  stm32f4xx_hal_cortex.o
    0x080010ec   0x080010ec   0x0000003c   Code   RO           33    .text.LED_On        led_f429discovery.o
    0x08001128   0x08001128   0x0000006c   Code   RO          188    .text.NVIC_EncodePriority  stm32f4xx_hal_cortex.o
    0x08001194   0x08001194   0x00000052   Code   RO          204    .text.SysTick_Config  stm32f4xx_hal_cortex.o
    0x080011e6   0x080011e6   0x00000002   PAD
    0x080011e8   0x080011e8   0x000000ca   Code   RO            4    .text.SystemClock_Config  main.o
    0x080012b2   0x080012b2   0x00000002   PAD
    0x080012b4   0x080012b4   0x0000012e   Code   RO          407    .text.SystemCoreClockUpdate  system_stm32f4xx.o
    0x080013e2   0x080013e2   0x00000002   PAD
    0x080013e4   0x080013e4   0x00000012   Code   RO          405    .text.SystemInit    system_stm32f4xx.o
    0x080013f6   0x080013f6   0x00000002   PAD
    0x080013f8   0x080013f8   0x00000010   Code   RO          184    .text.__NVIC_GetPriorityGrouping  stm32f4xx_hal_cortex.o
    0x08001408   0x08001408   0x00000042   Code   RO          186    .text.__NVIC_SetPriority  stm32f4xx_hal_cortex.o
    0x0800144a   0x0800144a   0x00000002   PAD
    0x0800144c   0x0800144c   0x0000003c   Code   RO          180    .text.__NVIC_SetPriorityGrouping  stm32f4xx_hal_cortex.o
    0x08001488   0x08001488   0x00000046   Code   RO           57    .text._mutex_acquire  rtx_conf_cm.o
    0x080014ce   0x080014ce   0x00000002   PAD
    0x080014d0   0x080014d0   0x00000036   Code   RO           59    .text._mutex_release  rtx_conf_cm.o
    0x08001506   0x08001506   0x00000002   PAD
    0x08001508   0x08001508   0x0000001a   Code   RO           67    .text._platform_post_lib_init  rtx_conf_cm.o
    0x08001522   0x08001522   0x00000002   PAD
    0x08001524   0x08001524   0x0000001e   Code   RO            2    .text.main          main.o
    0x08001542   0x08001542   0x00000002   PAD
    0x08001544   0x08001544   0x00000028   Code   RO           51    .text.os_error      rtx_conf_cm.o
    0x0800156c   0x0800156c   0x00000004   Code   RO           49    .text.os_idle_demon  rtx_conf_cm.o
    0x08001570   0x08001570   0x00000004   Code   RO         1632    SVC_TABLE           RTX_CM4.lib(svc_table.o)
    0x08001574   0x08001574   0x00000046   Code   RO         1516    i._init_box         RTX_CM4.lib(rt_membox.o)
    0x080015ba   0x080015ba   0x00000002   PAD
    0x080015bc   0x080015bc   0x00000030   Code   RO         1569    i.dbg_init          RTX_CM4.lib(hal_cm.o)
    0x080015ec   0x080015ec   0x00000020   Code   RO         1570    i.dbg_task_notify   RTX_CM4.lib(hal_cm.o)
    0x0800160c   0x0800160c   0x00000010   Code   RO         1571    i.dbg_task_switch   RTX_CM4.lib(hal_cm.o)
    0x0800161c   0x0800161c   0x0000002a   Code   RO          421    i.isrMessageGet     RTX_CM4.lib(rt_cmsis.o)
    0x08001646   0x08001646   0x0000002c   Code   RO          422    i.isrMessagePut     RTX_CM4.lib(rt_cmsis.o)
    0x08001672   0x08001672   0x00000002   PAD
    0x08001674   0x08001674   0x00000056   Code   RO         1371    i.isr_mbx_receive   RTX_CM4.lib(rt_mailbox.o)
    0x080016ca   0x080016ca   0x0000000e   Code   RO         1372    i.isr_mbx_send      RTX_CM4.lib(rt_mailbox.o)
    0x080016d8   0x080016d8   0x00000024   Code   RO          426    i.osKernelInitialize  RTX_CM4.lib(rt_cmsis.o)
    0x080016fc   0x080016fc   0x0000006c   Code   RO          428    i.osKernelStart     RTX_CM4.lib(rt_cmsis.o)
    0x08001768   0x08001768   0x00000018   Code   RO          437    i.osMessageGet      RTX_CM4.lib(rt_cmsis.o)
    0x08001780   0x08001780   0x0000002c   Code   RO          454    i.osThreadCreate    RTX_CM4.lib(rt_cmsis.o)
    0x080017ac   0x080017ac   0x00000018   Code   RO          455    i.osThreadExit      RTX_CM4.lib(rt_cmsis.o)
    0x080017c4   0x080017c4   0x0000000c   Code   RO          461    i.osTimerCall       RTX_CM4.lib(rt_cmsis.o)
    0x080017d0   0x080017d0   0x0000002c   Code   RO          466    i.osTimerThread     RTX_CM4.lib(rt_cmsis.o)
    0x080017fc   0x080017fc   0x00000028   Code   RO         1163    i.os_tick_init      RTX_CM4.lib(rt_system.o)
    0x08001824   0x08001824   0x00000002   Code   RO         1164    i.os_tick_irqack    RTX_CM4.lib(rt_system.o)
    0x08001826   0x08001826   0x0000001a   Code   RO         1517    i.rt_alloc_box      RTX_CM4.lib(rt_membox.o)
    0x08001840   0x08001840   0x0000003e   Code   RO         1545    i.rt_alloc_mem      RTX_CM4.lib(rt_memory.o)
    0x0800187e   0x0800187e   0x00000002   PAD
    0x08001880   0x08001880   0x00000038   Code   RO         1044    i.rt_block          RTX_CM4.lib(rt_task.o)
    0x080018b8   0x080018b8   0x00000048   Code   RO         1494    i.rt_chk_robin      RTX_CM4.lib(rt_robin.o)
    0x08001900   0x08001900   0x00000070   Code   RO         1295    i.rt_dec_dly        RTX_CM4.lib(rt_list.o)
    0x08001970   0x08001970   0x00000044   Code   RO         1045    i.rt_dispatch       RTX_CM4.lib(rt_task.o)
    0x080019b4   0x080019b4   0x00000050   Code   RO         1256    i.rt_evt_psh        RTX_CM4.lib(rt_event.o)
    0x08001a04   0x08001a04   0x0000002c   Code   RO         1518    i.rt_free_box       RTX_CM4.lib(rt_membox.o)
    0x08001a30   0x08001a30   0x00000028   Code   RO         1546    i.rt_free_mem       RTX_CM4.lib(rt_memory.o)
    0x08001a58   0x08001a58   0x00000028   Code   RO         1296    i.rt_get_first      RTX_CM4.lib(rt_list.o)
    0x08001a80   0x08001a80   0x00000008   Code   RO          471    i.rt_id2obj         RTX_CM4.lib(rt_cmsis.o)
    0x08001a88   0x08001a88   0x00000048   Code   RO         1046    i.rt_init_context   RTX_CM4.lib(rt_task.o)
    0x08001ad0   0x08001ad0   0x0000001a   Code   RO         1547    i.rt_init_mem       RTX_CM4.lib(rt_memory.o)
    0x08001aea   0x08001aea   0x00000002   PAD
    0x08001aec   0x08001aec   0x00000018   Code   RO         1495    i.rt_init_robin     RTX_CM4.lib(rt_robin.o)
    0x08001b04   0x08001b04   0x00000080   Code   RO         1572    i.rt_init_stack     RTX_CM4.lib(hal_cm.o)
    0x08001b84   0x08001b84   0x00000008   Code   RO         1373    i.rt_mbx_check      RTX_CM4.lib(rt_mailbox.o)
    0x08001b8c   0x08001b8c   0x0000001a   Code   RO         1374    i.rt_mbx_init       RTX_CM4.lib(rt_mailbox.o)
    0x08001ba6   0x08001ba6   0x00000002   PAD
    0x08001ba8   0x08001ba8   0x000000f0   Code   RO         1375    i.rt_mbx_psh        RTX_CM4.lib(rt_mailbox.o)
    0x08001c98   0x08001c98   0x000000b4   Code   RO         1377    i.rt_mbx_wait       RTX_CM4.lib(rt_mailbox.o)
    0x08001d4c   0x08001d4c   0x00000044   Code   RO          472    i.rt_ms2tick        RTX_CM4.lib(rt_cmsis.o)
    0x08001d90   0x08001d90   0x000000d8   Code   RO         1130    i.rt_mut_release    RTX_CM4.lib(rt_mutex.o)
    0x08001e68   0x08001e68   0x00000078   Code   RO         1131    i.rt_mut_wait       RTX_CM4.lib(rt_mutex.o)
    0x08001ee0   0x08001ee0   0x0000007c   Code   RO         1167    i.rt_pop_req        RTX_CM4.lib(rt_system.o)
    0x08001f5c   0x08001f5c   0x00000020   Code   RO         1168    i.rt_psh_req        RTX_CM4.lib(rt_system.o)
    0x08001f7c   0x08001f7c   0x0000005c   Code   RO         1298    i.rt_psq_enq        RTX_CM4.lib(rt_list.o)
    0x08001fd8   0x08001fd8   0x00000048   Code   RO         1299    i.rt_put_dly        RTX_CM4.lib(rt_list.o)
    0x08002020   0x08002020   0x00000036   Code   RO         1300    i.rt_put_prio       RTX_CM4.lib(rt_list.o)
    0x08002056   0x08002056   0x00000002   PAD
    0x08002058   0x08002058   0x00000014   Code   RO         1301    i.rt_put_rdy_first  RTX_CM4.lib(rt_list.o)
    0x0800206c   0x0800206c   0x00000034   Code   RO         1302    i.rt_resort_prio    RTX_CM4.lib(rt_list.o)
    0x080020a0   0x080020a0   0x00000010   Code   RO         1573    i.rt_ret_regs       RTX_CM4.lib(hal_cm.o)
    0x080020b0   0x080020b0   0x0000000c   Code   RO         1574    i.rt_ret_val        RTX_CM4.lib(hal_cm.o)
    0x080020bc   0x080020bc   0x00000010   Code   RO         1575    i.rt_ret_val2       RTX_CM4.lib(hal_cm.o)
    0x080020cc   0x080020cc   0x00000028   Code   RO         1303    i.rt_rmv_dly        RTX_CM4.lib(rt_list.o)
    0x080020f4   0x080020f4   0x00000030   Code   RO         1304    i.rt_rmv_list       RTX_CM4.lib(rt_list.o)
    0x08002124   0x08002124   0x00000034   Code   RO         1422    i.rt_sem_psh        RTX_CM4.lib(rt_semaphore.o)
    0x08002158   0x08002158   0x00000024   Code   RO         1170    i.rt_stk_check      RTX_CM4.lib(rt_system.o)
    0x0800217c   0x0800217c   0x00000028   Code   RO         1047    i.rt_switch_req     RTX_CM4.lib(rt_task.o)
    0x080021a4   0x080021a4   0x000000cc   Code   RO         1048    i.rt_sys_init       RTX_CM4.lib(rt_task.o)
    0x08002270   0x08002270   0x00000078   Code   RO         1049    i.rt_sys_start      RTX_CM4.lib(rt_task.o)
    0x080022e8   0x080022e8   0x00000040   Code   RO         1172    i.rt_systick        RTX_CM4.lib(rt_system.o)
    0x08002328   0x08002328   0x00000012   Code   RO          473    i.rt_tid2ptcb       RTX_CM4.lib(rt_cmsis.o)
    0x0800233a   0x0800233a   0x00000002   PAD
    0x0800233c   0x0800233c   0x00000034   Code   RO          474    i.rt_timer_insert   RTX_CM4.lib(rt_cmsis.o)
    0x08002370   0x08002370   0x00000088   Code   RO         1050    i.rt_tsk_create     RTX_CM4.lib(rt_task.o)
    0x080023f8   0x080023f8   0x0000017c   Code   RO         1051    i.rt_tsk_delete     RTX_CM4.lib(rt_task.o)
    0x08002574   0x08002574   0x0000007c   Code   RO         1053    i.rt_tsk_prio       RTX_CM4.lib(rt_task.o)
    0x080025f0   0x080025f0   0x00000010   Code   RO         1054    i.rt_tsk_self       RTX_CM4.lib(rt_task.o)
    0x08002600   0x08002600   0x00000070   Code   RO          477    i.svcKernelInitialize  RTX_CM4.lib(rt_cmsis.o)
    0x08002670   0x08002670   0x00000048   Code   RO          479    i.svcKernelStart    RTX_CM4.lib(rt_cmsis.o)
    0x080026b8   0x080026b8   0x00000024   Code   RO          482    i.svcMessageCreate  RTX_CM4.lib(rt_cmsis.o)
    0x080026dc   0x080026dc   0x0000003a   Code   RO          483    i.svcMessageGet     RTX_CM4.lib(rt_cmsis.o)
    0x08002716   0x08002716   0x00000002   PAD
    0x08002718   0x08002718   0x0000006c   Code   RO          497    i.svcThreadCreate   RTX_CM4.lib(rt_cmsis.o)
    0x08002784   0x08002784   0x0000001c   Code   RO          498    i.svcThreadGetId    RTX_CM4.lib(rt_cmsis.o)
    0x080027a0   0x080027a0   0x00000038   Code   RO          501    i.svcThreadTerminate  RTX_CM4.lib(rt_cmsis.o)
    0x080027d8   0x080027d8   0x00000018   Code   RO          503    i.svcTimerCall      RTX_CM4.lib(rt_cmsis.o)
    0x080027f0   0x080027f0   0x0000005c   Code   RO          512    i.sysTimerTick      RTX_CM4.lib(rt_cmsis.o)
    0x0800284c   0x0800284c   0x0000001a   Code   RO         1753    x$fpl$fpinit        fz_wm.l(fpinit.o)
    0x08002866   0x08002866   0x00000010   Data   RO          410    .rodata.AHBPrescTable  system_stm32f4xx.o
    0x08002876   0x08002876   0x00000002   PAD
    0x08002878   0x08002878   0x00000004   Data   RO           77    .rodata.CMSIS_RTOS_API_Version  rtx_conf_cm.o
    0x0800287c   0x0800287c   0x00000004   Data   RO           78    .rodata.CMSIS_RTOS_RTX_Version  rtx_conf_cm.o
    0x08002880   0x08002880   0x00000010   Data   RO           41    .rodata.LED_PIN     led_f429discovery.o
    0x08002890   0x08002890   0x00000004   Data   RO           82    .rodata.mp_stk_size  rtx_conf_cm.o
    0x08002894   0x08002894   0x00000002   Data   RO           81    .rodata.mp_tcb_size  rtx_conf_cm.o
    0x08002896   0x08002896   0x00000002   Data   RO           90    .rodata.mp_tmr_size  rtx_conf_cm.o
    0x08002898   0x08002898   0x00000004   Data   RO           79    .rodata.os_clockrate  rtx_conf_cm.o
    0x0800289c   0x0800289c   0x00000001   Data   RO           84    .rodata.os_fifo_size  rtx_conf_cm.o
    0x0800289d   0x0800289d   0x00000001   Data   RO           76    .rodata.os_flags    rtx_conf_cm.o
    0x0800289e   0x0800289e   0x00000002   Data   RO           69    .rodata.os_maxtaskrun  rtx_conf_cm.o
    0x080028a0   0x080028a0   0x00000008   Data   RO           87    .rodata.os_messageQ_def_osTimerMessageQ  rtx_conf_cm.o
    0x080028a8   0x080028a8   0x00000004   Data   RO           71    .rodata.os_rrobin   rtx_conf_cm.o
    0x080028ac   0x080028ac   0x00000004   Data   RO           83    .rodata.os_stack_sz  rtx_conf_cm.o
    0x080028b0   0x080028b0   0x00000004   Data   RO           70    .rodata.os_stackinfo  rtx_conf_cm.o
    0x080028b4   0x080028b4   0x00000010   Data   RO           94    .rodata.os_thread_def_main  rtx_conf_cm.o
    0x080028c4   0x080028c4   0x00000010   Data   RO           85    .rodata.os_thread_def_osTimerThread  rtx_conf_cm.o
    0x080028d4   0x080028d4   0x00000004   Data   RO           80    .rodata.os_timernum  rtx_conf_cm.o
    0x080028d8   0x080028d8   0x00000004   Data   RO           75    .rodata.os_trv      rtx_conf_cm.o
    0x080028dc   0x080028dc   0x00000020   Data   RO         1814    Region$$Table       anon$$obj.o


    Execution Region ER_RW (Exec base: 0x20000000, Load base: 0x080028fc, Size: 0x00000038, Max: 0xffffffff, ABSOLUTE)

    Exec Addr    Load Addr    Size         Type   Attr      Idx    E Section Name        Object

    0x20000000   0x080028fc   0x00000004   Data   RW            8    .ARM.use_no_argv    main.o
    0x20000004   0x08002900   0x00000008   Data   RW          515    .data               RTX_CM4.lib(rt_cmsis.o)
    0x2000000c   0x08002908   0x00000008   Data   RW         1056    .data               RTX_CM4.lib(rt_task.o)
    0x20000014   0x08002910   0x00000008   Data   RW         1175    .data               RTX_CM4.lib(rt_system.o)
    0x2000001c   0x08002918   0x00000004   Data   RW         1465    .data               RTX_CM4.lib(rt_time.o)
    0x20000020   0x0800291c   0x00000008   Data   RW         1496    .data               RTX_CM4.lib(rt_robin.o)
    0x20000028   0x08002924   0x00000001   Data   RW         1576    .data               RTX_CM4.lib(hal_cm.o)
    0x20000029   0x08002925   0x00000003   PAD
    0x2000002c   0x08002928   0x00000004   Data   RW          409    .data.SystemCoreClock  system_stm32f4xx.o
    0x20000030   0x0800292c   0x00000001   Data   RW          169    .data.uwTickFreq    stm32f4xx_hal.o
    0x20000031   0x0800292d   0x00000003   PAD
    0x20000034   0x08002930   0x00000004   Data   RW          168    .data.uwTickPrio    stm32f4xx_hal.o


    Execution Region ER_ZI (Exec base: 0x20000038, Load base: 0x08002934, Size: 0x00000f80, Max: 0xffffffff, ABSOLUTE)

    Exec Addr    Load Addr    Size         Type   Attr      Idx    E Section Name        Object

    0x20000038        -       0x00000034   Zero   RW         1055    .bss                RTX_CM4.lib(rt_task.o)
    0x2000006c        -       0x00000030   Zero   RW         1305    .bss                RTX_CM4.lib(rt_list.o)
    0x2000009c        -       0x00000060   Zero   RW         1638    .bss                c_w.l(libspace.o)
    0x200000fc        -       0x00000004   Zero   RW           89    .bss.m_tmr          rtx_conf_cm.o
    0x20000100        -       0x000004c0   Zero   RW           96    .bss.mp_stk         rtx_conf_cm.o
    0x200005c0        -       0x00000178   Zero   RW           95    .bss.mp_tcb         rtx_conf_cm.o
    0x20000738        -       0x00000004   Zero   RW          101    .bss.osMessageQId_osTimerMessageQ  rtx_conf_cm.o
    0x2000073c        -       0x00000004   Zero   RW          100    .bss.osThreadId_osTimerThread  rtx_conf_cm.o
    0x20000740        -       0x0000001c   Zero   RW           99    .bss.os_active_TCB  rtx_conf_cm.o
    0x2000075c        -       0x00000084   Zero   RW           98    .bss.os_fifo        rtx_conf_cm.o
    0x200007e0        -       0x00000020   Zero   RW           86    .bss.os_messageQ_q_osTimerMessageQ  rtx_conf_cm.o
    0x20000800        -       0x000001b0   Zero   RW           97    .bss.os_stack_mem   rtx_conf_cm.o
    0x200009b0        -       0x00000004   Zero   RW          170    .bss.uwTick         stm32f4xx_hal.o
    0x200009b4   0x08002934   0x00000004   PAD
    0x200009b8        -       0x00000200   Zero   RW          396    HEAP                startup_stm32f429xx.o
    0x20000bb8        -       0x00000400   Zero   RW          395    STACK               startup_stm32f429xx.o


==============================================================================

Image component sizes


      Code (inc. data)   RO Data    RW Data    ZI Data      Debug   Object Name

        60          0         16          0          0       3368   led_f429discovery.o
       236          0          0          4          0       3013   main.o
       194          4         84          0       2228       5549   rtx_conf_cm.o
        64         26        428          0       1536        916   startup_stm32f429xx.o
       186          0          0          5          4       7815   stm32f4xx_hal.o
       414          0          0          0          0       9898   stm32f4xx_hal_cortex.o
        46          0          0          0          0       5426   stm32f4xx_hal_gpio.o
      2566          0          0          0          0       7874   stm32f4xx_hal_rcc.o
       320          0         16          4          0       2716   system_stm32f4xx.o

    ----------------------------------------------------------------------
      4120         30        578         16       3772      46575   Object Totals
         0          0         32          0          0          0   (incl. Generated)
        34          0          2          3          4          0   (incl. Padding)

    ----------------------------------------------------------------------

      Code (inc. data)   RO Data    RW Data    ZI Data      Debug   Library Member Name

       268         24          0          1          0       4440   hal_cm.o
       408         34          0          0          0        812   hal_cm4.o
      1110        138          0          8          0      36325   rt_cmsis.o
        80          4          0          0          0        697   rt_event.o
       530         34          0          0         48       8589   rt_list.o
       554         10          0          0          0       4177   rt_mailbox.o
       140          0          0          0          0       2033   rt_membox.o
       128          0          0          0          0       2411   rt_memory.o
       336         14          0          0          0       1719   rt_mutex.o
        96         22          0          8          0       1230   rt_robin.o
        52          4          0          0          0        613   rt_semaphore.o
       298         52          0          8          0       6427   rt_system.o
      1216        174          0          8         52      10017   rt_task.o
         0          0          0          4          0        206   rt_time.o
         4          4          0          0          0        196   svc_table.o
         8          0          0          0          0         68   __main.o
         0          0          0          0          0          0   __rtentry.o
        20          0          0          0          0          0   __rtentry2.o
         6          0          0          0          0          0   __rtentry4.o
        52          8          0          0          0          0   __scatter.o
        26          0          0          0          0          0   __scatter_copy.o
        28          0          0          0          0          0   __scatter_zi.o
        18          0          0          0          0         80   exit.o
         6          0          0          0          0        152   heapauxi.o
         0          0          0          0          0          0   indicate_semi.o
         2          0          0          0          0          0   libinit.o
         6          0          0          0          0          0   libinit2.o
         2          0          0          0          0          0   libshutdown.o
         2          0          0          0          0          0   libshutdown2.o
         8          4          0          0         96         68   libspace.o
       240          0          0          0          0        100   lludivv7m.o
         2          0          0          0          0          0   rtexit.o
        10          0          0          0          0          0   rtexit2.o
        12          4          0          0          0         68   sys_exit.o
        74          0          0          0          0         80   sys_stackheap_outer.o
         2          0          0          0          0         68   use_no_semi.o
        26          0          0          0          0        116   fpinit.o

    ----------------------------------------------------------------------
      5794        530          0         40        196      80692   Library Totals
        24          0          0          3          0          0   (incl. Padding)

    ----------------------------------------------------------------------

      Code (inc. data)   RO Data    RW Data    ZI Data      Debug   Library Name

      5220        514          0         37        100      79892   RTX_CM4.lib
       524         16          0          0         96        684   c_w.l
        26          0          0          0          0        116   fz_wm.l

    ----------------------------------------------------------------------
      5794        530          0         40        196      80692   Library Totals

    ----------------------------------------------------------------------

==============================================================================


      Code (inc. data)   RO Data    RW Data    ZI Data      Debug   

      9914        560        578         56       3968     120219   Grand Totals
      9914        560        578         56       3968     120219   ELF Image Totals
      9914        560        578         56          0          0   ROM Totals

==============================================================================

    Total RO  Size (Code + RO Data)                10492 (  10.25kB)
    Total RW  Size (RW Data + ZI Data)              4024 (   3.93kB)
    Total ROM Size (Code + RO Data + RW Data)      10548 (  10.30kB)

==============================================================================

