display.c:57:13:DISP_info_home	8	static
display.c:82:13:DISP_info_measurement	16	static
display.c:100:13:DISP_info_calibration	8	static
display.c:118:13:DISP_info_cali_pad	8	static
display.c:132:13:DISP_info_cali_coil	8	static
display.c:149:13:DISP_angle_screen	40	static
display.c:184:13:DISP_curves_screen	80	static
display.c:222:6:DISP_info_screen	16	static
display.c:269:6:DISP_value_screen_sing	72	static
display.c:333:6:DISP_value_screen_accu	72	static
display.c:401:6:DISP_pad_calibration	64	static
display.c:468:6:DISP_coil_calibration	72	static
