../../Middlewares/ST/touchgfx/framework/include/touchgfx/Drawable.hpp:121:18:virtual void touchgfx::Drawable::invalidateContent() const	8	static
../../Middlewares/ST/touchgfx/framework/include/touchgfx/Drawable.hpp:147:23:virtual touchgfx::Drawable* touchgfx::Drawable::getFirstChild()	0	static
../../Middlewares/ST/touchgfx/framework/include/touchgfx/Drawable.hpp:315:18:virtual void touchgfx::Drawable::setX(int16_t)	0	static
../../Middlewares/ST/touchgfx/framework/include/touchgfx/Drawable.hpp:327:18:virtual void touchgfx::Drawable::setY(int16_t)	0	static
../../Middlewares/ST/touchgfx/framework/include/touchgfx/Drawable.hpp:356:18:virtual void touchgfx::Drawable::setWidth(int16_t)	0	static
../../Middlewares/ST/touchgfx/framework/include/touchgfx/Drawable.hpp:368:18:virtual void touchgfx::Drawable::setHeight(int16_t)	0	static
../../Middlewares/ST/touchgfx/framework/include/touchgfx/Drawable.hpp:378:18:virtual void touchgfx::Drawable::childGeometryChanged()	0	static
../../Middlewares/ST/touchgfx/framework/include/touchgfx/Drawable.hpp:389:18:virtual void touchgfx::Drawable::handleClickEvent(const touchgfx::ClickEvent&)	0	static
../../Middlewares/ST/touchgfx/framework/include/touchgfx/Drawable.hpp:401:18:virtual void touchgfx::Drawable::handleGestureEvent(const touchgfx::GestureEvent&)	0	static
../../Middlewares/ST/touchgfx/framework/include/touchgfx/Drawable.hpp:490:18:virtual void touchgfx::Drawable::handleDragEvent(const touchgfx::DragEvent&)	0	static
../../Middlewares/ST/touchgfx/framework/include/touchgfx/Drawable.hpp:501:18:virtual void touchgfx::Drawable::handleTickEvent()	0	static
../../Middlewares/ST/touchgfx/framework/include/touchgfx/Drawable.hpp:588:18:virtual void touchgfx::Drawable::moveTo(int16_t, int16_t)	8	static
../../Middlewares/ST/touchgfx/framework/include/touchgfx/Drawable.hpp:703:18:virtual void touchgfx::Drawable::setupDrawChain(const touchgfx::Rect&, touchgfx::Drawable**)	0	static
../../Middlewares/ST/touchgfx/framework/include/touchgfx/UIEventListener.hpp:44:18:virtual void touchgfx::UIEventListener::handleClickEvent(const touchgfx::ClickEvent&)	0	static
../../Middlewares/ST/touchgfx/framework/include/touchgfx/UIEventListener.hpp:54:18:virtual void touchgfx::UIEventListener::handleDragEvent(const touchgfx::DragEvent&)	0	static
../../Middlewares/ST/touchgfx/framework/include/touchgfx/UIEventListener.hpp:64:18:virtual void touchgfx::UIEventListener::handleGestureEvent(const touchgfx::GestureEvent&)	0	static
../../Middlewares/ST/touchgfx/framework/include/touchgfx/UIEventListener.hpp:74:18:virtual void touchgfx::UIEventListener::handleKeyEvent(uint8_t)	0	static
../../Middlewares/ST/touchgfx/framework/include/touchgfx/UIEventListener.hpp:83:18:virtual void touchgfx::UIEventListener::handleTickEvent()	0	static
../../Middlewares/ST/touchgfx/framework/include/touchgfx/UIEventListener.hpp:88:18:virtual void touchgfx::UIEventListener::handlePendingScreenTransition()	0	static
../../Middlewares/ST/touchgfx/framework/include/touchgfx/UIEventListener.hpp:93:13:touchgfx::UIEventListener::~UIEventListener()	0	static
../../Middlewares/ST/touchgfx/framework/include/touchgfx/Application.hpp:72:18:virtual void touchgfx::Application::changeToStartScreen()	0	static
../../Middlewares/ST/touchgfx/framework/include/touchgfx/Application.hpp:91:18:virtual void touchgfx::Application::appSwitchScreen(uint8_t)	0	static
../../Middlewares/ST/touchgfx/framework/include/touchgfx/Application.hpp:104:18:virtual void touchgfx::Application::requestRedraw(touchgfx::Rect&)	0	static
../../Middlewares/ST/touchgfx/framework/include/touchgfx/widgets/Widget.hpp:45:18:virtual void touchgfx::Widget::getLastChild(int16_t, int16_t, touchgfx::Drawable**)	0	static
../../Middlewares/ST/touchgfx/framework/include/touchgfx/transitions/Transition.hpp:47:13:touchgfx::Transition::~Transition()	0	static
../../Middlewares/ST/touchgfx/framework/include/touchgfx/transitions/Transition.hpp:52:18:virtual void touchgfx::Transition::handleTickEvent()	0	static
../../Middlewares/ST/touchgfx/framework/include/touchgfx/transitions/Transition.hpp:72:18:virtual void touchgfx::Transition::tearDown()	0	static
../../Middlewares/ST/touchgfx/framework/include/touchgfx/transitions/Transition.hpp:80:18:virtual void touchgfx::Transition::init()	0	static
../../Middlewares/ST/touchgfx/framework/include/touchgfx/transitions/Transition.hpp:100:18:virtual void touchgfx::Transition::setScreenContainer(touchgfx::Container&)	0	static
../../Middlewares/ST/touchgfx/framework/include/touchgfx/transitions/Transition.hpp:112:22:virtual touchgfx::Rect touchgfx::Transition::FullSolidRect::getSolidRect() const	0	static
../../Middlewares/ST/touchgfx/framework/include/touchgfx/transitions/Transition.hpp:117:22:virtual void touchgfx::Transition::FullSolidRect::draw(const touchgfx::Rect&) const	0	static
../../Middlewares/ST/touchgfx/framework/include/mvp/MVPApplication.hpp:59:18:virtual void touchgfx::MVPApplication::handlePendingScreenTransition()	8	static
../../Middlewares/ST/touchgfx/framework/include/mvp/MVPApplication.hpp:43:7:touchgfx::MVPApplication::~MVPApplication()	0	static
../../TouchGFX/generated/gui_generated/include/gui_generated/common/FrontendApplicationBase.hpp:16:13:FrontendApplicationBase::~FrontendApplicationBase()	0	static
../../Middlewares/ST/touchgfx/framework/include/touchgfx/transitions/NoTransition.hpp:35:18:virtual void touchgfx::NoTransition::handleTickEvent()	0	static
../../Middlewares/ST/touchgfx/framework/include/touchgfx/transitions/Transition.hpp:109:11:touchgfx::Transition::FullSolidRect::~FullSolidRect()	0	static
../../Middlewares/ST/touchgfx/framework/include/touchgfx/transitions/WipeTransition.hpp:37:7:touchgfx::WipeTransition<touchgfx::WEST>::~WipeTransition()	0	static
../../Middlewares/ST/touchgfx/framework/include/touchgfx/transitions/WipeTransition.hpp:37:7:touchgfx::WipeTransition<touchgfx::EAST>::~WipeTransition()	0	static
../../Middlewares/ST/touchgfx/framework/include/touchgfx/transitions/NoTransition.hpp:31:7:touchgfx::NoTransition::~NoTransition()	0	static
../../Middlewares/ST/touchgfx/framework/include/touchgfx/Callback.hpp:424:8:touchgfx::Callback<FrontendApplicationBase>::~Callback()	0	static
../../Middlewares/ST/touchgfx/framework/include/touchgfx/transitions/WipeTransition.hpp:162:18:void touchgfx::WipeTransition<templateDirection>::tearDown() [with touchgfx::Direction templateDirection = touchgfx::WEST]	8	static
../../Middlewares/ST/touchgfx/framework/include/touchgfx/transitions/WipeTransition.hpp:167:18:void touchgfx::WipeTransition<templateDirection>::init() [with touchgfx::Direction templateDirection = touchgfx::WEST]	8	static
../../Middlewares/ST/touchgfx/framework/include/touchgfx/transitions/WipeTransition.hpp:178:18:void touchgfx::WipeTransition<templateDirection>::invalidate() [with touchgfx::Direction templateDirection = touchgfx::WEST]	0	static
../../Middlewares/ST/touchgfx/framework/include/touchgfx/transitions/WipeTransition.hpp:162:18:void touchgfx::WipeTransition<templateDirection>::tearDown() [with touchgfx::Direction templateDirection = touchgfx::EAST]	8	static
../../Middlewares/ST/touchgfx/framework/include/touchgfx/transitions/WipeTransition.hpp:167:18:void touchgfx::WipeTransition<templateDirection>::init() [with touchgfx::Direction templateDirection = touchgfx::EAST]	8	static
../../Middlewares/ST/touchgfx/framework/include/touchgfx/transitions/WipeTransition.hpp:178:18:void touchgfx::WipeTransition<templateDirection>::invalidate() [with touchgfx::Direction templateDirection = touchgfx::EAST]	0	static
../../Middlewares/ST/touchgfx/framework/include/touchgfx/Callback.hpp:449:18:void touchgfx::Callback<dest_type, void, void, void>::execute() [with dest_type = FrontendApplicationBase]	8	static
../../Middlewares/ST/touchgfx/framework/include/touchgfx/Callback.hpp:459:18:bool touchgfx::Callback<dest_type, void, void, void>::isValid() const [with dest_type = FrontendApplicationBase]	0	static
../../Middlewares/ST/touchgfx/framework/include/touchgfx/UIEventListener.hpp:93:13:virtual touchgfx::UIEventListener::~UIEventListener()	8	static
../../Middlewares/ST/touchgfx/framework/include/touchgfx/transitions/NoTransition.hpp:31:7:virtual touchgfx::NoTransition::~NoTransition()	8	static
../../Middlewares/ST/touchgfx/framework/include/touchgfx/transitions/Transition.hpp:47:13:virtual touchgfx::Transition::~Transition()	8	static
../../Middlewares/ST/touchgfx/framework/include/touchgfx/Callback.hpp:424:8:virtual touchgfx::Callback<FrontendApplicationBase>::~Callback()	8	static
../../Middlewares/ST/touchgfx/framework/include/mvp/MVPApplication.hpp:43:7:virtual touchgfx::MVPApplication::~MVPApplication()	8	static
../../TouchGFX/generated/gui_generated/include/gui_generated/common/FrontendApplicationBase.hpp:16:13:virtual FrontendApplicationBase::~FrontendApplicationBase()	8	static
../../Middlewares/ST/touchgfx/framework/include/touchgfx/transitions/WipeTransition.hpp:37:7:virtual touchgfx::WipeTransition<touchgfx::WEST>::~WipeTransition()	8	static
../../Middlewares/ST/touchgfx/framework/include/touchgfx/transitions/Transition.hpp:109:11:virtual touchgfx::Transition::FullSolidRect::~FullSolidRect()	8	static
../../Middlewares/ST/touchgfx/framework/include/touchgfx/transitions/WipeTransition.hpp:37:7:virtual touchgfx::WipeTransition<touchgfx::EAST>::~WipeTransition()	8	static
../../Middlewares/ST/touchgfx/framework/include/touchgfx/transitions/Transition.hpp:89:18:virtual void touchgfx::Transition::invalidate()	8	static
../../Middlewares/ST/touchgfx/framework/include/touchgfx/transitions/WipeTransition.hpp:72:18:void touchgfx::WipeTransition<templateDirection>::handleTickEvent() [with touchgfx::Direction templateDirection = touchgfx::WEST]	16	static
../../Middlewares/ST/touchgfx/framework/include/touchgfx/transitions/WipeTransition.hpp:72:18:void touchgfx::WipeTransition<templateDirection>::handleTickEvent() [with touchgfx::Direction templateDirection = touchgfx::EAST]	16	static
C:/Users/aleja/Documents/Github/PM3-Cable_Monitor/Software/Cable-Monitor_TouchGFX/Cable_Monitor_Horwey/TouchGFX/generated/gui_generated/src/common/FrontendApplicationBase.cpp:39:1:FrontendApplicationBase::FrontendApplicationBase(Model&, FrontendHeap&)	24	static
C:/Users/aleja/Documents/Github/PM3-Cable_Monitor/Software/Cable-Monitor_TouchGFX/Cable_Monitor_Horwey/TouchGFX/generated/gui_generated/src/common/FrontendApplicationBase.cpp:57:6:void FrontendApplicationBase::gotoMain_MenuScreenNoTransition()	40	static
../../TouchGFX/generated/gui_generated/include/gui_generated/common/FrontendApplicationBase.hpp:18:18:virtual void FrontendApplicationBase::changeToStartScreen()	8	static
C:/Users/aleja/Documents/Github/PM3-Cable_Monitor/Software/Cable-Monitor_TouchGFX/Cable_Monitor_Horwey/TouchGFX/generated/gui_generated/src/common/FrontendApplicationBase.cpp:68:6:void FrontendApplicationBase::gotoMain_MenuScreenWipeTransitionWest()	40	static
C:/Users/aleja/Documents/Github/PM3-Cable_Monitor/Software/Cable-Monitor_TouchGFX/Cable_Monitor_Horwey/TouchGFX/generated/gui_generated/src/common/FrontendApplicationBase.cpp:81:6:void FrontendApplicationBase::gotoMeasurementScreenWipeTransitionEast()	40	static
C:/Users/aleja/Documents/Github/PM3-Cable_Monitor/Software/Cable-Monitor_TouchGFX/Cable_Monitor_Horwey/TouchGFX/generated/gui_generated/src/common/FrontendApplicationBase.cpp:92:6:void FrontendApplicationBase::gotoMeasurementScreenWipeTransitionWest()	40	static
C:/Users/aleja/Documents/Github/PM3-Cable_Monitor/Software/Cable-Monitor_TouchGFX/Cable_Monitor_Horwey/TouchGFX/generated/gui_generated/src/common/FrontendApplicationBase.cpp:105:6:void FrontendApplicationBase::gotoMeasurement_SingleScreenWipeTransitionEast()	40	static
C:/Users/aleja/Documents/Github/PM3-Cable_Monitor/Software/Cable-Monitor_TouchGFX/Cable_Monitor_Horwey/TouchGFX/generated/gui_generated/src/common/FrontendApplicationBase.cpp:118:6:void FrontendApplicationBase::gotoMeasurement_Single_Display_1PScreenWipeTransitionEast()	40	static
C:/Users/aleja/Documents/Github/PM3-Cable_Monitor/Software/Cable-Monitor_TouchGFX/Cable_Monitor_Horwey/TouchGFX/generated/gui_generated/src/common/FrontendApplicationBase.cpp:131:6:void FrontendApplicationBase::gotoMeasurement_Single_Display_3PScreenWipeTransitionEast()	40	static
C:/Users/aleja/Documents/Github/PM3-Cable_Monitor/Software/Cable-Monitor_TouchGFX/Cable_Monitor_Horwey/TouchGFX/generated/gui_generated/src/common/FrontendApplicationBase.cpp:144:6:void FrontendApplicationBase::gotoMeasurement_AccurateScreenWipeTransitionEast()	40	static
C:/Users/aleja/Documents/Github/PM3-Cable_Monitor/Software/Cable-Monitor_TouchGFX/Cable_Monitor_Horwey/TouchGFX/generated/gui_generated/src/common/FrontendApplicationBase.cpp:155:6:void FrontendApplicationBase::gotoMeasurement_AccurateScreenWipeTransitionWest()	40	static
C:/Users/aleja/Documents/Github/PM3-Cable_Monitor/Software/Cable-Monitor_TouchGFX/Cable_Monitor_Horwey/TouchGFX/generated/gui_generated/src/common/FrontendApplicationBase.cpp:168:6:void FrontendApplicationBase::gotoMeasurement_Accurate_Display_1PScreenWipeTransitionEast()	40	static
C:/Users/aleja/Documents/Github/PM3-Cable_Monitor/Software/Cable-Monitor_TouchGFX/Cable_Monitor_Horwey/TouchGFX/generated/gui_generated/src/common/FrontendApplicationBase.cpp:181:6:void FrontendApplicationBase::gotoMeasurement_Accurate_Display_3PScreenWipeTransitionEast()	40	static
C:/Users/aleja/Documents/Github/PM3-Cable_Monitor/Software/Cable-Monitor_TouchGFX/Cable_Monitor_Horwey/TouchGFX/generated/gui_generated/src/common/FrontendApplicationBase.cpp:194:6:void FrontendApplicationBase::gotoCalibrationScreenWipeTransitionEast()	40	static
C:/Users/aleja/Documents/Github/PM3-Cable_Monitor/Software/Cable-Monitor_TouchGFX/Cable_Monitor_Horwey/TouchGFX/generated/gui_generated/src/common/FrontendApplicationBase.cpp:207:6:void FrontendApplicationBase::gotoProject_InfoScreenWipeTransitionEast()	40	static
C:/Users/aleja/Documents/Github/PM3-Cable_Monitor/Software/Cable-Monitor_TouchGFX/Cable_Monitor_Horwey/TouchGFX/generated/gui_generated/src/common/FrontendApplicationBase.cpp:220:6:void FrontendApplicationBase::gotoSettingsScreenWipeTransitionEast()	40	static
C:/Users/aleja/Documents/Github/PM3-Cable_Monitor/Software/Cable-Monitor_TouchGFX/Cable_Monitor_Horwey/TouchGFX/generated/gui_generated/src/common/FrontendApplicationBase.cpp:233:6:void FrontendApplicationBase::gotoShutting_OffScreenNoTransition()	40	static
../../Middlewares/ST/touchgfx/framework/include/mvp/MVPApplication.hpp:161:16:PresenterType* touchgfx::makeTransition(touchgfx::Screen**, touchgfx::Presenter**, touchgfx::MVPHeap&, touchgfx::Transition**, ModelType*) [with ScreenType = Main_MenuView; PresenterType = Main_MenuPresenter; TransType = touchgfx::NoTransition; ModelType = Model]	40	static
C:/Users/aleja/Documents/Github/PM3-Cable_Monitor/Software/Cable-Monitor_TouchGFX/Cable_Monitor_Horwey/TouchGFX/generated/gui_generated/src/common/FrontendApplicationBase.cpp:63:6:void FrontendApplicationBase::gotoMain_MenuScreenNoTransitionImpl()	16	static
../../Middlewares/ST/touchgfx/framework/include/mvp/MVPApplication.hpp:161:16:PresenterType* touchgfx::makeTransition(touchgfx::Screen**, touchgfx::Presenter**, touchgfx::MVPHeap&, touchgfx::Transition**, ModelType*) [with ScreenType = Main_MenuView; PresenterType = Main_MenuPresenter; TransType = touchgfx::WipeTransition<touchgfx::WEST>; ModelType = Model]	48	static
C:/Users/aleja/Documents/Github/PM3-Cable_Monitor/Software/Cable-Monitor_TouchGFX/Cable_Monitor_Horwey/TouchGFX/generated/gui_generated/src/common/FrontendApplicationBase.cpp:74:6:void FrontendApplicationBase::gotoMain_MenuScreenWipeTransitionWestImpl()	16	static
../../Middlewares/ST/touchgfx/framework/include/mvp/MVPApplication.hpp:161:16:PresenterType* touchgfx::makeTransition(touchgfx::Screen**, touchgfx::Presenter**, touchgfx::MVPHeap&, touchgfx::Transition**, ModelType*) [with ScreenType = MeasurementView; PresenterType = MeasurementPresenter; TransType = touchgfx::WipeTransition<touchgfx::EAST>; ModelType = Model]	48	static
C:/Users/aleja/Documents/Github/PM3-Cable_Monitor/Software/Cable-Monitor_TouchGFX/Cable_Monitor_Horwey/TouchGFX/generated/gui_generated/src/common/FrontendApplicationBase.cpp:87:6:void FrontendApplicationBase::gotoMeasurementScreenWipeTransitionEastImpl()	16	static
../../Middlewares/ST/touchgfx/framework/include/mvp/MVPApplication.hpp:161:16:PresenterType* touchgfx::makeTransition(touchgfx::Screen**, touchgfx::Presenter**, touchgfx::MVPHeap&, touchgfx::Transition**, ModelType*) [with ScreenType = MeasurementView; PresenterType = MeasurementPresenter; TransType = touchgfx::WipeTransition<touchgfx::WEST>; ModelType = Model]	48	static
C:/Users/aleja/Documents/Github/PM3-Cable_Monitor/Software/Cable-Monitor_TouchGFX/Cable_Monitor_Horwey/TouchGFX/generated/gui_generated/src/common/FrontendApplicationBase.cpp:98:6:void FrontendApplicationBase::gotoMeasurementScreenWipeTransitionWestImpl()	16	static
../../Middlewares/ST/touchgfx/framework/include/mvp/MVPApplication.hpp:161:16:PresenterType* touchgfx::makeTransition(touchgfx::Screen**, touchgfx::Presenter**, touchgfx::MVPHeap&, touchgfx::Transition**, ModelType*) [with ScreenType = Measurement_SingleView; PresenterType = Measurement_SinglePresenter; TransType = touchgfx::WipeTransition<touchgfx::EAST>; ModelType = Model]	48	static
C:/Users/aleja/Documents/Github/PM3-Cable_Monitor/Software/Cable-Monitor_TouchGFX/Cable_Monitor_Horwey/TouchGFX/generated/gui_generated/src/common/FrontendApplicationBase.cpp:111:6:void FrontendApplicationBase::gotoMeasurement_SingleScreenWipeTransitionEastImpl()	16	static
../../Middlewares/ST/touchgfx/framework/include/mvp/MVPApplication.hpp:161:16:PresenterType* touchgfx::makeTransition(touchgfx::Screen**, touchgfx::Presenter**, touchgfx::MVPHeap&, touchgfx::Transition**, ModelType*) [with ScreenType = Measurement_Single_Display_1PView; PresenterType = Measurement_Single_Display_1PPresenter; TransType = touchgfx::WipeTransition<touchgfx::EAST>; ModelType = Model]	48	static
C:/Users/aleja/Documents/Github/PM3-Cable_Monitor/Software/Cable-Monitor_TouchGFX/Cable_Monitor_Horwey/TouchGFX/generated/gui_generated/src/common/FrontendApplicationBase.cpp:124:6:void FrontendApplicationBase::gotoMeasurement_Single_Display_1PScreenWipeTransitionEastImpl()	16	static
../../Middlewares/ST/touchgfx/framework/include/mvp/MVPApplication.hpp:161:16:PresenterType* touchgfx::makeTransition(touchgfx::Screen**, touchgfx::Presenter**, touchgfx::MVPHeap&, touchgfx::Transition**, ModelType*) [with ScreenType = Measurement_Single_Display_3PView; PresenterType = Measurement_Single_Display_3PPresenter; TransType = touchgfx::WipeTransition<touchgfx::EAST>; ModelType = Model]	48	static
C:/Users/aleja/Documents/Github/PM3-Cable_Monitor/Software/Cable-Monitor_TouchGFX/Cable_Monitor_Horwey/TouchGFX/generated/gui_generated/src/common/FrontendApplicationBase.cpp:137:6:void FrontendApplicationBase::gotoMeasurement_Single_Display_3PScreenWipeTransitionEastImpl()	16	static
../../Middlewares/ST/touchgfx/framework/include/mvp/MVPApplication.hpp:161:16:PresenterType* touchgfx::makeTransition(touchgfx::Screen**, touchgfx::Presenter**, touchgfx::MVPHeap&, touchgfx::Transition**, ModelType*) [with ScreenType = Measurement_AccurateView; PresenterType = Measurement_AccuratePresenter; TransType = touchgfx::WipeTransition<touchgfx::EAST>; ModelType = Model]	48	static
C:/Users/aleja/Documents/Github/PM3-Cable_Monitor/Software/Cable-Monitor_TouchGFX/Cable_Monitor_Horwey/TouchGFX/generated/gui_generated/src/common/FrontendApplicationBase.cpp:150:6:void FrontendApplicationBase::gotoMeasurement_AccurateScreenWipeTransitionEastImpl()	16	static
../../Middlewares/ST/touchgfx/framework/include/mvp/MVPApplication.hpp:161:16:PresenterType* touchgfx::makeTransition(touchgfx::Screen**, touchgfx::Presenter**, touchgfx::MVPHeap&, touchgfx::Transition**, ModelType*) [with ScreenType = Measurement_AccurateView; PresenterType = Measurement_AccuratePresenter; TransType = touchgfx::WipeTransition<touchgfx::WEST>; ModelType = Model]	48	static
C:/Users/aleja/Documents/Github/PM3-Cable_Monitor/Software/Cable-Monitor_TouchGFX/Cable_Monitor_Horwey/TouchGFX/generated/gui_generated/src/common/FrontendApplicationBase.cpp:161:6:void FrontendApplicationBase::gotoMeasurement_AccurateScreenWipeTransitionWestImpl()	16	static
../../Middlewares/ST/touchgfx/framework/include/mvp/MVPApplication.hpp:161:16:PresenterType* touchgfx::makeTransition(touchgfx::Screen**, touchgfx::Presenter**, touchgfx::MVPHeap&, touchgfx::Transition**, ModelType*) [with ScreenType = Measurement_Accurate_Display_1PView; PresenterType = Measurement_Accurate_Display_1PPresenter; TransType = touchgfx::WipeTransition<touchgfx::EAST>; ModelType = Model]	48	static
C:/Users/aleja/Documents/Github/PM3-Cable_Monitor/Software/Cable-Monitor_TouchGFX/Cable_Monitor_Horwey/TouchGFX/generated/gui_generated/src/common/FrontendApplicationBase.cpp:174:6:void FrontendApplicationBase::gotoMeasurement_Accurate_Display_1PScreenWipeTransitionEastImpl()	16	static
../../Middlewares/ST/touchgfx/framework/include/mvp/MVPApplication.hpp:161:16:PresenterType* touchgfx::makeTransition(touchgfx::Screen**, touchgfx::Presenter**, touchgfx::MVPHeap&, touchgfx::Transition**, ModelType*) [with ScreenType = Measurement_Accurate_Display_3PView; PresenterType = Measurement_Accurate_Display_3PPresenter; TransType = touchgfx::WipeTransition<touchgfx::EAST>; ModelType = Model]	48	static
C:/Users/aleja/Documents/Github/PM3-Cable_Monitor/Software/Cable-Monitor_TouchGFX/Cable_Monitor_Horwey/TouchGFX/generated/gui_generated/src/common/FrontendApplicationBase.cpp:187:6:void FrontendApplicationBase::gotoMeasurement_Accurate_Display_3PScreenWipeTransitionEastImpl()	16	static
../../Middlewares/ST/touchgfx/framework/include/mvp/MVPApplication.hpp:161:16:PresenterType* touchgfx::makeTransition(touchgfx::Screen**, touchgfx::Presenter**, touchgfx::MVPHeap&, touchgfx::Transition**, ModelType*) [with ScreenType = CalibrationView; PresenterType = CalibrationPresenter; TransType = touchgfx::WipeTransition<touchgfx::EAST>; ModelType = Model]	48	static
C:/Users/aleja/Documents/Github/PM3-Cable_Monitor/Software/Cable-Monitor_TouchGFX/Cable_Monitor_Horwey/TouchGFX/generated/gui_generated/src/common/FrontendApplicationBase.cpp:200:6:void FrontendApplicationBase::gotoCalibrationScreenWipeTransitionEastImpl()	16	static
../../Middlewares/ST/touchgfx/framework/include/mvp/MVPApplication.hpp:161:16:PresenterType* touchgfx::makeTransition(touchgfx::Screen**, touchgfx::Presenter**, touchgfx::MVPHeap&, touchgfx::Transition**, ModelType*) [with ScreenType = Project_InfoView; PresenterType = Project_InfoPresenter; TransType = touchgfx::WipeTransition<touchgfx::EAST>; ModelType = Model]	48	static
C:/Users/aleja/Documents/Github/PM3-Cable_Monitor/Software/Cable-Monitor_TouchGFX/Cable_Monitor_Horwey/TouchGFX/generated/gui_generated/src/common/FrontendApplicationBase.cpp:213:6:void FrontendApplicationBase::gotoProject_InfoScreenWipeTransitionEastImpl()	16	static
../../Middlewares/ST/touchgfx/framework/include/mvp/MVPApplication.hpp:161:16:PresenterType* touchgfx::makeTransition(touchgfx::Screen**, touchgfx::Presenter**, touchgfx::MVPHeap&, touchgfx::Transition**, ModelType*) [with ScreenType = SettingsView; PresenterType = SettingsPresenter; TransType = touchgfx::WipeTransition<touchgfx::EAST>; ModelType = Model]	48	static
C:/Users/aleja/Documents/Github/PM3-Cable_Monitor/Software/Cable-Monitor_TouchGFX/Cable_Monitor_Horwey/TouchGFX/generated/gui_generated/src/common/FrontendApplicationBase.cpp:226:6:void FrontendApplicationBase::gotoSettingsScreenWipeTransitionEastImpl()	16	static
../../Middlewares/ST/touchgfx/framework/include/mvp/MVPApplication.hpp:161:16:PresenterType* touchgfx::makeTransition(touchgfx::Screen**, touchgfx::Presenter**, touchgfx::MVPHeap&, touchgfx::Transition**, ModelType*) [with ScreenType = Shutting_OffView; PresenterType = Shutting_OffPresenter; TransType = touchgfx::NoTransition; ModelType = Model]	40	static
C:/Users/aleja/Documents/Github/PM3-Cable_Monitor/Software/Cable-Monitor_TouchGFX/Cable_Monitor_Horwey/TouchGFX/generated/gui_generated/src/common/FrontendApplicationBase.cpp:239:6:void FrontendApplicationBase::gotoShutting_OffScreenNoTransitionImpl()	16	static
