../../Middlewares/ST/touchgfx/framework/include/touchgfx/Drawable.hpp:147:23:virtual touchgfx::Drawable* touchgfx::Drawable::getFirstChild()	0	static
../../Middlewares/ST/touchgfx/framework/include/touchgfx/Drawable.hpp:315:18:virtual void touchgfx::Drawable::setX(int16_t)	0	static
../../Middlewares/ST/touchgfx/framework/include/touchgfx/Drawable.hpp:327:18:virtual void touchgfx::Drawable::setY(int16_t)	0	static
../../Middlewares/ST/touchgfx/framework/include/touchgfx/Drawable.hpp:356:18:virtual void touchgfx::Drawable::setWidth(int16_t)	0	static
../../Middlewares/ST/touchgfx/framework/include/touchgfx/Drawable.hpp:368:18:virtual void touchgfx::Drawable::setHeight(int16_t)	0	static
../../Middlewares/ST/touchgfx/framework/include/touchgfx/Drawable.hpp:378:18:virtual void touchgfx::Drawable::childGeometryChanged()	0	static
../../Middlewares/ST/touchgfx/framework/include/touchgfx/Drawable.hpp:389:18:virtual void touchgfx::Drawable::handleClickEvent(const touchgfx::ClickEvent&)	0	static
../../Middlewares/ST/touchgfx/framework/include/touchgfx/Drawable.hpp:401:18:virtual void touchgfx::Drawable::handleGestureEvent(const touchgfx::GestureEvent&)	0	static
../../Middlewares/ST/touchgfx/framework/include/touchgfx/Drawable.hpp:490:18:virtual void touchgfx::Drawable::handleDragEvent(const touchgfx::DragEvent&)	0	static
../../Middlewares/ST/touchgfx/framework/include/touchgfx/Drawable.hpp:501:18:virtual void touchgfx::Drawable::handleTickEvent()	0	static
../../Middlewares/ST/touchgfx/framework/include/touchgfx/Drawable.hpp:588:18:virtual void touchgfx::Drawable::moveTo(int16_t, int16_t)	4	static
../../Middlewares/ST/touchgfx/framework/include/touchgfx/Drawable.hpp:703:18:virtual void touchgfx::Drawable::setupDrawChain(const touchgfx::Rect&, touchgfx::Drawable**)	0	static
../../Middlewares/ST/touchgfx/framework/include/touchgfx/Application.hpp:72:18:virtual void touchgfx::Application::changeToStartScreen()	0	static
../../Middlewares/ST/touchgfx/framework/include/touchgfx/Application.hpp:91:18:virtual void touchgfx::Application::appSwitchScreen(uint8_t)	0	static
../../Middlewares/ST/touchgfx/framework/include/touchgfx/Application.hpp:104:18:virtual void touchgfx::Application::requestRedraw(touchgfx::Rect&)	0	static
../../Middlewares/ST/touchgfx/framework/include/touchgfx/widgets/Widget.hpp:45:18:virtual void touchgfx::Widget::getLastChild(int16_t, int16_t, touchgfx::Drawable**)	0	static
../../Middlewares/ST/touchgfx/framework/include/touchgfx/transitions/Transition.hpp:72:18:virtual void touchgfx::Transition::tearDown()	0	static
../../Middlewares/ST/touchgfx/framework/include/touchgfx/transitions/Transition.hpp:80:18:virtual void touchgfx::Transition::init()	0	static
../../Middlewares/ST/touchgfx/framework/include/touchgfx/transitions/Transition.hpp:100:18:virtual void touchgfx::Transition::setScreenContainer(touchgfx::Container&)	0	static
../../Middlewares/ST/touchgfx/framework/include/touchgfx/transitions/Transition.hpp:112:22:virtual touchgfx::Rect touchgfx::Transition::FullSolidRect::getSolidRect() const	8	static
../../Middlewares/ST/touchgfx/framework/include/touchgfx/transitions/Transition.hpp:117:22:virtual void touchgfx::Transition::FullSolidRect::draw(const touchgfx::Rect&) const	0	static
../../Middlewares/ST/touchgfx/framework/include/mvp/MVPApplication.hpp:43:7:touchgfx::MVPApplication::~MVPApplication()	0	static
../../TouchGFX/generated/gui_generated/include/gui_generated/common/FrontendApplicationBase.hpp:16:13:FrontendApplicationBase::~FrontendApplicationBase()	0	static
../../TouchGFX/generated/gui_generated/include/gui_generated/common/FrontendApplicationBase.hpp:18:18:virtual void FrontendApplicationBase::changeToStartScreen()	0	static
../../Middlewares/ST/touchgfx/framework/include/touchgfx/transitions/NoTransition.hpp:35:18:virtual void touchgfx::NoTransition::handleTickEvent()	0	static
../../Middlewares/ST/touchgfx/framework/include/touchgfx/transitions/Transition.hpp:109:11:touchgfx::Transition::FullSolidRect::~FullSolidRect()	0	static
../../Middlewares/ST/touchgfx/framework/include/touchgfx/transitions/WipeTransition.hpp:37:7:touchgfx::WipeTransition<touchgfx::WEST>::~WipeTransition()	0	static
../../Middlewares/ST/touchgfx/framework/include/touchgfx/transitions/WipeTransition.hpp:37:7:touchgfx::WipeTransition<touchgfx::EAST>::~WipeTransition()	0	static
../../Middlewares/ST/touchgfx/framework/include/touchgfx/transitions/NoTransition.hpp:31:7:touchgfx::NoTransition::~NoTransition()	0	static
../../Middlewares/ST/touchgfx/framework/include/touchgfx/Callback.hpp:424:8:touchgfx::Callback<FrontendApplicationBase>::~Callback()	0	static
../../Middlewares/ST/touchgfx/framework/include/touchgfx/transitions/WipeTransition.hpp:162:18:void touchgfx::WipeTransition<templateDirection>::tearDown() [with touchgfx::Direction templateDirection = touchgfx::WEST]	0	static
../../Middlewares/ST/touchgfx/framework/include/touchgfx/transitions/WipeTransition.hpp:167:18:void touchgfx::WipeTransition<templateDirection>::init() [with touchgfx::Direction templateDirection = touchgfx::WEST]	0	static
../../Middlewares/ST/touchgfx/framework/include/touchgfx/transitions/WipeTransition.hpp:178:18:void touchgfx::WipeTransition<templateDirection>::invalidate() [with touchgfx::Direction templateDirection = touchgfx::WEST]	0	static
../../Middlewares/ST/touchgfx/framework/include/touchgfx/transitions/WipeTransition.hpp:162:18:void touchgfx::WipeTransition<templateDirection>::tearDown() [with touchgfx::Direction templateDirection = touchgfx::EAST]	0	static
../../Middlewares/ST/touchgfx/framework/include/touchgfx/transitions/WipeTransition.hpp:167:18:void touchgfx::WipeTransition<templateDirection>::init() [with touchgfx::Direction templateDirection = touchgfx::EAST]	0	static
../../Middlewares/ST/touchgfx/framework/include/touchgfx/transitions/WipeTransition.hpp:178:18:void touchgfx::WipeTransition<templateDirection>::invalidate() [with touchgfx::Direction templateDirection = touchgfx::EAST]	0	static
../../Middlewares/ST/touchgfx/framework/include/touchgfx/Callback.hpp:449:18:void touchgfx::Callback<dest_type, void, void, void>::execute() [with dest_type = FrontendApplicationBase]	4	static
../../Middlewares/ST/touchgfx/framework/include/touchgfx/Callback.hpp:459:18:bool touchgfx::Callback<dest_type, void, void, void>::isValid() const [with dest_type = FrontendApplicationBase]	0	static
../../Middlewares/ST/touchgfx/framework/include/touchgfx/transitions/NoTransition.hpp:31:7:virtual touchgfx::NoTransition::~NoTransition()	8	static
../../Middlewares/ST/touchgfx/framework/include/touchgfx/Callback.hpp:424:8:virtual touchgfx::Callback<FrontendApplicationBase>::~Callback()	8	static
../../Middlewares/ST/touchgfx/framework/include/mvp/MVPApplication.hpp:43:7:virtual touchgfx::MVPApplication::~MVPApplication()	8	static
../../TouchGFX/generated/gui_generated/include/gui_generated/common/FrontendApplicationBase.hpp:16:13:virtual FrontendApplicationBase::~FrontendApplicationBase()	8	static
../../Middlewares/ST/touchgfx/framework/include/touchgfx/transitions/WipeTransition.hpp:37:7:virtual touchgfx::WipeTransition<touchgfx::WEST>::~WipeTransition()	8	static
../../Middlewares/ST/touchgfx/framework/include/touchgfx/transitions/Transition.hpp:109:11:virtual touchgfx::Transition::FullSolidRect::~FullSolidRect()	8	static
../../Middlewares/ST/touchgfx/framework/include/touchgfx/transitions/WipeTransition.hpp:37:7:virtual touchgfx::WipeTransition<touchgfx::EAST>::~WipeTransition()	8	static
../../Middlewares/ST/touchgfx/framework/include/touchgfx/transitions/Transition.hpp:89:18:virtual void touchgfx::Transition::invalidate()	8	static
../../Middlewares/ST/touchgfx/framework/include/touchgfx/Drawable.hpp:121:18:virtual void touchgfx::Drawable::invalidateContent() const	0	static
../../Middlewares/ST/touchgfx/framework/include/touchgfx/transitions/WipeTransition.hpp:72:18:void touchgfx::WipeTransition<templateDirection>::handleTickEvent() [with touchgfx::Direction templateDirection = touchgfx::WEST]	16	static
../../Middlewares/ST/touchgfx/framework/include/mvp/MVPApplication.hpp:59:18:virtual void touchgfx::MVPApplication::handlePendingScreenTransition()	8	static
C:/Users/aleja/Documents/Github/PM3-Cable_Monitor/Software/Cable-Monitor_TouchGFX/Cable_Monitor_Horwey/TouchGFX/generated/gui_generated/src/common/FrontendApplicationBase.cpp:265:6:void FrontendApplicationBase::gotoShutting_OffScreenNoTransitionImpl()	40	static
../../Middlewares/ST/touchgfx/framework/include/touchgfx/transitions/WipeTransition.hpp:72:18:void touchgfx::WipeTransition<templateDirection>::handleTickEvent() [with touchgfx::Direction templateDirection = touchgfx::EAST]	24	static
C:/Users/aleja/Documents/Github/PM3-Cable_Monitor/Software/Cable-Monitor_TouchGFX/Cable_Monitor_Horwey/TouchGFX/generated/gui_generated/src/common/FrontendApplicationBase.cpp:65:6:void FrontendApplicationBase::gotoMain_MenuScreenNoTransitionImpl()	40	static
../../Middlewares/ST/touchgfx/framework/include/touchgfx/Drawable.hpp:233:10:void touchgfx::Drawable::setPosition(int16_t, int16_t, int16_t, int16_t)	24	static
../../Middlewares/ST/touchgfx/framework/include/touchgfx/hal/HAL.hpp:268:17:static touchgfx::LCD& touchgfx::HAL::lcd()	0	static
C:/Users/aleja/Documents/Github/PM3-Cable_Monitor/Software/Cable-Monitor_TouchGFX/Cable_Monitor_Horwey/TouchGFX/generated/gui_generated/src/common/FrontendApplicationBase.cpp:41:1:FrontendApplicationBase::FrontendApplicationBase(Model&, FrontendHeap&)	24	static
C:/Users/aleja/Documents/Github/PM3-Cable_Monitor/Software/Cable-Monitor_TouchGFX/Cable_Monitor_Horwey/TouchGFX/generated/gui_generated/src/common/FrontendApplicationBase.cpp:59:6:void FrontendApplicationBase::gotoMain_MenuScreenNoTransition()	0	static
C:/Users/aleja/Documents/Github/PM3-Cable_Monitor/Software/Cable-Monitor_TouchGFX/Cable_Monitor_Horwey/TouchGFX/generated/gui_generated/src/common/FrontendApplicationBase.cpp:70:6:void FrontendApplicationBase::gotoMain_MenuScreenWipeTransitionWest()	0	static
C:/Users/aleja/Documents/Github/PM3-Cable_Monitor/Software/Cable-Monitor_TouchGFX/Cable_Monitor_Horwey/TouchGFX/generated/gui_generated/src/common/FrontendApplicationBase.cpp:83:6:void FrontendApplicationBase::gotoMeasurementScreenWipeTransitionEast()	0	static
C:/Users/aleja/Documents/Github/PM3-Cable_Monitor/Software/Cable-Monitor_TouchGFX/Cable_Monitor_Horwey/TouchGFX/generated/gui_generated/src/common/FrontendApplicationBase.cpp:94:6:void FrontendApplicationBase::gotoMeasurementScreenWipeTransitionWest()	0	static
C:/Users/aleja/Documents/Github/PM3-Cable_Monitor/Software/Cable-Monitor_TouchGFX/Cable_Monitor_Horwey/TouchGFX/generated/gui_generated/src/common/FrontendApplicationBase.cpp:107:6:void FrontendApplicationBase::gotoMeasurement_SingleScreenWipeTransitionEast()	0	static
C:/Users/aleja/Documents/Github/PM3-Cable_Monitor/Software/Cable-Monitor_TouchGFX/Cable_Monitor_Horwey/TouchGFX/generated/gui_generated/src/common/FrontendApplicationBase.cpp:120:6:void FrontendApplicationBase::gotoMeasurement_Single_Display_1PScreenWipeTransitionEast()	0	static
C:/Users/aleja/Documents/Github/PM3-Cable_Monitor/Software/Cable-Monitor_TouchGFX/Cable_Monitor_Horwey/TouchGFX/generated/gui_generated/src/common/FrontendApplicationBase.cpp:133:6:void FrontendApplicationBase::gotoMeasurement_Single_Display_3PScreenWipeTransitionEast()	0	static
C:/Users/aleja/Documents/Github/PM3-Cable_Monitor/Software/Cable-Monitor_TouchGFX/Cable_Monitor_Horwey/TouchGFX/generated/gui_generated/src/common/FrontendApplicationBase.cpp:146:6:void FrontendApplicationBase::gotoMeasurement_AccurateScreenWipeTransitionEast()	0	static
C:/Users/aleja/Documents/Github/PM3-Cable_Monitor/Software/Cable-Monitor_TouchGFX/Cable_Monitor_Horwey/TouchGFX/generated/gui_generated/src/common/FrontendApplicationBase.cpp:157:6:void FrontendApplicationBase::gotoMeasurement_AccurateScreenWipeTransitionWest()	0	static
C:/Users/aleja/Documents/Github/PM3-Cable_Monitor/Software/Cable-Monitor_TouchGFX/Cable_Monitor_Horwey/TouchGFX/generated/gui_generated/src/common/FrontendApplicationBase.cpp:170:6:void FrontendApplicationBase::gotoMeasurement_Accurate_DisplayScreenWipeTransitionEast()	0	static
C:/Users/aleja/Documents/Github/PM3-Cable_Monitor/Software/Cable-Monitor_TouchGFX/Cable_Monitor_Horwey/TouchGFX/generated/gui_generated/src/common/FrontendApplicationBase.cpp:183:6:void FrontendApplicationBase::gotoMeasurement_Accurate_Display_2ScreenWipeTransitionEast()	0	static
C:/Users/aleja/Documents/Github/PM3-Cable_Monitor/Software/Cable-Monitor_TouchGFX/Cable_Monitor_Horwey/TouchGFX/generated/gui_generated/src/common/FrontendApplicationBase.cpp:196:6:void FrontendApplicationBase::gotoCalibrationScreenWipeTransitionEast()	0	static
C:/Users/aleja/Documents/Github/PM3-Cable_Monitor/Software/Cable-Monitor_TouchGFX/Cable_Monitor_Horwey/TouchGFX/generated/gui_generated/src/common/FrontendApplicationBase.cpp:207:6:void FrontendApplicationBase::gotoCalibrationScreenWipeTransitionWest()	0	static
C:/Users/aleja/Documents/Github/PM3-Cable_Monitor/Software/Cable-Monitor_TouchGFX/Cable_Monitor_Horwey/TouchGFX/generated/gui_generated/src/common/FrontendApplicationBase.cpp:220:6:void FrontendApplicationBase::gotoCalibration_PadScreenWipeTransitionEast()	0	static
C:/Users/aleja/Documents/Github/PM3-Cable_Monitor/Software/Cable-Monitor_TouchGFX/Cable_Monitor_Horwey/TouchGFX/generated/gui_generated/src/common/FrontendApplicationBase.cpp:233:6:void FrontendApplicationBase::gotoCalibration_HallScreenWipeTransitionEast()	0	static
C:/Users/aleja/Documents/Github/PM3-Cable_Monitor/Software/Cable-Monitor_TouchGFX/Cable_Monitor_Horwey/TouchGFX/generated/gui_generated/src/common/FrontendApplicationBase.cpp:246:6:void FrontendApplicationBase::gotoProject_InfoScreenWipeTransitionEast()	0	static
C:/Users/aleja/Documents/Github/PM3-Cable_Monitor/Software/Cable-Monitor_TouchGFX/Cable_Monitor_Horwey/TouchGFX/generated/gui_generated/src/common/FrontendApplicationBase.cpp:259:6:void FrontendApplicationBase::gotoShutting_OffScreenNoTransition()	0	static
../../Middlewares/ST/touchgfx/framework/include/common/AbstractPartition.hpp:135:8:T& touchgfx::AbstractPartition::at(uint16_t) [with T = touchgfx::WipeTransition<touchgfx::WEST>]	0	static
../../Middlewares/ST/touchgfx/framework/include/touchgfx/transitions/WipeTransition.hpp:45:5:touchgfx::WipeTransition<templateDirection>::WipeTransition(uint8_t) [with touchgfx::Direction templateDirection = touchgfx::WEST]	16	static
C:/Users/aleja/Documents/Github/PM3-Cable_Monitor/Software/Cable-Monitor_TouchGFX/Cable_Monitor_Horwey/TouchGFX/generated/gui_generated/src/common/FrontendApplicationBase.cpp:213:6:void FrontendApplicationBase::gotoCalibrationScreenWipeTransitionWestImpl()	32	static
C:/Users/aleja/Documents/Github/PM3-Cable_Monitor/Software/Cable-Monitor_TouchGFX/Cable_Monitor_Horwey/TouchGFX/generated/gui_generated/src/common/FrontendApplicationBase.cpp:163:6:void FrontendApplicationBase::gotoMeasurement_AccurateScreenWipeTransitionWestImpl()	32	static
C:/Users/aleja/Documents/Github/PM3-Cable_Monitor/Software/Cable-Monitor_TouchGFX/Cable_Monitor_Horwey/TouchGFX/generated/gui_generated/src/common/FrontendApplicationBase.cpp:100:6:void FrontendApplicationBase::gotoMeasurementScreenWipeTransitionWestImpl()	32	static
C:/Users/aleja/Documents/Github/PM3-Cable_Monitor/Software/Cable-Monitor_TouchGFX/Cable_Monitor_Horwey/TouchGFX/generated/gui_generated/src/common/FrontendApplicationBase.cpp:76:6:void FrontendApplicationBase::gotoMain_MenuScreenWipeTransitionWestImpl()	32	static
../../Middlewares/ST/touchgfx/framework/include/common/AbstractPartition.hpp:135:8:T& touchgfx::AbstractPartition::at(uint16_t) [with T = touchgfx::WipeTransition<touchgfx::EAST>]	0	static
../../Middlewares/ST/touchgfx/framework/include/touchgfx/transitions/WipeTransition.hpp:45:5:touchgfx::WipeTransition<templateDirection>::WipeTransition(uint8_t) [with touchgfx::Direction templateDirection = touchgfx::EAST]	16	static
C:/Users/aleja/Documents/Github/PM3-Cable_Monitor/Software/Cable-Monitor_TouchGFX/Cable_Monitor_Horwey/TouchGFX/generated/gui_generated/src/common/FrontendApplicationBase.cpp:252:6:void FrontendApplicationBase::gotoProject_InfoScreenWipeTransitionEastImpl()	32	static
C:/Users/aleja/Documents/Github/PM3-Cable_Monitor/Software/Cable-Monitor_TouchGFX/Cable_Monitor_Horwey/TouchGFX/generated/gui_generated/src/common/FrontendApplicationBase.cpp:239:6:void FrontendApplicationBase::gotoCalibration_HallScreenWipeTransitionEastImpl()	32	static
C:/Users/aleja/Documents/Github/PM3-Cable_Monitor/Software/Cable-Monitor_TouchGFX/Cable_Monitor_Horwey/TouchGFX/generated/gui_generated/src/common/FrontendApplicationBase.cpp:226:6:void FrontendApplicationBase::gotoCalibration_PadScreenWipeTransitionEastImpl()	32	static
C:/Users/aleja/Documents/Github/PM3-Cable_Monitor/Software/Cable-Monitor_TouchGFX/Cable_Monitor_Horwey/TouchGFX/generated/gui_generated/src/common/FrontendApplicationBase.cpp:202:6:void FrontendApplicationBase::gotoCalibrationScreenWipeTransitionEastImpl()	32	static
C:/Users/aleja/Documents/Github/PM3-Cable_Monitor/Software/Cable-Monitor_TouchGFX/Cable_Monitor_Horwey/TouchGFX/generated/gui_generated/src/common/FrontendApplicationBase.cpp:189:6:void FrontendApplicationBase::gotoMeasurement_Accurate_Display_2ScreenWipeTransitionEastImpl()	32	static
C:/Users/aleja/Documents/Github/PM3-Cable_Monitor/Software/Cable-Monitor_TouchGFX/Cable_Monitor_Horwey/TouchGFX/generated/gui_generated/src/common/FrontendApplicationBase.cpp:176:6:void FrontendApplicationBase::gotoMeasurement_Accurate_DisplayScreenWipeTransitionEastImpl()	32	static
C:/Users/aleja/Documents/Github/PM3-Cable_Monitor/Software/Cable-Monitor_TouchGFX/Cable_Monitor_Horwey/TouchGFX/generated/gui_generated/src/common/FrontendApplicationBase.cpp:152:6:void FrontendApplicationBase::gotoMeasurement_AccurateScreenWipeTransitionEastImpl()	32	static
C:/Users/aleja/Documents/Github/PM3-Cable_Monitor/Software/Cable-Monitor_TouchGFX/Cable_Monitor_Horwey/TouchGFX/generated/gui_generated/src/common/FrontendApplicationBase.cpp:139:6:void FrontendApplicationBase::gotoMeasurement_Single_Display_3PScreenWipeTransitionEastImpl()	32	static
C:/Users/aleja/Documents/Github/PM3-Cable_Monitor/Software/Cable-Monitor_TouchGFX/Cable_Monitor_Horwey/TouchGFX/generated/gui_generated/src/common/FrontendApplicationBase.cpp:126:6:void FrontendApplicationBase::gotoMeasurement_Single_Display_1PScreenWipeTransitionEastImpl()	32	static
C:/Users/aleja/Documents/Github/PM3-Cable_Monitor/Software/Cable-Monitor_TouchGFX/Cable_Monitor_Horwey/TouchGFX/generated/gui_generated/src/common/FrontendApplicationBase.cpp:113:6:void FrontendApplicationBase::gotoMeasurement_SingleScreenWipeTransitionEastImpl()	32	static
C:/Users/aleja/Documents/Github/PM3-Cable_Monitor/Software/Cable-Monitor_TouchGFX/Cable_Monitor_Horwey/TouchGFX/generated/gui_generated/src/common/FrontendApplicationBase.cpp:89:6:void FrontendApplicationBase::gotoMeasurementScreenWipeTransitionEastImpl()	32	static
