C:/Github/PM3-Cable_Monitor/Software/Cable-Monitor_TouchGFX/Cable_Monitor_Horwey/TouchGFX/generated/texts/src/TypedTextDatabase.cpp:214:1:void __static_initialization_and_destruction_0(int, int)	8	static
C:/Github/PM3-Cable_Monitor/Software/Cable-Monitor_TouchGFX/Cable_Monitor_Horwey/TouchGFX/generated/texts/src/TypedTextDatabase.cpp:174:43:const touchgfx::TypedText::TypedTextData* TypedTextDatabase::getInstance(touchgfx::LanguageId)	0	static
C:/Github/PM3-Cable_Monitor/Software/Cable-Monitor_TouchGFX/Cable_Monitor_Horwey/TouchGFX/generated/texts/src/TypedTextDatabase.cpp:179:10:uint16_t TypedTextDatabase::getInstanceSize()	0	static
C:/Github/PM3-Cable_Monitor/Software/Cable-Monitor_TouchGFX/Cable_Monitor_Horwey/TouchGFX/generated/texts/src/TypedTextDatabase.cpp:184:24:const touchgfx::Font** TypedTextDatabase::getFonts()	0	static
C:/Github/PM3-Cable_Monitor/Software/Cable-Monitor_TouchGFX/Cable_Monitor_Horwey/TouchGFX/generated/texts/src/TypedTextDatabase.cpp:189:23:const touchgfx::Font* TypedTextDatabase::setFont(touchgfx::FontId, const touchgfx::Font*)	0	static
C:/Github/PM3-Cable_Monitor/Software/Cable-Monitor_TouchGFX/Cable_Monitor_Horwey/TouchGFX/generated/texts/src/TypedTextDatabase.cpp:196:6:void TypedTextDatabase::resetFont(touchgfx::FontId)	8	static
C:/Github/PM3-Cable_Monitor/Software/Cable-Monitor_TouchGFX/Cable_Monitor_Horwey/TouchGFX/generated/texts/src/TypedTextDatabase.cpp:214:1:cpp)	8	static
