C:/Github/PM3-Cable_Monitor/Software/Cable-Monitor_TouchGFX/Cable_Monitor_Horwey/Core/Src/calculation.c:137:5:calculate_freq_and_signalstrength	568	static
C:/Github/PM3-Cable_Monitor/Software/Cable-Monitor_TouchGFX/Cable_Monitor_Horwey/Core/Src/calculation.c:196:10:accurate_FFT	88	static
C:/Github/PM3-Cable_Monitor/Software/Cable-Monitor_TouchGFX/Cable_Monitor_Horwey/Core/Src/calculation.c:455:16:calculate_distance_and_angle	8	static
C:/Github/PM3-Cable_Monitor/Software/Cable-Monitor_TouchGFX/Cable_Monitor_Horwey/Core/Src/calculation.c:265:13:single_measurement	96	static
C:/Github/PM3-Cable_Monitor/Software/Cable-Monitor_TouchGFX/Cable_Monitor_Horwey/Core/Src/calculation.c:394:11:accurate_measurement	72	static
C:/Github/PM3-Cable_Monitor/Software/Cable-Monitor_TouchGFX/Cable_Monitor_Horwey/Core/Src/calculation.c:531:6:calculate_coefficients_single_pad	0	static
C:/Github/PM3-Cable_Monitor/Software/Cable-Monitor_TouchGFX/Cable_Monitor_Horwey/Core/Src/calculation.c:561:6:calculate_magnetic_coefficients	0	static
C:/Github/PM3-Cable_Monitor/Software/Cable-Monitor_TouchGFX/Cable_Monitor_Horwey/Core/Src/calculation.c:487:6:start_calibration	72	static
C:/Github/PM3-Cable_Monitor/Software/Cable-Monitor_TouchGFX/Cable_Monitor_Horwey/Core/Src/calculation.c:566:6:toggle_Buzzer_settings	8	static
