C:/Github/PM3-Cable_Monitor/Software/Cable-Monitor_TouchGFX/Cable_Monitor_Horwey/Core/Src/main.c:1106:6:StartDefaultTask	8	static
C:/Github/PM3-Cable_Monitor/Software/Cable-Monitor_TouchGFX/Cable_Monitor_Horwey/Core/Src/main.c:1124:6:StartTimeoutTask	8	static
C:/Github/PM3-Cable_Monitor/Software/Cable-Monitor_TouchGFX/Cable_Monitor_Horwey/Core/Src/main.c:271:6:SystemClock_Config	96	static
C:/Github/PM3-Cable_Monitor/Software/Cable-Monitor_TouchGFX/Cable_Monitor_Horwey/Core/Src/main.c:172:5:main	128	static
C:/Github/PM3-Cable_Monitor/Software/Cable-Monitor_TouchGFX/Cable_Monitor_Horwey/Core/Src/main.c:838:6:IOE_Init	0	static
C:/Github/PM3-Cable_Monitor/Software/Cable-Monitor_TouchGFX/Cable_Monitor_Horwey/Core/Src/main.c:847:6:IOE_ITConfig	0	static
C:/Github/PM3-Cable_Monitor/Software/Cable-Monitor_TouchGFX/Cable_Monitor_Horwey/Core/Src/main.c:859:6:IOE_Write	32	static
C:/Github/PM3-Cable_Monitor/Software/Cable-Monitor_TouchGFX/Cable_Monitor_Horwey/Core/Src/main.c:870:9:IOE_Read	32	static
C:/Github/PM3-Cable_Monitor/Software/Cable-Monitor_TouchGFX/Cable_Monitor_Horwey/Core/Src/main.c:883:10:IOE_ReadMultiple	24	static
C:/Github/PM3-Cable_Monitor/Software/Cable-Monitor_TouchGFX/Cable_Monitor_Horwey/Core/Src/main.c:892:6:IOE_Delay	0	static
C:/Github/PM3-Cable_Monitor/Software/Cable-Monitor_TouchGFX/Cable_Monitor_Horwey/Core/Src/main.c:1020:6:LCD_IO_Init	8	static
C:/Github/PM3-Cable_Monitor/Software/Cable-Monitor_TouchGFX/Cable_Monitor_Horwey/Core/Src/main.c:1030:6:LCD_IO_WriteData	24	static
C:/Github/PM3-Cable_Monitor/Software/Cable-Monitor_TouchGFX/Cable_Monitor_Horwey/Core/Src/main.c:1046:6:LCD_IO_WriteReg	24	static
C:/Github/PM3-Cable_Monitor/Software/Cable-Monitor_TouchGFX/Cable_Monitor_Horwey/Core/Src/main.c:1065:10:LCD_IO_ReadData	40	static
C:/Github/PM3-Cable_Monitor/Software/Cable-Monitor_TouchGFX/Cable_Monitor_Horwey/Core/Src/main.c:1092:6:LCD_Delay	0	static
C:/Github/PM3-Cable_Monitor/Software/Cable-Monitor_TouchGFX/Cable_Monitor_Horwey/Core/Src/main.c:1160:6:HAL_TIM_PeriodElapsedCallback	0	static
C:/Github/PM3-Cable_Monitor/Software/Cable-Monitor_TouchGFX/Cable_Monitor_Horwey/Core/Src/main.c:1177:6:Error_Handler	0	static
