C:/Github/PM3-Cable_Monitor/Software/Cable-Monitor_TouchGFX/Cable_Monitor_Horwey/Core/Src/main.c:1221:6:StartDefaultTask	8	static
C:/Github/PM3-Cable_Monitor/Software/Cable-Monitor_TouchGFX/Cable_Monitor_Horwey/Core/Src/main.c:1239:6:StartTimeoutTask	8	static
C:/Github/PM3-Cable_Monitor/Software/Cable-Monitor_TouchGFX/Cable_Monitor_Horwey/Core/Src/main.c:180:5:updateGUI_test	0	static
C:/Github/PM3-Cable_Monitor/Software/Cable-Monitor_TouchGFX/Cable_Monitor_Horwey/Core/Src/main.c:185:6:gyro_disable	32	static
C:/Github/PM3-Cable_Monitor/Software/Cable-Monitor_TouchGFX/Cable_Monitor_Horwey/Core/Src/main.c:205:6:setCalibrationFlashValues	32	dynamic
C:/Github/PM3-Cable_Monitor/Software/Cable-Monitor_TouchGFX/Cable_Monitor_Horwey/Core/Src/main.c:348:6:SystemClock_Config	96	static
C:/Github/PM3-Cable_Monitor/Software/Cable-Monitor_TouchGFX/Cable_Monitor_Horwey/Core/Src/main.c:235:5:main	128	static
C:/Github/PM3-Cable_Monitor/Software/Cable-Monitor_TouchGFX/Cable_Monitor_Horwey/Core/Src/main.c:953:6:IOE_Init	0	static
C:/Github/PM3-Cable_Monitor/Software/Cable-Monitor_TouchGFX/Cable_Monitor_Horwey/Core/Src/main.c:962:6:IOE_ITConfig	0	static
C:/Github/PM3-Cable_Monitor/Software/Cable-Monitor_TouchGFX/Cable_Monitor_Horwey/Core/Src/main.c:974:6:IOE_Write	32	static
C:/Github/PM3-Cable_Monitor/Software/Cable-Monitor_TouchGFX/Cable_Monitor_Horwey/Core/Src/main.c:985:9:IOE_Read	32	static
C:/Github/PM3-Cable_Monitor/Software/Cable-Monitor_TouchGFX/Cable_Monitor_Horwey/Core/Src/main.c:998:10:IOE_ReadMultiple	24	static
C:/Github/PM3-Cable_Monitor/Software/Cable-Monitor_TouchGFX/Cable_Monitor_Horwey/Core/Src/main.c:1007:6:IOE_Delay	0	static
C:/Github/PM3-Cable_Monitor/Software/Cable-Monitor_TouchGFX/Cable_Monitor_Horwey/Core/Src/main.c:1135:6:LCD_IO_Init	8	static
C:/Github/PM3-Cable_Monitor/Software/Cable-Monitor_TouchGFX/Cable_Monitor_Horwey/Core/Src/main.c:1145:6:LCD_IO_WriteData	24	static
C:/Github/PM3-Cable_Monitor/Software/Cable-Monitor_TouchGFX/Cable_Monitor_Horwey/Core/Src/main.c:1161:6:LCD_IO_WriteReg	24	static
C:/Github/PM3-Cable_Monitor/Software/Cable-Monitor_TouchGFX/Cable_Monitor_Horwey/Core/Src/main.c:1180:10:LCD_IO_ReadData	40	static
C:/Github/PM3-Cable_Monitor/Software/Cable-Monitor_TouchGFX/Cable_Monitor_Horwey/Core/Src/main.c:1207:6:LCD_Delay	0	static
C:/Github/PM3-Cable_Monitor/Software/Cable-Monitor_TouchGFX/Cable_Monitor_Horwey/Core/Src/main.c:1274:6:HAL_TIM_PeriodElapsedCallback	0	static
C:/Github/PM3-Cable_Monitor/Software/Cable-Monitor_TouchGFX/Cable_Monitor_Horwey/Core/Src/main.c:1291:6:Error_Handler	0	static
