C:/Github/Cable-Monitor/PM3-Cable_Monitor/Software/Cable-Monitor_TouchGFX/Cable_Monitor_Horwey/Core/Src/main.c:1112:6:StartDefaultTask	8	static
C:/Github/Cable-Monitor/PM3-Cable_Monitor/Software/Cable-Monitor_TouchGFX/Cable_Monitor_Horwey/Core/Src/main.c:1130:6:StartTimeoutTask	8	static
C:/Github/Cable-Monitor/PM3-Cable_Monitor/Software/Cable-Monitor_TouchGFX/Cable_Monitor_Horwey/Core/Src/main.c:167:5:updateGUI_test	0	static
C:/Github/Cable-Monitor/PM3-Cable_Monitor/Software/Cable-Monitor_TouchGFX/Cable_Monitor_Horwey/Core/Src/main.c:277:6:SystemClock_Config	96	static
C:/Github/Cable-Monitor/PM3-Cable_Monitor/Software/Cable-Monitor_TouchGFX/Cable_Monitor_Horwey/Core/Src/main.c:178:5:main	128	static
C:/Github/Cable-Monitor/PM3-Cable_Monitor/Software/Cable-Monitor_TouchGFX/Cable_Monitor_Horwey/Core/Src/main.c:844:6:IOE_Init	0	static
C:/Github/Cable-Monitor/PM3-Cable_Monitor/Software/Cable-Monitor_TouchGFX/Cable_Monitor_Horwey/Core/Src/main.c:853:6:IOE_ITConfig	0	static
C:/Github/Cable-Monitor/PM3-Cable_Monitor/Software/Cable-Monitor_TouchGFX/Cable_Monitor_Horwey/Core/Src/main.c:865:6:IOE_Write	32	static
C:/Github/Cable-Monitor/PM3-Cable_Monitor/Software/Cable-Monitor_TouchGFX/Cable_Monitor_Horwey/Core/Src/main.c:876:9:IOE_Read	32	static
C:/Github/Cable-Monitor/PM3-Cable_Monitor/Software/Cable-Monitor_TouchGFX/Cable_Monitor_Horwey/Core/Src/main.c:889:10:IOE_ReadMultiple	24	static
C:/Github/Cable-Monitor/PM3-Cable_Monitor/Software/Cable-Monitor_TouchGFX/Cable_Monitor_Horwey/Core/Src/main.c:898:6:IOE_Delay	0	static
C:/Github/Cable-Monitor/PM3-Cable_Monitor/Software/Cable-Monitor_TouchGFX/Cable_Monitor_Horwey/Core/Src/main.c:1026:6:LCD_IO_Init	8	static
C:/Github/Cable-Monitor/PM3-Cable_Monitor/Software/Cable-Monitor_TouchGFX/Cable_Monitor_Horwey/Core/Src/main.c:1036:6:LCD_IO_WriteData	24	static
C:/Github/Cable-Monitor/PM3-Cable_Monitor/Software/Cable-Monitor_TouchGFX/Cable_Monitor_Horwey/Core/Src/main.c:1052:6:LCD_IO_WriteReg	24	static
C:/Github/Cable-Monitor/PM3-Cable_Monitor/Software/Cable-Monitor_TouchGFX/Cable_Monitor_Horwey/Core/Src/main.c:1071:10:LCD_IO_ReadData	40	static
C:/Github/Cable-Monitor/PM3-Cable_Monitor/Software/Cable-Monitor_TouchGFX/Cable_Monitor_Horwey/Core/Src/main.c:1098:6:LCD_Delay	0	static
C:/Github/Cable-Monitor/PM3-Cable_Monitor/Software/Cable-Monitor_TouchGFX/Cable_Monitor_Horwey/Core/Src/main.c:1166:6:HAL_TIM_PeriodElapsedCallback	0	static
C:/Github/Cable-Monitor/PM3-Cable_Monitor/Software/Cable-Monitor_TouchGFX/Cable_Monitor_Horwey/Core/Src/main.c:1183:6:Error_Handler	0	static
