C:/Github/PM3-Cable_Monitor/Software/Cable-Monitor_TouchGFX/Cable_Monitor_Horwey/Core/Src/stm32f4xx_hal_msp.c:65:6:HAL_MspInit	8	static
C:/Github/PM3-Cable_Monitor/Software/Cable-Monitor_TouchGFX/Cable_Monitor_Horwey/Core/Src/stm32f4xx_hal_msp.c:89:6:HAL_CRC_MspInit	8	static
C:/Github/PM3-Cable_Monitor/Software/Cable-Monitor_TouchGFX/Cable_Monitor_Horwey/Core/Src/stm32f4xx_hal_msp.c:111:6:HAL_CRC_MspDeInit	0	static
C:/Github/PM3-Cable_Monitor/Software/Cable-Monitor_TouchGFX/Cable_Monitor_Horwey/Core/Src/stm32f4xx_hal_msp.c:133:6:HAL_DMA2D_MspInit	8	static
C:/Github/PM3-Cable_Monitor/Software/Cable-Monitor_TouchGFX/Cable_Monitor_Horwey/Core/Src/stm32f4xx_hal_msp.c:155:6:HAL_DMA2D_MspDeInit	0	static
C:/Github/PM3-Cable_Monitor/Software/Cable-Monitor_TouchGFX/Cable_Monitor_Horwey/Core/Src/stm32f4xx_hal_msp.c:177:6:HAL_I2C_MspInit	64	static
C:/Github/PM3-Cable_Monitor/Software/Cable-Monitor_TouchGFX/Cable_Monitor_Horwey/Core/Src/stm32f4xx_hal_msp.c:228:6:HAL_I2C_MspDeInit	8	static
C:/Github/PM3-Cable_Monitor/Software/Cable-Monitor_TouchGFX/Cable_Monitor_Horwey/Core/Src/stm32f4xx_hal_msp.c:261:6:HAL_LTDC_MspInit	128	static
C:/Github/PM3-Cable_Monitor/Software/Cable-Monitor_TouchGFX/Cable_Monitor_Horwey/Core/Src/stm32f4xx_hal_msp.c:386:6:HAL_LTDC_MspDeInit	8	static
C:/Github/PM3-Cable_Monitor/Software/Cable-Monitor_TouchGFX/Cable_Monitor_Horwey/Core/Src/stm32f4xx_hal_msp.c:448:6:HAL_SPI_MspInit	40	static
C:/Github/PM3-Cable_Monitor/Software/Cable-Monitor_TouchGFX/Cable_Monitor_Horwey/Core/Src/stm32f4xx_hal_msp.c:485:6:HAL_SPI_MspDeInit	0	static
C:/Github/PM3-Cable_Monitor/Software/Cable-Monitor_TouchGFX/Cable_Monitor_Horwey/Core/Src/stm32f4xx_hal_msp.c:515:6:HAL_TIM_Base_MspInit	8	static
C:/Github/PM3-Cable_Monitor/Software/Cable-Monitor_TouchGFX/Cable_Monitor_Horwey/Core/Src/stm32f4xx_hal_msp.c:548:6:HAL_TIM_Base_MspDeInit	0	static
C:/Github/PM3-Cable_Monitor/Software/Cable-Monitor_TouchGFX/Cable_Monitor_Horwey/Core/Src/stm32f4xx_hal_msp.c:683:6:HAL_SDRAM_MspInit	56	static
C:/Github/PM3-Cable_Monitor/Software/Cable-Monitor_TouchGFX/Cable_Monitor_Horwey/Core/Src/stm32f4xx_hal_msp.c:769:6:HAL_SDRAM_MspDeInit	8	static
