C:/Users/aleja/Documents/Github/PM3-Cable_Monitor/Software/Cable-Monitor_TouchGFX/Cable_Monitor_Horwey/Core/Src/stm32f4xx_hal_msp.c:65:6:HAL_MspInit	8	static
C:/Users/aleja/Documents/Github/PM3-Cable_Monitor/Software/Cable-Monitor_TouchGFX/Cable_Monitor_Horwey/Core/Src/stm32f4xx_hal_msp.c:89:6:HAL_CRC_MspInit	8	static
C:/Users/aleja/Documents/Github/PM3-Cable_Monitor/Software/Cable-Monitor_TouchGFX/Cable_Monitor_Horwey/Core/Src/stm32f4xx_hal_msp.c:111:6:HAL_CRC_MspDeInit	0	static
C:/Users/aleja/Documents/Github/PM3-Cable_Monitor/Software/Cable-Monitor_TouchGFX/Cable_Monitor_Horwey/Core/Src/stm32f4xx_hal_msp.c:133:6:HAL_I2C_MspInit	64	static
C:/Users/aleja/Documents/Github/PM3-Cable_Monitor/Software/Cable-Monitor_TouchGFX/Cable_Monitor_Horwey/Core/Src/stm32f4xx_hal_msp.c:184:6:HAL_I2C_MspDeInit	8	static
C:/Users/aleja/Documents/Github/PM3-Cable_Monitor/Software/Cable-Monitor_TouchGFX/Cable_Monitor_Horwey/Core/Src/stm32f4xx_hal_msp.c:217:6:HAL_LTDC_MspInit	128	static
C:/Users/aleja/Documents/Github/PM3-Cable_Monitor/Software/Cable-Monitor_TouchGFX/Cable_Monitor_Horwey/Core/Src/stm32f4xx_hal_msp.c:342:6:HAL_LTDC_MspDeInit	8	static
C:/Users/aleja/Documents/Github/PM3-Cable_Monitor/Software/Cable-Monitor_TouchGFX/Cable_Monitor_Horwey/Core/Src/stm32f4xx_hal_msp.c:404:6:HAL_SPI_MspInit	40	static
C:/Users/aleja/Documents/Github/PM3-Cable_Monitor/Software/Cable-Monitor_TouchGFX/Cable_Monitor_Horwey/Core/Src/stm32f4xx_hal_msp.c:441:6:HAL_SPI_MspDeInit	0	static
C:/Users/aleja/Documents/Github/PM3-Cable_Monitor/Software/Cable-Monitor_TouchGFX/Cable_Monitor_Horwey/Core/Src/stm32f4xx_hal_msp.c:471:6:HAL_TIM_Base_MspInit	24	static
C:/Users/aleja/Documents/Github/PM3-Cable_Monitor/Software/Cable-Monitor_TouchGFX/Cable_Monitor_Horwey/Core/Src/stm32f4xx_hal_msp.c:518:6:HAL_TIM_Base_MspDeInit	0	static
C:/Users/aleja/Documents/Github/PM3-Cable_Monitor/Software/Cable-Monitor_TouchGFX/Cable_Monitor_Horwey/Core/Src/stm32f4xx_hal_msp.c:667:6:HAL_SDRAM_MspInit	56	static
C:/Users/aleja/Documents/Github/PM3-Cable_Monitor/Software/Cable-Monitor_TouchGFX/Cable_Monitor_Horwey/Core/Src/stm32f4xx_hal_msp.c:753:6:HAL_SDRAM_MspDeInit	8	static
