C:/Github/PM3-Cable_Monitor/Software/Cable-Monitor_TouchGFX/Cable_Monitor_Horwey/Core/Src/stm32f4xx_it.c:75:6:NMI_Handler	0	static
C:/Github/PM3-Cable_Monitor/Software/Cable-Monitor_TouchGFX/Cable_Monitor_Horwey/Core/Src/stm32f4xx_it.c:88:6:HardFault_Handler	0	static
C:/Github/PM3-Cable_Monitor/Software/Cable-Monitor_TouchGFX/Cable_Monitor_Horwey/Core/Src/stm32f4xx_it.c:103:6:MemManage_Handler	0	static
C:/Github/PM3-Cable_Monitor/Software/Cable-Monitor_TouchGFX/Cable_Monitor_Horwey/Core/Src/stm32f4xx_it.c:118:6:BusFault_Handler	0	static
C:/Github/PM3-Cable_Monitor/Software/Cable-Monitor_TouchGFX/Cable_Monitor_Horwey/Core/Src/stm32f4xx_it.c:133:6:UsageFault_Handler	0	static
C:/Github/PM3-Cable_Monitor/Software/Cable-Monitor_TouchGFX/Cable_Monitor_Horwey/Core/Src/stm32f4xx_it.c:148:6:DebugMon_Handler	0	static
C:/Github/PM3-Cable_Monitor/Software/Cable-Monitor_TouchGFX/Cable_Monitor_Horwey/Core/Src/stm32f4xx_it.c:168:6:EXTI3_IRQHandler	8	static
C:/Github/PM3-Cable_Monitor/Software/Cable-Monitor_TouchGFX/Cable_Monitor_Horwey/Core/Src/stm32f4xx_it.c:185:6:DMA1_Stream1_IRQHandler	0	static
C:/Github/PM3-Cable_Monitor/Software/Cable-Monitor_TouchGFX/Cable_Monitor_Horwey/Core/Src/stm32f4xx_it.c:199:6:TIM2_IRQHandler	8	static
C:/Github/PM3-Cable_Monitor/Software/Cable-Monitor_TouchGFX/Cable_Monitor_Horwey/Core/Src/stm32f4xx_it.c:213:6:TIM6_DAC_IRQHandler	0	static
C:/Github/PM3-Cable_Monitor/Software/Cable-Monitor_TouchGFX/Cable_Monitor_Horwey/Core/Src/stm32f4xx_it.c:227:6:I2C3_EV_IRQHandler	0	static
C:/Github/PM3-Cable_Monitor/Software/Cable-Monitor_TouchGFX/Cable_Monitor_Horwey/Core/Src/stm32f4xx_it.c:241:6:LTDC_IRQHandler	0	static
