C:/Github/PM3-Cable_Monitor/Software/Cable-Monitor_TouchGFX/Cable_Monitor_Horwey/Core/Src/stm32f4xx_hal_msp.c:66:6:HAL_MspInit	8	static
C:/Github/PM3-Cable_Monitor/Software/Cable-Monitor_TouchGFX/Cable_Monitor_Horwey/Core/Src/stm32f4xx_hal_msp.c:90:6:HAL_CRC_MspInit	8	static
C:/Github/PM3-Cable_Monitor/Software/Cable-Monitor_TouchGFX/Cable_Monitor_Horwey/Core/Src/stm32f4xx_hal_msp.c:112:6:HAL_CRC_MspDeInit	0	static
C:/Github/PM3-Cable_Monitor/Software/Cable-Monitor_TouchGFX/Cable_Monitor_Horwey/Core/Src/stm32f4xx_hal_msp.c:134:6:HAL_DMA2D_MspInit	8	static
C:/Github/PM3-Cable_Monitor/Software/Cable-Monitor_TouchGFX/Cable_Monitor_Horwey/Core/Src/stm32f4xx_hal_msp.c:156:6:HAL_DMA2D_MspDeInit	0	static
C:/Github/PM3-Cable_Monitor/Software/Cable-Monitor_TouchGFX/Cable_Monitor_Horwey/Core/Src/stm32f4xx_hal_msp.c:178:6:HAL_I2C_MspInit	64	static
C:/Github/PM3-Cable_Monitor/Software/Cable-Monitor_TouchGFX/Cable_Monitor_Horwey/Core/Src/stm32f4xx_hal_msp.c:229:6:HAL_I2C_MspDeInit	8	static
C:/Github/PM3-Cable_Monitor/Software/Cable-Monitor_TouchGFX/Cable_Monitor_Horwey/Core/Src/stm32f4xx_hal_msp.c:262:6:HAL_LTDC_MspInit	128	static
C:/Github/PM3-Cable_Monitor/Software/Cable-Monitor_TouchGFX/Cable_Monitor_Horwey/Core/Src/stm32f4xx_hal_msp.c:387:6:HAL_LTDC_MspDeInit	8	static
C:/Github/PM3-Cable_Monitor/Software/Cable-Monitor_TouchGFX/Cable_Monitor_Horwey/Core/Src/stm32f4xx_hal_msp.c:449:6:HAL_SPI_MspInit	40	static
C:/Github/PM3-Cable_Monitor/Software/Cable-Monitor_TouchGFX/Cable_Monitor_Horwey/Core/Src/stm32f4xx_hal_msp.c:486:6:HAL_SPI_MspDeInit	0	static
C:/Github/PM3-Cable_Monitor/Software/Cable-Monitor_TouchGFX/Cable_Monitor_Horwey/Core/Src/stm32f4xx_hal_msp.c:516:6:HAL_TIM_Base_MspInit	32	static
C:/Github/PM3-Cable_Monitor/Software/Cable-Monitor_TouchGFX/Cable_Monitor_Horwey/Core/Src/stm32f4xx_hal_msp.c:586:6:HAL_TIM_Base_MspDeInit	8	static
C:/Github/PM3-Cable_Monitor/Software/Cable-Monitor_TouchGFX/Cable_Monitor_Horwey/Core/Src/stm32f4xx_hal_msp.c:739:6:HAL_SDRAM_MspInit	56	static
C:/Github/PM3-Cable_Monitor/Software/Cable-Monitor_TouchGFX/Cable_Monitor_Horwey/Core/Src/stm32f4xx_hal_msp.c:825:6:HAL_SDRAM_MspDeInit	8	static
