../../TouchGFX/gui/include/gui/calibration_screen/CalibrationPresenter.hpp:28:13:CalibrationPresenter::~CalibrationPresenter()	0	static
C:/Github/PM3-Cable_Monitor/Software/Cable-Monitor_TouchGFX/Cable_Monitor_Horwey/TouchGFX/gui/src/calibration_screen/CalibrationPresenter.cpp:10:6:virtual void CalibrationPresenter::activate()	0	static
C:/Github/PM3-Cable_Monitor/Software/Cable-Monitor_TouchGFX/Cable_Monitor_Horwey/TouchGFX/gui/src/calibration_screen/CalibrationPresenter.cpp:20:6:virtual void CalibrationPresenter::setTimeoutValue(int)	0	static
../../TouchGFX/gui/include/gui/calibration_screen/CalibrationPresenter.hpp:28:13:virtual CalibrationPresenter::~CalibrationPresenter()	8	static
../../TouchGFX/gui/include/gui/calibration_screen/CalibrationPresenter.hpp:28:13:virtual void* CalibrationPresenter::_ZThn4_N20CalibrationPresenterD1Ev()	0	static
../../TouchGFX/gui/include/gui/calibration_screen/CalibrationPresenter.hpp:30:18:virtual void CalibrationPresenter::_ZThn4_N20CalibrationPresenter15setTimeoutValueEi(int)	0	static
C:/Github/PM3-Cable_Monitor/Software/Cable-Monitor_TouchGFX/Cable_Monitor_Horwey/TouchGFX/gui/src/calibration_screen/CalibrationPresenter.cpp:4:1:CalibrationPresenter::CalibrationPresenter(CalibrationView&)	8	static
