../../Middlewares/ST/touchgfx/framework/include/mvp/Presenter.hpp:37:18:virtual void touchgfx::Presenter::activate()	0	static
../../Middlewares/ST/touchgfx/framework/include/mvp/Presenter.hpp:47:18:virtual void touchgfx::Presenter::deactivate()	0	static
../../Middlewares/ST/touchgfx/framework/include/mvp/Presenter.hpp:52:13:touchgfx::Presenter::~Presenter()	0	static
../../TouchGFX/gui/include/gui/calibration_pad_screen/Calibration_PadPresenter.hpp:28:13:Calibration_PadPresenter::~Calibration_PadPresenter()	0	static
C:/Github/Cable-Monitor/PM3-Cable_Monitor/Software/Cable-Monitor_TouchGFX/Cable_Monitor_Horwey/TouchGFX/gui/src/calibration_pad_screen/Calibration_PadPresenter.cpp:10:6:virtual void Calibration_PadPresenter::activate()	0	static
C:/Github/Cable-Monitor/PM3-Cable_Monitor/Software/Cable-Monitor_TouchGFX/Cable_Monitor_Horwey/TouchGFX/gui/src/calibration_pad_screen/Calibration_PadPresenter.cpp:15:6:virtual void Calibration_PadPresenter::deactivate()	0	static
C:/Github/Cable-Monitor/PM3-Cable_Monitor/Software/Cable-Monitor_TouchGFX/Cable_Monitor_Horwey/TouchGFX/gui/src/calibration_pad_screen/Calibration_PadPresenter.cpp:20:6:virtual void Calibration_PadPresenter::setTimeoutValue(int)	0	static
../../Middlewares/ST/touchgfx/framework/include/mvp/Presenter.hpp:52:13:virtual touchgfx::Presenter::~Presenter()	8	static
../../TouchGFX/gui/include/gui/calibration_pad_screen/Calibration_PadPresenter.hpp:28:13:virtual Calibration_PadPresenter::~Calibration_PadPresenter()	8	static
../../TouchGFX/gui/include/gui/calibration_pad_screen/Calibration_PadPresenter.hpp:28:13:virtual void* Calibration_PadPresenter::_ZThn4_N24Calibration_PadPresenterD1Ev()	0	static
../../TouchGFX/gui/include/gui/calibration_pad_screen/Calibration_PadPresenter.hpp:28:13:virtual void* Calibration_PadPresenter::_ZThn4_N24Calibration_PadPresenterD0Ev()	8	static
C:/Github/Cable-Monitor/PM3-Cable_Monitor/Software/Cable-Monitor_TouchGFX/Cable_Monitor_Horwey/TouchGFX/gui/src/calibration_pad_screen/Calibration_PadPresenter.cpp:4:1:Calibration_PadPresenter::Calibration_PadPresenter(Calibration_PadView&)	4	static
