../../Middlewares/ST/touchgfx/framework/include/touchgfx/Screen.hpp:104:18:virtual void touchgfx::Screen::afterTransition()	0	static
../../Middlewares/ST/touchgfx/framework/include/touchgfx/Screen.hpp:144:18:virtual void touchgfx::Screen::handleTickEvent()	0	static
../../Middlewares/ST/touchgfx/framework/include/touchgfx/Screen.hpp:154:18:virtual void touchgfx::Screen::handleKeyEvent(uint8_t)	0	static
../../TouchGFX/generated/gui_generated/include/gui_generated/calibration_pad_screen/Calibration_PadViewBase.hpp:26:18:virtual void Calibration_PadViewBase::scrollList1UpdateItem(Configuration_Container&, int16_t)	0	static
C:/Github/PM3-Cable_Monitor/Software/Cable-Monitor_TouchGFX/Cable_Monitor_Horwey/TouchGFX/gui/src/calibration_pad_screen/Calibration_PadView.cpp:13:6:virtual void Calibration_PadView::tearDownScreen()	0	static
C:/Github/PM3-Cable_Monitor/Software/Cable-Monitor_TouchGFX/Cable_Monitor_Horwey/TouchGFX/gui/src/calibration_pad_screen/Calibration_PadView.cpp:18:6:virtual void Calibration_PadView::setTimeoutValue(int)	0	static
../../TouchGFX/gui/include/gui/calibration_pad_screen/Calibration_PadView.hpp:11:13:Calibration_PadView::~Calibration_PadView()	8	static
../../TouchGFX/gui/include/gui/calibration_pad_screen/Calibration_PadView.hpp:11:13:virtual Calibration_PadView::~Calibration_PadView()	8	static
C:/Github/PM3-Cable_Monitor/Software/Cable-Monitor_TouchGFX/Cable_Monitor_Horwey/TouchGFX/gui/src/calibration_pad_screen/Calibration_PadView.cpp:3:1:Calibration_PadView::Calibration_PadView()	8	static
C:/Github/PM3-Cable_Monitor/Software/Cable-Monitor_TouchGFX/Cable_Monitor_Horwey/TouchGFX/gui/src/calibration_pad_screen/Calibration_PadView.cpp:8:6:virtual void Calibration_PadView::setupScreen()	0	static
