../../Middlewares/ST/touchgfx/framework/include/touchgfx/Screen.hpp:104:18:virtual void touchgfx::Screen::afterTransition()	0	static
../../Middlewares/ST/touchgfx/framework/include/touchgfx/Screen.hpp:144:18:virtual void touchgfx::Screen::handleTickEvent()	0	static
../../Middlewares/ST/touchgfx/framework/include/touchgfx/Screen.hpp:154:18:virtual void touchgfx::Screen::handleKeyEvent(uint8_t)	0	static
../../TouchGFX/generated/gui_generated/include/gui_generated/calibration_screen/CalibrationViewBase.hpp:41:18:virtual void CalibrationViewBase::Load_FLASH_Values()	0	static
C:/Users/aleja/Documents/Github/PM3-Cable_Monitor/Software/Cable-Monitor_TouchGFX/Cable_Monitor_Horwey/TouchGFX/gui/src/calibration_screen/CalibrationView.cpp:13:6:virtual void CalibrationView::tearDownScreen()	0	static
C:/Users/aleja/Documents/Github/PM3-Cable_Monitor/Software/Cable-Monitor_TouchGFX/Cable_Monitor_Horwey/TouchGFX/gui/src/calibration_screen/CalibrationView.cpp:18:6:virtual void CalibrationView::setTimeoutValue(int)	0	static
../../TouchGFX/gui/include/gui/calibration_screen/CalibrationView.hpp:11:13:CalibrationView::~CalibrationView()	8	static
../../TouchGFX/gui/include/gui/calibration_screen/CalibrationView.hpp:11:13:virtual CalibrationView::~CalibrationView()	8	static
C:/Users/aleja/Documents/Github/PM3-Cable_Monitor/Software/Cable-Monitor_TouchGFX/Cable_Monitor_Horwey/TouchGFX/gui/src/calibration_screen/CalibrationView.cpp:3:1:CalibrationView::CalibrationView()	8	static
C:/Users/aleja/Documents/Github/PM3-Cable_Monitor/Software/Cable-Monitor_TouchGFX/Cable_Monitor_Horwey/TouchGFX/gui/src/calibration_screen/CalibrationView.cpp:8:6:virtual void CalibrationView::setupScreen()	8	static
