../../Middlewares/ST/touchgfx/framework/include/mvp/Presenter.hpp:37:18:virtual void touchgfx::Presenter::activate()	0	static
../../Middlewares/ST/touchgfx/framework/include/mvp/Presenter.hpp:47:18:virtual void touchgfx::Presenter::deactivate()	0	static
../../Middlewares/ST/touchgfx/framework/include/mvp/Presenter.hpp:52:13:touchgfx::Presenter::~Presenter()	0	static
../../TouchGFX/gui/include/gui/calibration_screen/CalibrationPresenter.hpp:28:13:CalibrationPresenter::~CalibrationPresenter()	0	static
C:/Users/aleja/Documents/Github/PM3-Cable_Monitor/Software/Cable-Monitor_TouchGFX/Cable_Monitor_Horwey/TouchGFX/gui/src/calibration_screen/CalibrationPresenter.cpp:10:6:virtual void CalibrationPresenter::activate()	0	static
C:/Users/aleja/Documents/Github/PM3-Cable_Monitor/Software/Cable-Monitor_TouchGFX/Cable_Monitor_Horwey/TouchGFX/gui/src/calibration_screen/CalibrationPresenter.cpp:15:6:virtual void CalibrationPresenter::deactivate()	0	static
C:/Users/aleja/Documents/Github/PM3-Cable_Monitor/Software/Cable-Monitor_TouchGFX/Cable_Monitor_Horwey/TouchGFX/gui/src/calibration_screen/CalibrationPresenter.cpp:20:6:virtual void CalibrationPresenter::setTimeoutValue(int)	0	static
../../Middlewares/ST/touchgfx/framework/include/mvp/Presenter.hpp:52:13:virtual touchgfx::Presenter::~Presenter()	8	static
../../TouchGFX/gui/include/gui/calibration_screen/CalibrationPresenter.hpp:28:13:virtual CalibrationPresenter::~CalibrationPresenter()	8	static
../../TouchGFX/gui/include/gui/calibration_screen/CalibrationPresenter.hpp:28:13:virtual void* CalibrationPresenter::_ZThn4_N20CalibrationPresenterD1Ev()	0	static
../../TouchGFX/gui/include/gui/calibration_screen/CalibrationPresenter.hpp:28:13:virtual void* CalibrationPresenter::_ZThn4_N20CalibrationPresenterD0Ev()	8	static
C:/Users/aleja/Documents/Github/PM3-Cable_Monitor/Software/Cable-Monitor_TouchGFX/Cable_Monitor_Horwey/TouchGFX/gui/src/calibration_screen/CalibrationPresenter.cpp:4:1:CalibrationPresenter::CalibrationPresenter(CalibrationView&)	4	static
