../../TouchGFX/gui/include/gui/calibration_hall_screen/Calibration_HallPresenter.hpp:28:13:Calibration_HallPresenter::~Calibration_HallPresenter()	0	static
C:/Github/Cable-Monitor/PM3-Cable_Monitor/Software/Cable-Monitor_TouchGFX/Cable_Monitor_Horwey/TouchGFX/gui/src/calibration_hall_screen/Calibration_HallPresenter.cpp:10:6:virtual void Calibration_HallPresenter::activate()	0	static
C:/Github/Cable-Monitor/PM3-Cable_Monitor/Software/Cable-Monitor_TouchGFX/Cable_Monitor_Horwey/TouchGFX/gui/src/calibration_hall_screen/Calibration_HallPresenter.cpp:20:6:virtual void Calibration_HallPresenter::setTimeoutValue(int)	0	static
../../TouchGFX/gui/include/gui/calibration_hall_screen/Calibration_HallPresenter.hpp:28:13:virtual Calibration_HallPresenter::~Calibration_HallPresenter()	8	static
../../TouchGFX/gui/include/gui/calibration_hall_screen/Calibration_HallPresenter.hpp:28:13:virtual void* Calibration_HallPresenter::_ZThn4_N25Calibration_HallPresenterD1Ev()	0	static
../../TouchGFX/gui/include/gui/calibration_hall_screen/Calibration_HallPresenter.hpp:30:18:virtual void Calibration_HallPresenter::_ZThn4_N25Calibration_HallPresenter15setTimeoutValueEi(int)	0	static
C:/Github/Cable-Monitor/PM3-Cable_Monitor/Software/Cable-Monitor_TouchGFX/Cable_Monitor_Horwey/TouchGFX/gui/src/calibration_hall_screen/Calibration_HallPresenter.cpp:4:1:Calibration_HallPresenter::Calibration_HallPresenter(Calibration_HallView&)	8	static
