../../Middlewares/ST/touchgfx/framework/include/mvp/Presenter.hpp:37:18:virtual void touchgfx::Presenter::activate()	0	static
../../Middlewares/ST/touchgfx/framework/include/mvp/Presenter.hpp:47:18:virtual void touchgfx::Presenter::deactivate()	0	static
../../Middlewares/ST/touchgfx/framework/include/mvp/Presenter.hpp:52:13:touchgfx::Presenter::~Presenter()	0	static
../../TouchGFX/gui/include/gui/main_menu_screen/Main_MenuPresenter.hpp:28:13:Main_MenuPresenter::~Main_MenuPresenter()	0	static
C:/Users/aleja/Documents/Github/PM3-Cable_Monitor/Software/Cable-Monitor_TouchGFX/Cable_Monitor_Horwey/TouchGFX/gui/src/main_menu_screen/Main_MenuPresenter.cpp:10:6:virtual void Main_MenuPresenter::activate()	0	static
C:/Users/aleja/Documents/Github/PM3-Cable_Monitor/Software/Cable-Monitor_TouchGFX/Cable_Monitor_Horwey/TouchGFX/gui/src/main_menu_screen/Main_MenuPresenter.cpp:15:6:virtual void Main_MenuPresenter::deactivate()	0	static
C:/Users/aleja/Documents/Github/PM3-Cable_Monitor/Software/Cable-Monitor_TouchGFX/Cable_Monitor_Horwey/TouchGFX/gui/src/main_menu_screen/Main_MenuPresenter.cpp:20:6:virtual void Main_MenuPresenter::setTimeoutValue(int)	8	static
../../Middlewares/ST/touchgfx/framework/include/mvp/Presenter.hpp:52:13:virtual touchgfx::Presenter::~Presenter()	8	static
../../TouchGFX/gui/include/gui/main_menu_screen/Main_MenuPresenter.hpp:28:13:virtual Main_MenuPresenter::~Main_MenuPresenter()	8	static
../../TouchGFX/gui/include/gui/main_menu_screen/Main_MenuPresenter.hpp:28:13:virtual void* Main_MenuPresenter::_ZThn4_N18Main_MenuPresenterD1Ev()	0	static
../../TouchGFX/gui/include/gui/main_menu_screen/Main_MenuPresenter.hpp:28:13:virtual void* Main_MenuPresenter::_ZThn4_N18Main_MenuPresenterD0Ev()	8	static
C:/Users/aleja/Documents/Github/PM3-Cable_Monitor/Software/Cable-Monitor_TouchGFX/Cable_Monitor_Horwey/TouchGFX/gui/src/main_menu_screen/Main_MenuPresenter.cpp:4:1:Main_MenuPresenter::Main_MenuPresenter(Main_MenuView&)	4	static
