../../Middlewares/ST/touchgfx/framework/include/touchgfx/Screen.hpp:104:18:virtual void touchgfx::Screen::afterTransition()	0	static
../../Middlewares/ST/touchgfx/framework/include/touchgfx/Screen.hpp:144:18:virtual void touchgfx::Screen::handleTickEvent()	0	static
../../Middlewares/ST/touchgfx/framework/include/touchgfx/Screen.hpp:154:18:virtual void touchgfx::Screen::handleKeyEvent(uint8_t)	0	static
C:/Users/aleja/Documents/Github/PM3-Cable_Monitor/Software/Cable-Monitor_TouchGFX/Cable_Monitor_Horwey/TouchGFX/gui/src/main_menu_screen/Main_MenuView.cpp:13:6:virtual void Main_MenuView::tearDownScreen()	0	static
../../TouchGFX/gui/include/gui/main_menu_screen/Main_MenuView.hpp:11:13:Main_MenuView::~Main_MenuView()	8	static
../../TouchGFX/gui/include/gui/main_menu_screen/Main_MenuView.hpp:11:13:virtual Main_MenuView::~Main_MenuView()	8	static
C:/Users/aleja/Documents/Github/PM3-Cable_Monitor/Software/Cable-Monitor_TouchGFX/Cable_Monitor_Horwey/TouchGFX/gui/src/main_menu_screen/Main_MenuView.cpp:3:1:Main_MenuView::Main_MenuView()	8	static
C:/Users/aleja/Documents/Github/PM3-Cable_Monitor/Software/Cable-Monitor_TouchGFX/Cable_Monitor_Horwey/TouchGFX/gui/src/main_menu_screen/Main_MenuView.cpp:8:6:virtual void Main_MenuView::setupScreen()	8	static
C:/Users/aleja/Documents/Github/PM3-Cable_Monitor/Software/Cable-Monitor_TouchGFX/Cable_Monitor_Horwey/TouchGFX/gui/src/main_menu_screen/Main_MenuView.cpp:18:6:virtual void Main_MenuView::setTimeoutValue(int)	16	static
