../../TouchGFX/gui/include/gui/main_menu_screen/Main_MenuPresenter.hpp:28:13:Main_MenuPresenter::~Main_MenuPresenter()	0	static
C:/Users/aleja/Documents/Github/PM3-Cable_Monitor/Software/Cable-Monitor_TouchGFX/Cable_Monitor_Horwey/TouchGFX/gui/src/main_menu_screen/Main_MenuPresenter.cpp:10:6:virtual void Main_MenuPresenter::activate()	0	static
C:/Users/aleja/Documents/Github/PM3-Cable_Monitor/Software/Cable-Monitor_TouchGFX/Cable_Monitor_Horwey/TouchGFX/gui/src/main_menu_screen/Main_MenuPresenter.cpp:20:6:virtual void Main_MenuPresenter::setTimeoutValue(int)	0	static
../../TouchGFX/gui/include/gui/main_menu_screen/Main_MenuPresenter.hpp:28:13:virtual Main_MenuPresenter::~Main_MenuPresenter()	8	static
../../TouchGFX/gui/include/gui/main_menu_screen/Main_MenuPresenter.hpp:28:13:virtual void* Main_MenuPresenter::_ZThn4_N18Main_MenuPresenterD1Ev()	0	static
C:/Users/aleja/Documents/Github/PM3-Cable_Monitor/Software/Cable-Monitor_TouchGFX/Cable_Monitor_Horwey/TouchGFX/gui/src/main_menu_screen/Main_MenuPresenter.cpp:4:1:Main_MenuPresenter::Main_MenuPresenter(Main_MenuView&)	8	static
