../../TouchGFX/gui/include/gui/measurement_screen/MeasurementPresenter.hpp:28:13:MeasurementPresenter::~MeasurementPresenter()	0	static
C:/Github/PM3-Cable_Monitor/Software/Cable-Monitor_TouchGFX/Cable_Monitor_Horwey/TouchGFX/gui/src/measurement_screen/MeasurementPresenter.cpp:10:6:virtual void MeasurementPresenter::activate()	0	static
C:/Github/PM3-Cable_Monitor/Software/Cable-Monitor_TouchGFX/Cable_Monitor_Horwey/TouchGFX/gui/src/measurement_screen/MeasurementPresenter.cpp:20:6:virtual void MeasurementPresenter::setTimeoutValue(int)	0	static
../../TouchGFX/gui/include/gui/measurement_screen/MeasurementPresenter.hpp:28:13:virtual MeasurementPresenter::~MeasurementPresenter()	8	static
../../TouchGFX/gui/include/gui/measurement_screen/MeasurementPresenter.hpp:28:13:virtual void* MeasurementPresenter::_ZThn4_N20MeasurementPresenterD1Ev()	0	static
C:/Github/PM3-Cable_Monitor/Software/Cable-Monitor_TouchGFX/Cable_Monitor_Horwey/TouchGFX/gui/src/measurement_screen/MeasurementPresenter.cpp:4:1:MeasurementPresenter::MeasurementPresenter(MeasurementView&)	8	static
