../../TouchGFX/gui/include/gui/measurement_accurate_display_screen/Measurement_Accurate_DisplayPresenter.hpp:28:13:Measurement_Accurate_DisplayPresenter::~Measurement_Accurate_DisplayPresenter()	0	static
C:/Github/Cable-Monitor/PM3-Cable_Monitor/Software/Cable-Monitor_TouchGFX/Cable_Monitor_Horwey/TouchGFX/gui/src/measurement_accurate_display_screen/Measurement_Accurate_DisplayPresenter.cpp:10:6:virtual void Measurement_Accurate_DisplayPresenter::activate()	0	static
C:/Github/Cable-Monitor/PM3-Cable_Monitor/Software/Cable-Monitor_TouchGFX/Cable_Monitor_Horwey/TouchGFX/gui/src/measurement_accurate_display_screen/Measurement_Accurate_DisplayPresenter.cpp:20:6:virtual void Measurement_Accurate_DisplayPresenter::setTimeoutValue(int)	0	static
../../TouchGFX/gui/include/gui/measurement_accurate_display_screen/Measurement_Accurate_DisplayPresenter.hpp:28:13:virtual Measurement_Accurate_DisplayPresenter::~Measurement_Accurate_DisplayPresenter()	8	static
../../TouchGFX/gui/include/gui/measurement_accurate_display_screen/Measurement_Accurate_DisplayPresenter.hpp:28:13:virtual void* Measurement_Accurate_DisplayPresenter::_ZThn4_N37Measurement_Accurate_DisplayPresenterD1Ev()	0	static
../../TouchGFX/gui/include/gui/measurement_accurate_display_screen/Measurement_Accurate_DisplayPresenter.hpp:30:18:virtual void Measurement_Accurate_DisplayPresenter::_ZThn4_N37Measurement_Accurate_DisplayPresenter15setTimeoutValueEi(int)	0	static
C:/Github/Cable-Monitor/PM3-Cable_Monitor/Software/Cable-Monitor_TouchGFX/Cable_Monitor_Horwey/TouchGFX/gui/src/measurement_accurate_display_screen/Measurement_Accurate_DisplayPresenter.cpp:4:1:Measurement_Accurate_DisplayPresenter::Measurement_Accurate_DisplayPresenter(Measurement_Accurate_DisplayView&)	8	static
