../../TouchGFX/gui/include/gui/measurement_single_display_3p_screen/Measurement_Single_Display_3PPresenter.hpp:28:13:Measurement_Single_Display_3PPresenter::~Measurement_Single_Display_3PPresenter()	0	static
C:/Github/Cable-Monitor/PM3-Cable_Monitor/Software/Cable-Monitor_TouchGFX/Cable_Monitor_Horwey/TouchGFX/gui/src/measurement_single_display_3p_screen/Measurement_Single_Display_3PPresenter.cpp:10:6:virtual void Measurement_Single_Display_3PPresenter::activate()	0	static
C:/Github/Cable-Monitor/PM3-Cable_Monitor/Software/Cable-Monitor_TouchGFX/Cable_Monitor_Horwey/TouchGFX/gui/src/measurement_single_display_3p_screen/Measurement_Single_Display_3PPresenter.cpp:20:6:virtual void Measurement_Single_Display_3PPresenter::setTimeoutValue(int)	0	static
../../TouchGFX/gui/include/gui/measurement_single_display_3p_screen/Measurement_Single_Display_3PPresenter.hpp:28:13:virtual Measurement_Single_Display_3PPresenter::~Measurement_Single_Display_3PPresenter()	8	static
../../TouchGFX/gui/include/gui/measurement_single_display_3p_screen/Measurement_Single_Display_3PPresenter.hpp:28:13:virtual void* Measurement_Single_Display_3PPresenter::_ZThn4_N38Measurement_Single_Display_3PPresenterD1Ev()	0	static
../../TouchGFX/gui/include/gui/measurement_single_display_3p_screen/Measurement_Single_Display_3PPresenter.hpp:30:18:virtual void Measurement_Single_Display_3PPresenter::_ZThn4_N38Measurement_Single_Display_3PPresenter15setTimeoutValueEi(int)	0	static
C:/Github/Cable-Monitor/PM3-Cable_Monitor/Software/Cable-Monitor_TouchGFX/Cable_Monitor_Horwey/TouchGFX/gui/src/measurement_single_display_3p_screen/Measurement_Single_Display_3PPresenter.cpp:4:1:Measurement_Single_Display_3PPresenter::Measurement_Single_Display_3PPresenter(Measurement_Single_Display_3PView&)	8	static
