../../Middlewares/ST/touchgfx/framework/include/touchgfx/Screen.hpp:104:18:virtual void touchgfx::Screen::afterTransition()	0	static
../../Middlewares/ST/touchgfx/framework/include/touchgfx/Screen.hpp:144:18:virtual void touchgfx::Screen::handleTickEvent()	0	static
../../Middlewares/ST/touchgfx/framework/include/touchgfx/Screen.hpp:154:18:virtual void touchgfx::Screen::handleKeyEvent(uint8_t)	0	static
C:/Github/PM3-Cable_Monitor/Software/Cable-Monitor_TouchGFX/Cable_Monitor_Horwey/TouchGFX/gui/src/measurement_screen/MeasurementView.cpp:13:6:virtual void MeasurementView::tearDownScreen()	0	static
../../TouchGFX/gui/include/gui/measurement_screen/MeasurementView.hpp:11:13:MeasurementView::~MeasurementView()	8	static
../../TouchGFX/gui/include/gui/measurement_screen/MeasurementView.hpp:11:13:virtual MeasurementView::~MeasurementView()	8	static
C:/Github/PM3-Cable_Monitor/Software/Cable-Monitor_TouchGFX/Cable_Monitor_Horwey/TouchGFX/gui/src/measurement_screen/MeasurementView.cpp:3:1:MeasurementView::MeasurementView()	8	static
C:/Github/PM3-Cable_Monitor/Software/Cable-Monitor_TouchGFX/Cable_Monitor_Horwey/TouchGFX/gui/src/measurement_screen/MeasurementView.cpp:8:6:virtual void MeasurementView::setupScreen()	0	static
