../../Middlewares/ST/touchgfx/framework/include/touchgfx/Screen.hpp:104:18:virtual void touchgfx::Screen::afterTransition()	0	static
../../Middlewares/ST/touchgfx/framework/include/touchgfx/Screen.hpp:154:18:virtual void touchgfx::Screen::handleKeyEvent(uint8_t)	0	static
C:/Users/aleja/Documents/Github/PM3-Cable_Monitor/Software/Cable-Monitor_TouchGFX/Cable_Monitor_Horwey/TouchGFX/gui/src/measurement_single_display_3p_screen/Measurement_Single_Display_3PView.cpp:26:6:virtual void Measurement_Single_Display_3PView::tearDownScreen()	0	static
../../TouchGFX/gui/include/gui/measurement_single_display_3p_screen/Measurement_Single_Display_3PView.hpp:11:13:Measurement_Single_Display_3PView::~Measurement_Single_Display_3PView()	8	static
../../TouchGFX/gui/include/gui/measurement_single_display_3p_screen/Measurement_Single_Display_3PView.hpp:11:13:virtual Measurement_Single_Display_3PView::~Measurement_Single_Display_3PView()	8	static
C:/Users/aleja/Documents/Github/PM3-Cable_Monitor/Software/Cable-Monitor_TouchGFX/Cable_Monitor_Horwey/TouchGFX/gui/src/measurement_single_display_3p_screen/Measurement_Single_Display_3PView.cpp:16:1:Measurement_Single_Display_3PView::Measurement_Single_Display_3PView()	8	static
C:/Users/aleja/Documents/Github/PM3-Cable_Monitor/Software/Cable-Monitor_TouchGFX/Cable_Monitor_Horwey/TouchGFX/gui/src/measurement_single_display_3p_screen/Measurement_Single_Display_3PView.cpp:21:6:virtual void Measurement_Single_Display_3PView::setupScreen()	8	static
C:/Users/aleja/Documents/Github/PM3-Cable_Monitor/Software/Cable-Monitor_TouchGFX/Cable_Monitor_Horwey/TouchGFX/gui/src/measurement_single_display_3p_screen/Measurement_Single_Display_3PView.cpp:40:6:virtual void Measurement_Single_Display_3PView::single_meas_3PH()	40	static,ignoring_inline_asm
