../../Middlewares/ST/touchgfx/framework/include/touchgfx/Screen.hpp:104:18:virtual void touchgfx::Screen::afterTransition()	0	static
../../Middlewares/ST/touchgfx/framework/include/touchgfx/Screen.hpp:154:18:virtual void touchgfx::Screen::handleKeyEvent(uint8_t)	0	static
C:/Users/aleja/Documents/Github/PM3-Cable_Monitor/Software/Cable-Monitor_TouchGFX/Cable_Monitor_Horwey/TouchGFX/gui/src/measurement_accurate_display_3p_screen/Measurement_Accurate_Display_3PView.cpp:25:6:virtual void Measurement_Accurate_Display_3PView::tearDownScreen()	0	static
../../TouchGFX/gui/include/gui/measurement_accurate_display_3p_screen/Measurement_Accurate_Display_3PView.hpp:11:13:Measurement_Accurate_Display_3PView::~Measurement_Accurate_Display_3PView()	8	static
../../TouchGFX/gui/include/gui/measurement_accurate_display_3p_screen/Measurement_Accurate_Display_3PView.hpp:11:13:virtual Measurement_Accurate_Display_3PView::~Measurement_Accurate_Display_3PView()	8	static
C:/Users/aleja/Documents/Github/PM3-Cable_Monitor/Software/Cable-Monitor_TouchGFX/Cable_Monitor_Horwey/TouchGFX/gui/src/measurement_accurate_display_3p_screen/Measurement_Accurate_Display_3PView.cpp:15:1:Measurement_Accurate_Display_3PView::Measurement_Accurate_Display_3PView()	8	static
C:/Users/aleja/Documents/Github/PM3-Cable_Monitor/Software/Cable-Monitor_TouchGFX/Cable_Monitor_Horwey/TouchGFX/gui/src/measurement_accurate_display_3p_screen/Measurement_Accurate_Display_3PView.cpp:20:6:virtual void Measurement_Accurate_Display_3PView::setupScreen()	8	static
C:/Users/aleja/Documents/Github/PM3-Cable_Monitor/Software/Cable-Monitor_TouchGFX/Cable_Monitor_Horwey/TouchGFX/gui/src/measurement_accurate_display_3p_screen/Measurement_Accurate_Display_3PView.cpp:38:6:virtual void Measurement_Accurate_Display_3PView::accu_meas_3PH()	56	static,ignoring_inline_asm
