../../Middlewares/ST/touchgfx/framework/include/touchgfx/Screen.hpp:104:18:virtual void touchgfx::Screen::afterTransition()	0	static
../../Middlewares/ST/touchgfx/framework/include/touchgfx/Screen.hpp:154:18:virtual void touchgfx::Screen::handleKeyEvent(uint8_t)	0	static
../../TouchGFX/generated/gui_generated/include/gui_generated/measurement_accurate_display_1p_screen/Measurement_Accurate_Display_1PViewBase.hpp:30:18:virtual void Measurement_Accurate_Display_1PViewBase::accu_meas()	0	static
C:/Github/PM3-Cable_Monitor/Software/Cable-Monitor_TouchGFX/Cable_Monitor_Horwey/TouchGFX/gui/src/measurement_accurate_display_1p_screen/Measurement_Accurate_Display_1PView.cpp:13:6:virtual void Measurement_Accurate_Display_1PView::tearDownScreen()	0	static
C:/Github/PM3-Cable_Monitor/Software/Cable-Monitor_TouchGFX/Cable_Monitor_Horwey/TouchGFX/gui/src/measurement_accurate_display_1p_screen/Measurement_Accurate_Display_1PView.cpp:18:6:virtual void Measurement_Accurate_Display_1PView::setTimeoutValue(int)	0	static
../../TouchGFX/gui/include/gui/measurement_accurate_display_1p_screen/Measurement_Accurate_Display_1PView.hpp:11:13:Measurement_Accurate_Display_1PView::~Measurement_Accurate_Display_1PView()	8	static
../../TouchGFX/gui/include/gui/measurement_accurate_display_1p_screen/Measurement_Accurate_Display_1PView.hpp:11:13:virtual Measurement_Accurate_Display_1PView::~Measurement_Accurate_Display_1PView()	8	static
C:/Github/PM3-Cable_Monitor/Software/Cable-Monitor_TouchGFX/Cable_Monitor_Horwey/TouchGFX/gui/src/measurement_accurate_display_1p_screen/Measurement_Accurate_Display_1PView.cpp:3:1:Measurement_Accurate_Display_1PView::Measurement_Accurate_Display_1PView()	8	static
C:/Github/PM3-Cable_Monitor/Software/Cable-Monitor_TouchGFX/Cable_Monitor_Horwey/TouchGFX/gui/src/measurement_accurate_display_1p_screen/Measurement_Accurate_Display_1PView.cpp:8:6:virtual void Measurement_Accurate_Display_1PView::setupScreen()	8	static
