../../Middlewares/ST/touchgfx/framework/include/touchgfx/Screen.hpp:104:18:virtual void touchgfx::Screen::afterTransition()	0	static
../../Middlewares/ST/touchgfx/framework/include/touchgfx/Screen.hpp:144:18:virtual void touchgfx::Screen::handleTickEvent()	0	static
../../Middlewares/ST/touchgfx/framework/include/touchgfx/Screen.hpp:154:18:virtual void touchgfx::Screen::handleKeyEvent(uint8_t)	0	static
C:/Users/aleja/Documents/Github/PM3-Cable_Monitor/Software/Cable-Monitor_TouchGFX/Cable_Monitor_Horwey/TouchGFX/gui/src/measurement_accurate_display_2_screen/Measurement_Accurate_Display_2View.cpp:13:6:virtual void Measurement_Accurate_Display_2View::tearDownScreen()	0	static
../../TouchGFX/gui/include/gui/measurement_accurate_display_2_screen/Measurement_Accurate_Display_2View.hpp:11:13:Measurement_Accurate_Display_2View::~Measurement_Accurate_Display_2View()	8	static
../../TouchGFX/gui/include/gui/measurement_accurate_display_2_screen/Measurement_Accurate_Display_2View.hpp:11:13:virtual Measurement_Accurate_Display_2View::~Measurement_Accurate_Display_2View()	8	static
C:/Users/aleja/Documents/Github/PM3-Cable_Monitor/Software/Cable-Monitor_TouchGFX/Cable_Monitor_Horwey/TouchGFX/gui/src/measurement_accurate_display_2_screen/Measurement_Accurate_Display_2View.cpp:3:1:Measurement_Accurate_Display_2View::Measurement_Accurate_Display_2View()	8	static
C:/Users/aleja/Documents/Github/PM3-Cable_Monitor/Software/Cable-Monitor_TouchGFX/Cable_Monitor_Horwey/TouchGFX/gui/src/measurement_accurate_display_2_screen/Measurement_Accurate_Display_2View.cpp:8:6:virtual void Measurement_Accurate_Display_2View::setupScreen()	8	static
