../../Middlewares/ST/touchgfx/framework/include/mvp/Presenter.hpp:37:18:virtual void touchgfx::Presenter::activate()	0	static
../../Middlewares/ST/touchgfx/framework/include/mvp/Presenter.hpp:47:18:virtual void touchgfx::Presenter::deactivate()	0	static
../../Middlewares/ST/touchgfx/framework/include/mvp/Presenter.hpp:52:13:touchgfx::Presenter::~Presenter()	0	static
../../TouchGFX/gui/include/gui/measurement_accurate_screen/Measurement_AccuratePresenter.hpp:28:13:Measurement_AccuratePresenter::~Measurement_AccuratePresenter()	0	static
C:/Users/aleja/Documents/Github/PM3-Cable_Monitor/Software/Cable-Monitor_TouchGFX/Cable_Monitor_Horwey/TouchGFX/gui/src/measurement_accurate_screen/Measurement_AccuratePresenter.cpp:10:6:virtual void Measurement_AccuratePresenter::activate()	0	static
C:/Users/aleja/Documents/Github/PM3-Cable_Monitor/Software/Cable-Monitor_TouchGFX/Cable_Monitor_Horwey/TouchGFX/gui/src/measurement_accurate_screen/Measurement_AccuratePresenter.cpp:15:6:virtual void Measurement_AccuratePresenter::deactivate()	0	static
C:/Users/aleja/Documents/Github/PM3-Cable_Monitor/Software/Cable-Monitor_TouchGFX/Cable_Monitor_Horwey/TouchGFX/gui/src/measurement_accurate_screen/Measurement_AccuratePresenter.cpp:20:6:virtual void Measurement_AccuratePresenter::setTimeoutValue(int)	8	static
../../Middlewares/ST/touchgfx/framework/include/mvp/Presenter.hpp:52:13:virtual touchgfx::Presenter::~Presenter()	8	static
../../TouchGFX/gui/include/gui/measurement_accurate_screen/Measurement_AccuratePresenter.hpp:28:13:virtual Measurement_AccuratePresenter::~Measurement_AccuratePresenter()	8	static
../../TouchGFX/gui/include/gui/measurement_accurate_screen/Measurement_AccuratePresenter.hpp:28:13:virtual void* Measurement_AccuratePresenter::_ZThn4_N29Measurement_AccuratePresenterD1Ev()	0	static
../../TouchGFX/gui/include/gui/measurement_accurate_screen/Measurement_AccuratePresenter.hpp:28:13:virtual void* Measurement_AccuratePresenter::_ZThn4_N29Measurement_AccuratePresenterD0Ev()	8	static
C:/Users/aleja/Documents/Github/PM3-Cable_Monitor/Software/Cable-Monitor_TouchGFX/Cable_Monitor_Horwey/TouchGFX/gui/src/measurement_accurate_screen/Measurement_AccuratePresenter.cpp:4:1:Measurement_AccuratePresenter::Measurement_AccuratePresenter(Measurement_AccurateView&)	4	static
