../../Middlewares/ST/touchgfx/framework/include/touchgfx/Screen.hpp:104:18:virtual void touchgfx::Screen::afterTransition()	0	static
../../Middlewares/ST/touchgfx/framework/include/touchgfx/Screen.hpp:154:18:virtual void touchgfx::Screen::handleKeyEvent(uint8_t)	0	static
C:/Github/PM3-Cable_Monitor/Software/Cable-Monitor_TouchGFX/Cable_Monitor_Horwey/TouchGFX/gui/src/measurement_single_display_1p_screen/Measurement_Single_Display_1PView.cpp:17:6:virtual void Measurement_Single_Display_1PView::tearDownScreen()	0	static
../../TouchGFX/gui/include/gui/measurement_single_display_1p_screen/Measurement_Single_Display_1PView.hpp:11:13:Measurement_Single_Display_1PView::~Measurement_Single_Display_1PView()	8	static
../../TouchGFX/gui/include/gui/measurement_single_display_1p_screen/Measurement_Single_Display_1PView.hpp:11:13:virtual Measurement_Single_Display_1PView::~Measurement_Single_Display_1PView()	8	static
C:/Github/PM3-Cable_Monitor/Software/Cable-Monitor_TouchGFX/Cable_Monitor_Horwey/TouchGFX/gui/src/measurement_single_display_1p_screen/Measurement_Single_Display_1PView.cpp:7:1:Measurement_Single_Display_1PView::Measurement_Single_Display_1PView()	8	static
C:/Github/PM3-Cable_Monitor/Software/Cable-Monitor_TouchGFX/Cable_Monitor_Horwey/TouchGFX/gui/src/measurement_single_display_1p_screen/Measurement_Single_Display_1PView.cpp:12:6:virtual void Measurement_Single_Display_1PView::setupScreen()	0	static
C:/Github/PM3-Cable_Monitor/Software/Cable-Monitor_TouchGFX/Cable_Monitor_Horwey/TouchGFX/gui/src/measurement_single_display_1p_screen/Measurement_Single_Display_1PView.cpp:22:6:virtual void Measurement_Single_Display_1PView::testGui()	16	static
