../../Middlewares/ST/touchgfx/framework/include/mvp/Presenter.hpp:37:18:virtual void touchgfx::Presenter::activate()	0	static
../../Middlewares/ST/touchgfx/framework/include/mvp/Presenter.hpp:47:18:virtual void touchgfx::Presenter::deactivate()	0	static
../../Middlewares/ST/touchgfx/framework/include/mvp/Presenter.hpp:52:13:touchgfx::Presenter::~Presenter()	0	static
../../TouchGFX/gui/include/gui/measurement_single_screen/Measurement_SinglePresenter.hpp:28:13:Measurement_SinglePresenter::~Measurement_SinglePresenter()	0	static
C:/Github/PM3-Cable_Monitor/Software/Cable-Monitor_TouchGFX/Cable_Monitor_Horwey/TouchGFX/gui/src/measurement_single_screen/Measurement_SinglePresenter.cpp:10:6:virtual void Measurement_SinglePresenter::activate()	0	static
C:/Github/PM3-Cable_Monitor/Software/Cable-Monitor_TouchGFX/Cable_Monitor_Horwey/TouchGFX/gui/src/measurement_single_screen/Measurement_SinglePresenter.cpp:15:6:virtual void Measurement_SinglePresenter::deactivate()	0	static
C:/Github/PM3-Cable_Monitor/Software/Cable-Monitor_TouchGFX/Cable_Monitor_Horwey/TouchGFX/gui/src/measurement_single_screen/Measurement_SinglePresenter.cpp:20:6:virtual void Measurement_SinglePresenter::setTimeoutValue(int)	8	static
../../Middlewares/ST/touchgfx/framework/include/mvp/Presenter.hpp:52:13:virtual touchgfx::Presenter::~Presenter()	8	static
../../TouchGFX/gui/include/gui/measurement_single_screen/Measurement_SinglePresenter.hpp:28:13:virtual Measurement_SinglePresenter::~Measurement_SinglePresenter()	8	static
../../TouchGFX/gui/include/gui/measurement_single_screen/Measurement_SinglePresenter.hpp:28:13:virtual void* Measurement_SinglePresenter::_ZThn4_N27Measurement_SinglePresenterD1Ev()	0	static
../../TouchGFX/gui/include/gui/measurement_single_screen/Measurement_SinglePresenter.hpp:28:13:virtual void* Measurement_SinglePresenter::_ZThn4_N27Measurement_SinglePresenterD0Ev()	8	static
C:/Github/PM3-Cable_Monitor/Software/Cable-Monitor_TouchGFX/Cable_Monitor_Horwey/TouchGFX/gui/src/measurement_single_screen/Measurement_SinglePresenter.cpp:4:1:Measurement_SinglePresenter::Measurement_SinglePresenter(Measurement_SingleView&)	4	static
