../../Middlewares/ST/touchgfx/framework/include/mvp/Presenter.hpp:37:18:virtual void touchgfx::Presenter::activate()	0	static
../../Middlewares/ST/touchgfx/framework/include/mvp/Presenter.hpp:47:18:virtual void touchgfx::Presenter::deactivate()	0	static
../../Middlewares/ST/touchgfx/framework/include/mvp/Presenter.hpp:52:13:touchgfx::Presenter::~Presenter()	0	static
../../TouchGFX/gui/include/gui/measurement_screen/MeasurementPresenter.hpp:28:13:MeasurementPresenter::~MeasurementPresenter()	0	static
C:/Users/aleja/Documents/Github/PM3-Cable_Monitor/Software/Cable-Monitor_TouchGFX/Cable_Monitor_Horwey/TouchGFX/gui/src/measurement_screen/MeasurementPresenter.cpp:10:6:virtual void MeasurementPresenter::activate()	0	static
C:/Users/aleja/Documents/Github/PM3-Cable_Monitor/Software/Cable-Monitor_TouchGFX/Cable_Monitor_Horwey/TouchGFX/gui/src/measurement_screen/MeasurementPresenter.cpp:15:6:virtual void MeasurementPresenter::deactivate()	0	static
C:/Users/aleja/Documents/Github/PM3-Cable_Monitor/Software/Cable-Monitor_TouchGFX/Cable_Monitor_Horwey/TouchGFX/gui/src/measurement_screen/MeasurementPresenter.cpp:20:6:virtual void MeasurementPresenter::setTimeoutValue(int)	8	static
../../Middlewares/ST/touchgfx/framework/include/mvp/Presenter.hpp:52:13:virtual touchgfx::Presenter::~Presenter()	8	static
../../TouchGFX/gui/include/gui/measurement_screen/MeasurementPresenter.hpp:28:13:virtual MeasurementPresenter::~MeasurementPresenter()	8	static
../../TouchGFX/gui/include/gui/measurement_screen/MeasurementPresenter.hpp:28:13:virtual void* MeasurementPresenter::_ZThn4_N20MeasurementPresenterD1Ev()	0	static
../../TouchGFX/gui/include/gui/measurement_screen/MeasurementPresenter.hpp:28:13:virtual void* MeasurementPresenter::_ZThn4_N20MeasurementPresenterD0Ev()	8	static
C:/Users/aleja/Documents/Github/PM3-Cable_Monitor/Software/Cable-Monitor_TouchGFX/Cable_Monitor_Horwey/TouchGFX/gui/src/measurement_screen/MeasurementPresenter.cpp:4:1:MeasurementPresenter::MeasurementPresenter(MeasurementView&)	4	static
