../../Middlewares/ST/touchgfx/framework/include/touchgfx/Screen.hpp:104:18:virtual void touchgfx::Screen::afterTransition()	0	static
../../Middlewares/ST/touchgfx/framework/include/touchgfx/Screen.hpp:154:18:virtual void touchgfx::Screen::handleKeyEvent(uint8_t)	0	static
C:/Github/PM3-Cable_Monitor/Software/Cable-Monitor_TouchGFX/Cable_Monitor_Horwey/TouchGFX/gui/src/measurement_accurate_display_1p_screen/Measurement_Accurate_Display_1PView.cpp:26:6:virtual void Measurement_Accurate_Display_1PView::tearDownScreen()	0	static
C:/Github/PM3-Cable_Monitor/Software/Cable-Monitor_TouchGFX/Cable_Monitor_Horwey/TouchGFX/gui/src/measurement_accurate_display_1p_screen/Measurement_Accurate_Display_1PView.cpp:31:6:virtual void Measurement_Accurate_Display_1PView::setTimeoutValue(int)	0	static
../../TouchGFX/gui/include/gui/measurement_accurate_display_1p_screen/Measurement_Accurate_Display_1PView.hpp:11:13:Measurement_Accurate_Display_1PView::~Measurement_Accurate_Display_1PView()	8	static
../../TouchGFX/gui/include/gui/measurement_accurate_display_1p_screen/Measurement_Accurate_Display_1PView.hpp:11:13:virtual Measurement_Accurate_Display_1PView::~Measurement_Accurate_Display_1PView()	8	static
C:/Github/PM3-Cable_Monitor/Software/Cable-Monitor_TouchGFX/Cable_Monitor_Horwey/TouchGFX/gui/src/measurement_accurate_display_1p_screen/Measurement_Accurate_Display_1PView.cpp:16:1:Measurement_Accurate_Display_1PView::Measurement_Accurate_Display_1PView()	8	static
C:/Github/PM3-Cable_Monitor/Software/Cable-Monitor_TouchGFX/Cable_Monitor_Horwey/TouchGFX/gui/src/measurement_accurate_display_1p_screen/Measurement_Accurate_Display_1PView.cpp:21:6:virtual void Measurement_Accurate_Display_1PView::setupScreen()	8	static
C:/Github/PM3-Cable_Monitor/Software/Cable-Monitor_TouchGFX/Cable_Monitor_Horwey/TouchGFX/gui/src/measurement_accurate_display_1p_screen/Measurement_Accurate_Display_1PView.cpp:36:6:virtual void Measurement_Accurate_Display_1PView::accu_meas()	56	static,ignoring_inline_asm
