../../Middlewares/ST/touchgfx/framework/include/mvp/Presenter.hpp:37:18:virtual void touchgfx::Presenter::activate()	0	static
../../Middlewares/ST/touchgfx/framework/include/mvp/Presenter.hpp:47:18:virtual void touchgfx::Presenter::deactivate()	0	static
../../Middlewares/ST/touchgfx/framework/include/mvp/Presenter.hpp:52:13:touchgfx::Presenter::~Presenter()	0	static
../../TouchGFX/gui/include/gui/measurement_single_display_1p_screen/Measurement_Single_Display_1PPresenter.hpp:28:13:Measurement_Single_Display_1PPresenter::~Measurement_Single_Display_1PPresenter()	0	static
C:/Users/aleja/Documents/Github/PM3-Cable_Monitor/Software/Cable-Monitor_TouchGFX/Cable_Monitor_Horwey/TouchGFX/gui/src/measurement_single_display_1p_screen/Measurement_Single_Display_1PPresenter.cpp:10:6:virtual void Measurement_Single_Display_1PPresenter::activate()	0	static
C:/Users/aleja/Documents/Github/PM3-Cable_Monitor/Software/Cable-Monitor_TouchGFX/Cable_Monitor_Horwey/TouchGFX/gui/src/measurement_single_display_1p_screen/Measurement_Single_Display_1PPresenter.cpp:15:6:virtual void Measurement_Single_Display_1PPresenter::deactivate()	0	static
C:/Users/aleja/Documents/Github/PM3-Cable_Monitor/Software/Cable-Monitor_TouchGFX/Cable_Monitor_Horwey/TouchGFX/gui/src/measurement_single_display_1p_screen/Measurement_Single_Display_1PPresenter.cpp:20:6:virtual void Measurement_Single_Display_1PPresenter::setTimeoutValue(int)	0	static
../../Middlewares/ST/touchgfx/framework/include/mvp/Presenter.hpp:52:13:virtual touchgfx::Presenter::~Presenter()	8	static
../../TouchGFX/gui/include/gui/measurement_single_display_1p_screen/Measurement_Single_Display_1PPresenter.hpp:28:13:virtual Measurement_Single_Display_1PPresenter::~Measurement_Single_Display_1PPresenter()	8	static
../../TouchGFX/gui/include/gui/measurement_single_display_1p_screen/Measurement_Single_Display_1PPresenter.hpp:28:13:virtual void* Measurement_Single_Display_1PPresenter::_ZThn4_N38Measurement_Single_Display_1PPresenterD1Ev()	0	static
../../TouchGFX/gui/include/gui/measurement_single_display_1p_screen/Measurement_Single_Display_1PPresenter.hpp:28:13:virtual void* Measurement_Single_Display_1PPresenter::_ZThn4_N38Measurement_Single_Display_1PPresenterD0Ev()	8	static
C:/Users/aleja/Documents/Github/PM3-Cable_Monitor/Software/Cable-Monitor_TouchGFX/Cable_Monitor_Horwey/TouchGFX/gui/src/measurement_single_display_1p_screen/Measurement_Single_Display_1PPresenter.cpp:4:1:Measurement_Single_Display_1PPresenter::Measurement_Single_Display_1PPresenter(Measurement_Single_Display_1PView&)	4	static
