../../Middlewares/ST/touchgfx/framework/include/touchgfx/Screen.hpp:104:18:virtual void touchgfx::Screen::afterTransition()	0	static
../../Middlewares/ST/touchgfx/framework/include/touchgfx/Screen.hpp:154:18:virtual void touchgfx::Screen::handleKeyEvent(uint8_t)	0	static
C:/Github/Cable-Monitor/PM3-Cable_Monitor/Software/Cable-Monitor_TouchGFX/Cable_Monitor_Horwey/TouchGFX/gui/src/measurement_accurate_display_screen/Measurement_Accurate_DisplayView.cpp:26:6:virtual void Measurement_Accurate_DisplayView::tearDownScreen()	0	static
../../TouchGFX/gui/include/gui/measurement_accurate_display_screen/Measurement_Accurate_DisplayView.hpp:11:13:Measurement_Accurate_DisplayView::~Measurement_Accurate_DisplayView()	8	static
../../TouchGFX/gui/include/gui/measurement_accurate_display_screen/Measurement_Accurate_DisplayView.hpp:11:13:virtual Measurement_Accurate_DisplayView::~Measurement_Accurate_DisplayView()	8	static
C:/Github/Cable-Monitor/PM3-Cable_Monitor/Software/Cable-Monitor_TouchGFX/Cable_Monitor_Horwey/TouchGFX/gui/src/measurement_accurate_display_screen/Measurement_Accurate_DisplayView.cpp:16:1:Measurement_Accurate_DisplayView::Measurement_Accurate_DisplayView()	8	static
C:/Github/Cable-Monitor/PM3-Cable_Monitor/Software/Cable-Monitor_TouchGFX/Cable_Monitor_Horwey/TouchGFX/gui/src/measurement_accurate_display_screen/Measurement_Accurate_DisplayView.cpp:21:6:virtual void Measurement_Accurate_DisplayView::setupScreen()	8	static
C:/Github/Cable-Monitor/PM3-Cable_Monitor/Software/Cable-Monitor_TouchGFX/Cable_Monitor_Horwey/TouchGFX/gui/src/measurement_accurate_display_screen/Measurement_Accurate_DisplayView.cpp:31:6:virtual void Measurement_Accurate_DisplayView::accu_meas()	64	static,ignoring_inline_asm
