../../Middlewares/ST/touchgfx/framework/include/touchgfx/Screen.hpp:104:18:virtual void touchgfx::Screen::afterTransition()	0	static
../../Middlewares/ST/touchgfx/framework/include/touchgfx/Screen.hpp:144:18:virtual void touchgfx::Screen::handleTickEvent()	0	static
../../Middlewares/ST/touchgfx/framework/include/touchgfx/Screen.hpp:154:18:virtual void touchgfx::Screen::handleKeyEvent(uint8_t)	0	static
C:/Users/aleja/Documents/Github/PM3-Cable_Monitor/Software/Cable-Monitor_TouchGFX/Cable_Monitor_Horwey/TouchGFX/gui/src/measurement_single_screen/Measurement_SingleView.cpp:13:6:virtual void Measurement_SingleView::tearDownScreen()	0	static
../../TouchGFX/gui/include/gui/measurement_single_screen/Measurement_SingleView.hpp:11:13:Measurement_SingleView::~Measurement_SingleView()	8	static
../../TouchGFX/gui/include/gui/measurement_single_screen/Measurement_SingleView.hpp:11:13:virtual Measurement_SingleView::~Measurement_SingleView()	8	static
C:/Users/aleja/Documents/Github/PM3-Cable_Monitor/Software/Cable-Monitor_TouchGFX/Cable_Monitor_Horwey/TouchGFX/gui/src/measurement_single_screen/Measurement_SingleView.cpp:3:1:Measurement_SingleView::Measurement_SingleView()	8	static
C:/Users/aleja/Documents/Github/PM3-Cable_Monitor/Software/Cable-Monitor_TouchGFX/Cable_Monitor_Horwey/TouchGFX/gui/src/measurement_single_screen/Measurement_SingleView.cpp:8:6:virtual void Measurement_SingleView::setupScreen()	8	static
C:/Users/aleja/Documents/Github/PM3-Cable_Monitor/Software/Cable-Monitor_TouchGFX/Cable_Monitor_Horwey/TouchGFX/gui/src/measurement_single_screen/Measurement_SingleView.cpp:18:6:virtual void Measurement_SingleView::setTimeoutValue(int)	16	static
