../../Middlewares/ST/touchgfx/framework/include/mvp/Presenter.hpp:37:18:virtual void touchgfx::Presenter::activate()	0	static
../../Middlewares/ST/touchgfx/framework/include/mvp/Presenter.hpp:47:18:virtual void touchgfx::Presenter::deactivate()	0	static
../../Middlewares/ST/touchgfx/framework/include/mvp/Presenter.hpp:52:13:touchgfx::Presenter::~Presenter()	0	static
../../TouchGFX/gui/include/gui/measurement_accurate_display_3p_screen/Measurement_Accurate_Display_3PPresenter.hpp:28:13:Measurement_Accurate_Display_3PPresenter::~Measurement_Accurate_Display_3PPresenter()	0	static
C:/Github/PM3-Cable_Monitor/Software/Cable-Monitor_TouchGFX/Cable_Monitor_Horwey/TouchGFX/gui/src/measurement_accurate_display_3p_screen/Measurement_Accurate_Display_3PPresenter.cpp:10:6:virtual void Measurement_Accurate_Display_3PPresenter::activate()	0	static
C:/Github/PM3-Cable_Monitor/Software/Cable-Monitor_TouchGFX/Cable_Monitor_Horwey/TouchGFX/gui/src/measurement_accurate_display_3p_screen/Measurement_Accurate_Display_3PPresenter.cpp:15:6:virtual void Measurement_Accurate_Display_3PPresenter::deactivate()	0	static
C:/Github/PM3-Cable_Monitor/Software/Cable-Monitor_TouchGFX/Cable_Monitor_Horwey/TouchGFX/gui/src/measurement_accurate_display_3p_screen/Measurement_Accurate_Display_3PPresenter.cpp:20:6:virtual void Measurement_Accurate_Display_3PPresenter::setTimeoutValue(int)	0	static
../../Middlewares/ST/touchgfx/framework/include/mvp/Presenter.hpp:52:13:virtual touchgfx::Presenter::~Presenter()	8	static
../../TouchGFX/gui/include/gui/measurement_accurate_display_3p_screen/Measurement_Accurate_Display_3PPresenter.hpp:28:13:virtual Measurement_Accurate_Display_3PPresenter::~Measurement_Accurate_Display_3PPresenter()	8	static
../../TouchGFX/gui/include/gui/measurement_accurate_display_3p_screen/Measurement_Accurate_Display_3PPresenter.hpp:28:13:virtual void* Measurement_Accurate_Display_3PPresenter::_ZThn4_N40Measurement_Accurate_Display_3PPresenterD1Ev()	0	static
../../TouchGFX/gui/include/gui/measurement_accurate_display_3p_screen/Measurement_Accurate_Display_3PPresenter.hpp:28:13:virtual void* Measurement_Accurate_Display_3PPresenter::_ZThn4_N40Measurement_Accurate_Display_3PPresenterD0Ev()	8	static
C:/Github/PM3-Cable_Monitor/Software/Cable-Monitor_TouchGFX/Cable_Monitor_Horwey/TouchGFX/gui/src/measurement_accurate_display_3p_screen/Measurement_Accurate_Display_3PPresenter.cpp:4:1:Measurement_Accurate_Display_3PPresenter::Measurement_Accurate_Display_3PPresenter(Measurement_Accurate_Display_3PView&)	4	static
