../../Middlewares/ST/touchgfx/framework/include/touchgfx/Screen.hpp:104:18:virtual void touchgfx::Screen::afterTransition()	0	static
../../Middlewares/ST/touchgfx/framework/include/touchgfx/Screen.hpp:144:18:virtual void touchgfx::Screen::handleTickEvent()	0	static
../../Middlewares/ST/touchgfx/framework/include/touchgfx/Screen.hpp:154:18:virtual void touchgfx::Screen::handleKeyEvent(uint8_t)	0	static
C:/Github/PM3-Cable_Monitor/Software/Cable-Monitor_TouchGFX/Cable_Monitor_Horwey/TouchGFX/gui/src/measurement_accurate_screen/Measurement_AccurateView.cpp:13:6:virtual void Measurement_AccurateView::tearDownScreen()	0	static
../../TouchGFX/gui/include/gui/measurement_accurate_screen/Measurement_AccurateView.hpp:11:13:Measurement_AccurateView::~Measurement_AccurateView()	8	static
../../TouchGFX/gui/include/gui/measurement_accurate_screen/Measurement_AccurateView.hpp:11:13:virtual Measurement_AccurateView::~Measurement_AccurateView()	8	static
C:/Github/PM3-Cable_Monitor/Software/Cable-Monitor_TouchGFX/Cable_Monitor_Horwey/TouchGFX/gui/src/measurement_accurate_screen/Measurement_AccurateView.cpp:3:1:Measurement_AccurateView::Measurement_AccurateView()	8	static
C:/Github/PM3-Cable_Monitor/Software/Cable-Monitor_TouchGFX/Cable_Monitor_Horwey/TouchGFX/gui/src/measurement_accurate_screen/Measurement_AccurateView.cpp:8:6:virtual void Measurement_AccurateView::setupScreen()	8	static
C:/Github/PM3-Cable_Monitor/Software/Cable-Monitor_TouchGFX/Cable_Monitor_Horwey/TouchGFX/gui/src/measurement_accurate_screen/Measurement_AccurateView.cpp:18:6:virtual void Measurement_AccurateView::setTimeoutValue(int)	16	static
