../../TouchGFX/gui/include/gui/measurement_accurate_screen/Measurement_AccuratePresenter.hpp:28:13:Measurement_AccuratePresenter::~Measurement_AccuratePresenter()	0	static
C:/Github/PM3-Cable_Monitor/Software/Cable-Monitor_TouchGFX/Cable_Monitor_Horwey/TouchGFX/gui/src/measurement_accurate_screen/Measurement_AccuratePresenter.cpp:10:6:virtual void Measurement_AccuratePresenter::activate()	0	static
C:/Github/PM3-Cable_Monitor/Software/Cable-Monitor_TouchGFX/Cable_Monitor_Horwey/TouchGFX/gui/src/measurement_accurate_screen/Measurement_AccuratePresenter.cpp:20:6:virtual void Measurement_AccuratePresenter::setTimeoutValue(int)	0	static
../../TouchGFX/gui/include/gui/measurement_accurate_screen/Measurement_AccuratePresenter.hpp:28:13:virtual Measurement_AccuratePresenter::~Measurement_AccuratePresenter()	8	static
../../TouchGFX/gui/include/gui/measurement_accurate_screen/Measurement_AccuratePresenter.hpp:28:13:virtual void* Measurement_AccuratePresenter::_ZThn4_N29Measurement_AccuratePresenterD1Ev()	0	static
C:/Github/PM3-Cable_Monitor/Software/Cable-Monitor_TouchGFX/Cable_Monitor_Horwey/TouchGFX/gui/src/measurement_accurate_screen/Measurement_AccuratePresenter.cpp:4:1:Measurement_AccuratePresenter::Measurement_AccuratePresenter(Measurement_AccurateView&)	8	static
