../../Middlewares/ST/touchgfx/framework/include/touchgfx/Screen.hpp:104:18:virtual void touchgfx::Screen::afterTransition()	0	static
../../Middlewares/ST/touchgfx/framework/include/touchgfx/Screen.hpp:144:18:virtual void touchgfx::Screen::handleTickEvent()	0	static
../../Middlewares/ST/touchgfx/framework/include/touchgfx/Screen.hpp:154:18:virtual void touchgfx::Screen::handleKeyEvent(uint8_t)	0	static
C:/Github/PM3-Cable_Monitor/Software/Cable-Monitor_TouchGFX/Cable_Monitor_Horwey/TouchGFX/gui/src/project_info_screen/Project_InfoView.cpp:13:6:virtual void Project_InfoView::tearDownScreen()	0	static
../../TouchGFX/gui/include/gui/project_info_screen/Project_InfoView.hpp:11:13:Project_InfoView::~Project_InfoView()	8	static
../../TouchGFX/gui/include/gui/project_info_screen/Project_InfoView.hpp:11:13:virtual Project_InfoView::~Project_InfoView()	8	static
C:/Github/PM3-Cable_Monitor/Software/Cable-Monitor_TouchGFX/Cable_Monitor_Horwey/TouchGFX/gui/src/project_info_screen/Project_InfoView.cpp:3:1:Project_InfoView::Project_InfoView()	8	static
C:/Github/PM3-Cable_Monitor/Software/Cable-Monitor_TouchGFX/Cable_Monitor_Horwey/TouchGFX/gui/src/project_info_screen/Project_InfoView.cpp:8:6:virtual void Project_InfoView::setupScreen()	0	static
