../../Middlewares/ST/touchgfx/framework/include/mvp/Presenter.hpp:37:18:virtual void touchgfx::Presenter::activate()	0	static
../../Middlewares/ST/touchgfx/framework/include/mvp/Presenter.hpp:47:18:virtual void touchgfx::Presenter::deactivate()	0	static
../../Middlewares/ST/touchgfx/framework/include/mvp/Presenter.hpp:52:13:touchgfx::Presenter::~Presenter()	0	static
../../TouchGFX/gui/include/gui/settings_screen/SettingsPresenter.hpp:28:13:SettingsPresenter::~SettingsPresenter()	0	static
C:/Github/PM3-Cable_Monitor/Software/Cable-Monitor_TouchGFX/Cable_Monitor_Horwey/TouchGFX/gui/src/settings_screen/SettingsPresenter.cpp:10:6:virtual void SettingsPresenter::activate()	0	static
C:/Github/PM3-Cable_Monitor/Software/Cable-Monitor_TouchGFX/Cable_Monitor_Horwey/TouchGFX/gui/src/settings_screen/SettingsPresenter.cpp:15:6:virtual void SettingsPresenter::deactivate()	0	static
C:/Github/PM3-Cable_Monitor/Software/Cable-Monitor_TouchGFX/Cable_Monitor_Horwey/TouchGFX/gui/src/settings_screen/SettingsPresenter.cpp:20:6:virtual void SettingsPresenter::setTimeoutValue(int)	8	static
../../Middlewares/ST/touchgfx/framework/include/mvp/Presenter.hpp:52:13:virtual touchgfx::Presenter::~Presenter()	8	static
../../TouchGFX/gui/include/gui/settings_screen/SettingsPresenter.hpp:28:13:virtual SettingsPresenter::~SettingsPresenter()	8	static
../../TouchGFX/gui/include/gui/settings_screen/SettingsPresenter.hpp:28:13:virtual void* SettingsPresenter::_ZThn4_N17SettingsPresenterD1Ev()	0	static
../../TouchGFX/gui/include/gui/settings_screen/SettingsPresenter.hpp:28:13:virtual void* SettingsPresenter::_ZThn4_N17SettingsPresenterD0Ev()	8	static
C:/Github/PM3-Cable_Monitor/Software/Cable-Monitor_TouchGFX/Cable_Monitor_Horwey/TouchGFX/gui/src/settings_screen/SettingsPresenter.cpp:4:1:SettingsPresenter::SettingsPresenter(SettingsView&)	4	static
