../../Middlewares/ST/touchgfx/framework/include/mvp/Presenter.hpp:37:18:virtual void touchgfx::Presenter::activate()	0	static
../../Middlewares/ST/touchgfx/framework/include/mvp/Presenter.hpp:47:18:virtual void touchgfx::Presenter::deactivate()	0	static
../../Middlewares/ST/touchgfx/framework/include/mvp/Presenter.hpp:52:13:touchgfx::Presenter::~Presenter()	0	static
../../TouchGFX/gui/include/gui/shutting_off_screen/Shutting_OffPresenter.hpp:28:13:Shutting_OffPresenter::~Shutting_OffPresenter()	0	static
C:/Github/Cable-Monitor/PM3-Cable_Monitor/Software/Cable-Monitor_TouchGFX/Cable_Monitor_Horwey/TouchGFX/gui/src/shutting_off_screen/Shutting_OffPresenter.cpp:10:6:virtual void Shutting_OffPresenter::activate()	0	static
C:/Github/Cable-Monitor/PM3-Cable_Monitor/Software/Cable-Monitor_TouchGFX/Cable_Monitor_Horwey/TouchGFX/gui/src/shutting_off_screen/Shutting_OffPresenter.cpp:15:6:virtual void Shutting_OffPresenter::deactivate()	0	static
C:/Github/Cable-Monitor/PM3-Cable_Monitor/Software/Cable-Monitor_TouchGFX/Cable_Monitor_Horwey/TouchGFX/gui/src/shutting_off_screen/Shutting_OffPresenter.cpp:20:6:virtual void Shutting_OffPresenter::setTimeoutValue(int)	0	static
../../Middlewares/ST/touchgfx/framework/include/mvp/Presenter.hpp:52:13:virtual touchgfx::Presenter::~Presenter()	8	static
../../TouchGFX/gui/include/gui/shutting_off_screen/Shutting_OffPresenter.hpp:28:13:virtual Shutting_OffPresenter::~Shutting_OffPresenter()	8	static
../../TouchGFX/gui/include/gui/shutting_off_screen/Shutting_OffPresenter.hpp:28:13:virtual void* Shutting_OffPresenter::_ZThn4_N21Shutting_OffPresenterD1Ev()	0	static
../../TouchGFX/gui/include/gui/shutting_off_screen/Shutting_OffPresenter.hpp:28:13:virtual void* Shutting_OffPresenter::_ZThn4_N21Shutting_OffPresenterD0Ev()	8	static
C:/Github/Cable-Monitor/PM3-Cable_Monitor/Software/Cable-Monitor_TouchGFX/Cable_Monitor_Horwey/TouchGFX/gui/src/shutting_off_screen/Shutting_OffPresenter.cpp:4:1:Shutting_OffPresenter::Shutting_OffPresenter(Shutting_OffView&)	4	static
