../../Middlewares/ST/touchgfx/framework/include/touchgfx/Screen.hpp:104:18:virtual void touchgfx::Screen::afterTransition()	0	static
../../Middlewares/ST/touchgfx/framework/include/touchgfx/Screen.hpp:144:18:virtual void touchgfx::Screen::handleTickEvent()	0	static
../../Middlewares/ST/touchgfx/framework/include/touchgfx/Screen.hpp:154:18:virtual void touchgfx::Screen::handleKeyEvent(uint8_t)	0	static
C:/Github/Cable-Monitor/PM3-Cable_Monitor/Software/Cable-Monitor_TouchGFX/Cable_Monitor_Horwey/TouchGFX/gui/src/shutting_off_screen/Shutting_OffView.cpp:13:6:virtual void Shutting_OffView::tearDownScreen()	0	static
../../TouchGFX/gui/include/gui/shutting_off_screen/Shutting_OffView.hpp:11:13:Shutting_OffView::~Shutting_OffView()	8	static
../../TouchGFX/gui/include/gui/shutting_off_screen/Shutting_OffView.hpp:11:13:virtual Shutting_OffView::~Shutting_OffView()	8	static
C:/Github/Cable-Monitor/PM3-Cable_Monitor/Software/Cable-Monitor_TouchGFX/Cable_Monitor_Horwey/TouchGFX/gui/src/shutting_off_screen/Shutting_OffView.cpp:3:1:Shutting_OffView::Shutting_OffView()	8	static
C:/Github/Cable-Monitor/PM3-Cable_Monitor/Software/Cable-Monitor_TouchGFX/Cable_Monitor_Horwey/TouchGFX/gui/src/shutting_off_screen/Shutting_OffView.cpp:8:6:virtual void Shutting_OffView::setupScreen()	8	static
