../../TouchGFX/gui/include/gui/shutting_off_screen/Shutting_OffPresenter.hpp:28:13:Shutting_OffPresenter::~Shutting_OffPresenter()	0	static
C:/Github/Cable-Monitor/PM3-Cable_Monitor/Software/Cable-Monitor_TouchGFX/Cable_Monitor_Horwey/TouchGFX/gui/src/shutting_off_screen/Shutting_OffPresenter.cpp:10:6:virtual void Shutting_OffPresenter::activate()	0	static
C:/Github/Cable-Monitor/PM3-Cable_Monitor/Software/Cable-Monitor_TouchGFX/Cable_Monitor_Horwey/TouchGFX/gui/src/shutting_off_screen/Shutting_OffPresenter.cpp:20:6:virtual void Shutting_OffPresenter::setTimeoutValue(int)	0	static
../../TouchGFX/gui/include/gui/shutting_off_screen/Shutting_OffPresenter.hpp:28:13:virtual Shutting_OffPresenter::~Shutting_OffPresenter()	8	static
../../TouchGFX/gui/include/gui/shutting_off_screen/Shutting_OffPresenter.hpp:28:13:virtual void* Shutting_OffPresenter::_ZThn4_N21Shutting_OffPresenterD1Ev()	0	static
../../TouchGFX/gui/include/gui/shutting_off_screen/Shutting_OffPresenter.hpp:30:18:virtual void Shutting_OffPresenter::_ZThn4_N21Shutting_OffPresenter15setTimeoutValueEi(int)	0	static
C:/Github/Cable-Monitor/PM3-Cable_Monitor/Software/Cable-Monitor_TouchGFX/Cable_Monitor_Horwey/TouchGFX/gui/src/shutting_off_screen/Shutting_OffPresenter.cpp:4:1:Shutting_OffPresenter::Shutting_OffPresenter(Shutting_OffView&)	8	static
